******************************************************************************
                  TI ARM Linker PC v20.2.1                     
******************************************************************************
>> Linked Sat Oct  3 13:52:29 2020

OUTPUT FILE NAME:   <Lab_2.out>
ENTRY POINT SYMBOL: "_c_int00_noargs"  address: 00005835


MEMORY CONFIGURATION

         name            origin    length      used     unused   attr    fill
----------------------  --------  ---------  --------  --------  ----  --------
  FLASH                 00000000   00040000  00005d33  0003a2cd  R  X
  SRAM                  20000000   00008000  00002306  00005cfa  RW X


SEGMENT ALLOCATION MAP

run origin  load origin   length   init length attrs members
----------  ----------- ---------- ----------- ----- -------
00000000    00000000    00005d38   00005d38    r-x
  00000000    00000000    0000026c   0000026c    r-- .intvecs
  0000026c    0000026c    000057a0   000057a0    r-x .text
  00005a10    00005a10    000002d7   000002d7    r-- .const
  00005ce8    00005ce8    00000050   00000050    r-- .cinit
20000000    20000000    0000230d   00000000    rw-
  20000000    20000000    0000026c   00000000    rw- .vtable
  20000270    20000270    00001000   00000000    rw- .stack
  20001270    20001270    00001000   00000000    rw- .sysmem
  20002270    20002270    00000061   00000000    rw- .bss
  200022d4    200022d4    00000039   00000000    rw- .data


SECTION ALLOCATION MAP

 output                                  attributes/
section   page    origin      length       input sections
--------  ----  ----------  ----------   ----------------
.intvecs   0    00000000    0000026c     
                  00000000    0000026c     tm4c123gh6pm_startup_ccs.obj (.intvecs)

.text      0    0000026c    000057a0     
                  0000026c    00000c20     open_interface.obj (.text)
                  00000e8c    00000a4e     rtsv7M4_T_le_v4SPD16_eabi.lib : _printfi.c.obj (.text:__TI_printfi)
                  000018da    00000002                                   : _lock.c.obj (.text:_nop)
                  000018dc    000009c0                                   : e_pow.c.obj (.text:pow)
                  0000229c    00000738                                   : k_rem_pio2.c.obj (.text:__kernel_rem_pio2)
                  000029d4    000005dc                                   : s_cos.c.obj (.text:cos)
                  00002fb0    00000388     Main.obj (.text)
                  00003338    000002a8     libcybotUART.lib : uart.obj (.text)
                  000035e0    00000270     rtsv7M4_T_le_v4SPD16_eabi.lib : _printfi.c.obj (.text:_pconv_a)
                  00003850    00000248     Timer.obj (.text)
                  00003a98    000001d0     rtsv7M4_T_le_v4SPD16_eabi.lib : _printfi.c.obj (.text:_pconv_g)
                  00003c68    000001bc     libcybotScan.lib : ping.obj (.text)
                  00003e24    000001b6     rtsv7M4_T_le_v4SPD16_eabi.lib : fd_add_t2.asm.obj (.text)
                  00003fda    00000002                                   : div0.asm.obj (.text)
                  00003fdc    00000174                                   : k_sin.c.obj (.text:__kernel_sin)
                  00004150    0000016c                                   : k_cos.c.obj (.text:__kernel_cos)
                  000042bc    00000158                                   : e_sqrt.c.obj (.text:sqrt)
                  00004414    0000013c                                   : _printfi.c.obj (.text:_pconv_e)
                  00004550    00000136                                   : fd_div_t2.asm.obj (.text)
                  00004686    00000002     --HOLE-- [fill = 0]
                  00004688    00000134     movement.obj (.text)
                  000047bc    00000124     rtsv7M4_T_le_v4SPD16_eabi.lib : _printfi.c.obj (.text:fcvt)
                  000048e0    00000110                                   : s_scalbn.c.obj (.text:scalbn)
                  000049f0    00000108                                   : memory.c.obj (.text:aligned_alloc)
                  00004af8    000000fc                                   : fd_mul_t2.asm.obj (.text)
                  00004bf4    000000f8                                   : s_floor.c.obj (.text:floor)
                  00004cec    000000e4                                   : memory.c.obj (.text:free)
                  00004dd0    000000dc     libcybotScan.lib : ir.obj (.text)
                  00004eac    000000c4                      : servo.obj (.text)
                  00004f70    000000b1     rtsv7M4_T_le_v4SPD16_eabi.lib : _printfi.c.obj (.text:_ltostr)
                  00005021    00000001     --HOLE-- [fill = 0]
                  00005022    0000009c                                   : memcpy_t2.asm.obj (.text)
                  000050be    00000096                                   : ull_div_t2.asm.obj (.text)
                  00005154    00000086                                   : fd_cmp_t2.asm.obj (.text:__aeabi_cdcmple)
                  000051da    00000086                                   : fd_cmp_t2.asm.obj (.text:__aeabi_cdrcmple)
                  00005260    0000007a                                   : memset_t2.asm.obj (.text)
                  000052da    00000002     --HOLE-- [fill = 0]
                  000052dc    00000070                                   : memory.c.obj (.text:split)
                  0000534c    0000006e                                   : _printfi.c.obj (.text:_mcpy)
                  000053ba    0000006e                                   : fd_tos_t2.asm.obj (.text)
                  00005428    00000068                                   : copy_decompress_lzss.c.obj (.text:decompress:lzss:__TI_decompress_lzss)
                  00005490    00000064                                   : s_frexp.c.obj (.text:frexp)
                  000054f4    00000056                                   : _printfi.c.obj (.text:_pconv_f)
                  0000554a    00000054                                   : _ltoa.c.obj (.text:__TI_ltoa)
                  0000559e    00000052                                   : _printfi.c.obj (.text:_ecpy)
                  000055f0    0000004c                                   : atoi.c.obj (.text:atoi)
                  0000563c    00000048     libcybotScan.lib : cyBot_Scan.obj (.text)
                  00005684    00000048     rtsv7M4_T_le_v4SPD16_eabi.lib : fd_toi_t2.asm.obj (.text)
                  000056cc    00000044                                   : autoinit.c.obj (.text:__TI_auto_init_nobinit_nopinit:__TI_auto_init_nobinit_nopinit)
                  00005710    00000040                                   : sprintf.c.obj (.text:sprintf)
                  00005750    0000003e                                   : _printfi.c.obj (.text:_fcpy)
                  0000578e    00000002     --HOLE-- [fill = 0]
                  00005790    00000038                                   : memory.c.obj (.text:calloc)
                  000057c8    00000038                                   : fs_tod_t2.asm.obj (.text)
                  00005800    00000034     driverlib.lib : interrupt.obj (.text:IntRegister)
                  00005834    00000034     rtsv7M4_T_le_v4SPD16_eabi.lib : boot_cortex_m.c.obj (.text:_c_int00_noargs:_c_int00_noargs)
                  00005868    0000002e                                   : i_tofd_t2.asm.obj (.text)
                  00005896    00000002     --HOLE-- [fill = 0]
                  00005898    00000028                                   : memory.c.obj (.text:free_list_insert)
                  000058c0    0000001c                                   : copy_zero_init.c.obj (.text:decompress:ZI:__TI_zero_init_nomemset:__TI_zero_init_nomemset)
                  000058dc    0000001c                                   : memory.c.obj (.text:free_list_remove)
                  000058f8    0000001c                                   : memccpy.c.obj (.text:memccpy)
                  00005914    0000001a                                   : s_copysign.c.obj (.text:copysign)
                  0000592e    00000018                                   : sprintf.c.obj (.text:_outs)
                  00005946    00000018     open_interface.obj (.text:oi_parseInt)
                  0000595e    00000018     rtsv7M4_T_le_v4SPD16_eabi.lib : strcmp.c.obj (.text:strcmp)
                  00005976    00000016                                   : strchr.c.obj (.text:strchr)
                  0000598c    00000014                                   : strlen.c.obj (.text:strlen)
                  000059a0    00000012                                   : wcslen.c.obj (.text:wcslen)
                  000059b2    00000010     driverlib.lib : interrupt.obj (.text:IntMasterEnable)
                  000059c2    0000000e     rtsv7M4_T_le_v4SPD16_eabi.lib : copy_decompress_none.c.obj (.text:decompress:none:__TI_decompress_none)
                  000059d0    0000000c     driverlib.lib : cpu.obj (.text:CPUcpsie)
                  000059dc    0000000c     tm4c123gh6pm_startup_ccs.obj (.text)
                  000059e8    0000000a     rtsv7M4_T_le_v4SPD16_eabi.lib : sprintf.c.obj (.text:_outc)
                  000059f2    00000002     --HOLE-- [fill = 0]
                  000059f4    00000008                                   : errno.c.obj (.text:__aeabi_errno_addr)
                  000059fc    00000008                                   : memory.c.obj (.text:malloc)
                  00005a04    00000004                                   : pre_init.c.obj (.text:_system_pre_init)
                  00005a08    00000004                                   : exit.c.obj (.text:abort:abort)

.const     0    00005a10    000002d7     
                  00005a10    00000158     rtsv7M4_T_le_v4SPD16_eabi.lib : k_rem_pio2.c.obj (.const:$O1$$)
                  00005b68    00000101                                   : ctype.c.obj (.const:.string:_ctypes_)
                  00005c69    00000038     Main.obj (.const:.string:$P$T0$1)
                  00005ca1    00000007     --HOLE-- [fill = 0]
                  00005ca8    00000030     rtsv7M4_T_le_v4SPD16_eabi.lib : e_pow.c.obj (.const:$O1$$)
                  00005cd8    0000000f     open_interface.obj (.const:.string:$P$T0$3)

.cinit     0    00005ce8    00000050     
                  00005ce8    00000018     (.cinit..data.load) [load image, compression = lzss]
                  00005d00    0000000c     (__TI_handler_table)
                  00005d0c    00000004     --HOLE-- [fill = 0]
                  00005d10    00000008     (.cinit..bss.load) [load image, compression = zero_init]
                  00005d18    00000008     (.cinit..vtable.load) [load image, compression = zero_init]
                  00005d20    00000018     (__TI_cinit_table)

.init_array 
*          0    00000000    00000000     UNINITIALIZED

.vtable    0    20000000    0000026c     UNINITIALIZED
                  20000000    0000026c     driverlib.lib : interrupt.obj (.vtable)

.stack     0    20000270    00001000     UNINITIALIZED
                  20000270    00000004     rtsv7M4_T_le_v4SPD16_eabi.lib : boot_cortex_m.c.obj (.stack)
                  20000274    00000ffc     --HOLE--

.sysmem    0    20001270    00001000     UNINITIALIZED
                  20001270    00000010     rtsv7M4_T_le_v4SPD16_eabi.lib : memory.c.obj (.sysmem)
                  20001280    00000ff0     --HOLE--

.bss       0    20002270    00000061     UNINITIALIZED
                  20002270    00000034     (.common:isr_char_buffer)
                  200022a4    00000018     open_interface.obj (.bss:firmware$2)
                  200022bc    00000004     (.common:_timeout_ticks)
                  200022c0    00000004     (.common:fallingEdge)
                  200022c4    00000004     (.common:isr_int_value)
                  200022c8    00000004     (.common:pulseLength)
                  200022cc    00000004     (.common:risingEdge)
                  200022d0    00000001     (.common:isRisingEdge)

.data      0    200022d4    00000039     UNINITIALIZED
                  200022d4    00000020     open_interface.obj (.data)
                  200022f4    00000008     rtsv7M4_T_le_v4SPD16_eabi.lib : _lock.c.obj (.data:$O1$$)
                  200022fc    00000008                                   : memory.c.obj (.data:$O1$$)
                  20002304    00000004     libcybotUART.lib : uart.obj (.data)
                  20002308    00000004     rtsv7M4_T_le_v4SPD16_eabi.lib : errno.c.obj (.data)
                  2000230c    00000001     Timer.obj (.data)

__llvm_prf_cnts 
*          0    20000000    00000000     UNINITIALIZED

MODULE SUMMARY

       Module                         code    ro data   rw data
       ------                         ----    -------   -------
    .\
       open_interface.obj             3128    15        56     
       Main.obj                       904     56        0      
       tm4c123gh6pm_startup_ccs.obj   12      620       0      
       Timer.obj                      584     0         5      
       movement.obj                   308     0         0      
    +--+------------------------------+-------+---------+---------+
       Total:                         4936    691       61     
                                                               
    ../libcybotScan.lib
       ping.obj                       444     0         13     
       ir.obj                         220     0         4      
       servo.obj                      196     0         0      
       cyBot_Scan.obj                 72      0         0      
    +--+------------------------------+-------+---------+---------+
       Total:                         932     0         17     
                                                               
    ../libcybotUART.lib
       uart.obj                       680     0         56     
    +--+------------------------------+-------+---------+---------+
       Total:                         680     0         56     
                                                               
    C:/ti/TivaWare_C_Series-2.1.4.178/driverlib/ccs/Debug/driverlib.lib
       interrupt.obj                  68      0         620    
       cpu.obj                        12      0         0      
    +--+------------------------------+-------+---------+---------+
       Total:                         80      0         620    
                                                               
    C:\ti\ccs1010\ccs\tools\compiler\ti-cgt-arm_20.2.1.LTS\lib\rtsv7M4_T_le_v4SPD16_eabi.lib
       _printfi.c.obj                 4851    0         0      
       e_pow.c.obj                    2496    48        0      
       k_rem_pio2.c.obj               1848    344       0      
       s_cos.c.obj                    1500    0         0      
       memory.c.obj                   736     0         8      
       fd_add_t2.asm.obj              438     0         0      
       k_sin.c.obj                    372     0         0      
       k_cos.c.obj                    364     0         0      
       e_sqrt.c.obj                   344     0         0      
       fd_div_t2.asm.obj              310     0         0      
       s_scalbn.c.obj                 272     0         0      
       fd_cmp_t2.asm.obj              268     0         0      
       ctype.c.obj                    0       257       0      
       fd_mul_t2.asm.obj              252     0         0      
       s_floor.c.obj                  248     0         0      
       memcpy_t2.asm.obj              156     0         0      
       ull_div_t2.asm.obj             150     0         0      
       memset_t2.asm.obj              122     0         0      
       fd_tos_t2.asm.obj              110     0         0      
       copy_decompress_lzss.c.obj     104     0         0      
       s_frexp.c.obj                  100     0         0      
       sprintf.c.obj                  98      0         0      
       _ltoa.c.obj                    84      0         0      
       atoi.c.obj                     76      0         0      
       fd_toi_t2.asm.obj              72      0         0      
       autoinit.c.obj                 68      0         0      
       fs_tod_t2.asm.obj              56      0         0      
       boot_cortex_m.c.obj            52      0         0      
       i_tofd_t2.asm.obj              46      0         0      
       copy_zero_init.c.obj           28      0         0      
       memccpy.c.obj                  28      0         0      
       s_copysign.c.obj               26      0         0      
       strcmp.c.obj                   24      0         0      
       strchr.c.obj                   22      0         0      
       strlen.c.obj                   20      0         0      
       wcslen.c.obj                   18      0         0      
       copy_decompress_none.c.obj     14      0         0      
       errno.c.obj                    8       0         4      
       _lock.c.obj                    2       0         8      
       exit.c.obj                     4       0         0      
       pre_init.c.obj                 4       0         0      
       div0.asm.obj                   2       0         0      
    +--+------------------------------+-------+---------+---------+
       Total:                         15793   649       20     
                                                               
       Heap:                          0       0         4096   
       Stack:                         0       0         4096   
       Linker Generated:              0       76        0      
    +--+------------------------------+-------+---------+---------+
       Grand Total:                   22421   1416      8966   


LINKER GENERATED COPY TABLES

__TI_cinit_table @ 00005d20 records: 3, size/record: 8, table size: 24
	.data: load addr=00005ce8, load size=00000018 bytes, run addr=200022d4, run size=00000039 bytes, compression=lzss
	.bss: load addr=00005d10, load size=00000008 bytes, run addr=20002270, run size=00000061 bytes, compression=zero_init
	.vtable: load addr=00005d18, load size=00000008 bytes, run addr=20000000, run size=0000026c bytes, compression=zero_init


LINKER GENERATED HANDLER TABLE

__TI_handler_table @ 00005d00 records: 3, size/record: 4, table size: 12
	index: 0, handler: __TI_zero_init
	index: 1, handler: __TI_decompress_lzss
	index: 2, handler: __TI_decompress_none


GLOBAL SYMBOLS: SORTED ALPHABETICALLY BY Name 

address   name                          
-------   ----                          
00004e7d  ADC0SS0_Handler               
00005a09  C$$EXIT                       
000059d1  CPUcpsie                      
00000bc3  GPIOF_Handler                 
000059b3  IntMasterEnable               
00005801  IntRegister                   
000059dd  ResetISR                      
00003da5  TIMER3B_Handler               
20001270  __STACK_END                   
00001000  __STACK_SIZE                  
20000470  __STACK_TOP                   
00001000  __SYSMEM_SIZE                 
00005d20  __TI_CINIT_Base               
00005d38  __TI_CINIT_Limit              
00005d00  __TI_Handler_Table_Base       
00005d0c  __TI_Handler_Table_Limit      
000056cd  __TI_auto_init_nobinit_nopinit
00005429  __TI_decompress_lzss          
000059c3  __TI_decompress_none          
0000554b  __TI_ltoa                     
ffffffff  __TI_pprof_out_hndl           
00000e8d  __TI_printfi                  
ffffffff  __TI_prof_data_size           
ffffffff  __TI_prof_data_start          
00000000  __TI_static_base__            
000058c1  __TI_zero_init_nomemset       
00005155  __aeabi_cdcmpeq               
00005155  __aeabi_cdcmple               
000051db  __aeabi_cdrcmple              
000053bb  __aeabi_d2f                   
00005685  __aeabi_d2iz                  
00003e2f  __aeabi_dadd                  
00004551  __aeabi_ddiv                  
00004af9  __aeabi_dmul                  
00003e25  __aeabi_dsub                  
000059f5  __aeabi_errno_addr            
000057c9  __aeabi_f2d                   
00005869  __aeabi_i2d                   
00003fdb  __aeabi_idiv0                 
00003fdb  __aeabi_ldiv0                 
00005261  __aeabi_memclr                
00005261  __aeabi_memclr4               
00005261  __aeabi_memclr8               
00005023  __aeabi_memcpy                
00005023  __aeabi_memcpy4               
00005023  __aeabi_memcpy8               
00005263  __aeabi_memset                
00005263  __aeabi_memset4               
00005263  __aeabi_memset8               
000050bf  __aeabi_uldivmod              
ffffffff  __binit__                     
ffffffff  __c_args__                    
00004151  __kernel_cos                  
0000229d  __kernel_rem_pio2             
00003fdd  __kernel_sin                  
UNDEFED   __mpu_init                    
20000270  __stack                       
20000000  __start___llvm_prf_cnts       
20000000  __stop___llvm_prf_cnts        
00005835  _c_int00_noargs               
00005b68  _ctypes_                      
200022f4  _lock                         
000018db  _nop                          
2000230c  _running                      
20001270  _sys_memory                   
UNDEFED   _system_post_cinit            
00005a05  _system_pre_init              
200022bc  _timeout_ticks                
200022f8  _unlock                       
00005a09  abort                         
000049f1  aligned_alloc                 
000055f1  atoi                          
ffffffff  binit                         
00005791  calloc                        
00005915  copysign                      
00005915  copysignl                     
000029d5  cos                           
000029d5  cosl                          
0000564d  cyBOT_Scan                    
0000563d  cyBOT_init_Scan               
00003585  cyBot_UART1_Handler           
00003577  cyBot_getByte_blocking        
00003557  cyBot_getByte_nonblocking     
00003339  cyBot_sendByte                
0000353d  cyBot_uart_flush              
000034a7  cyBot_uart_init               
00003447  cyBot_uart_init_PHJ_first_half
000033ef  cyBot_uart_init_clean         
00003377  cyBot_uart_init_last_half     
0000335f  cyBot_uart_sendBuffer         
00003345  cyBot_uart_sendStr            
20002308  errno                         
200022c0  fallingEdge                   
00004bf5  floor                         
00004bf5  floorl                        
00004ced  free                          
00005491  frexp                         
00005491  frexpl                        
20000000  g_pfnRAMVectors               
00000000  g_pfnVectors                  
0000097f  go_charge                     
00004e4d  ir_enableInterrupt            
00004e45  ir_getDistance                
00004e31  ir_getValue                   
00004dd1  ir_init                       
200022d0  isRisingEdge                  
20002270  isr_char_buffer               
20002304  isr_counter                   
200022c4  isr_int_value                 
000048e1  ldexp                         
000048e1  ldexpl                        
00002fb1  main                          
000059fd  malloc                        
000049f1  memalign                      
000058f9  memccpy                       
00005023  memcpy                        
00005269  memset                        
200022d4  motor_cal_factor_L            
200022d8  motor_cal_factor_R            
000046d5  move_backward                 
00004689  move_forward                  
0000026d  oi_alloc                      
00000aa9  oi_checkFirmware              
000002c7  oi_close                      
00000279  oi_free                       
00000ded  oi_getMotorCalibrationLeft    
00000e01  oi_getMotorCalibrationRight   
000002b1  oi_init                       
00000289  oi_init_noupdate              
00000915  oi_loadSong                   
00005947  oi_parseInt                   
0000032b  oi_parsePacket                
0000096b  oi_play_song                  
0000084b  oi_setLeds                    
00000db1  oi_setMotorCalibration        
0000088f  oi_setWheels                  
00000b51  oi_shutoff_init               
0000098d  oi_uartInit                   
00000a31  oi_uartReceive                
00000a77  oi_uartSendBuff               
00000a15  oi_uartSendChar               
00000a59  oi_uartSendStr                
000002d9  oi_update                     
00003d6f  ping_getDistance              
00003ccd  ping_init                     
00003c69  ping_trigger                  
000018dd  pow                           
000018dd  powl                          
200022c8  pulseLength                   
200022cc  risingEdge                    
000048e1  scalbn                        
000048e1  scalbnl                       
00004eeb  servo_init                    
00004ecb  servo_move                    
00004eb9  servo_setPWM                  
00004ead  servo_stop                    
00005711  sprintf                       
000042bd  sqrt                          
000042bd  sqrtl                         
00005977  strchr                        
0000595f  strcmp                        
0000598d  strlen                        
0000396f  timer_getMicros               
00003917  timer_getMillis               
00003851  timer_init                    
000038f3  timer_pause                   
00003905  timer_resume                  
000038c9  timer_stop                    
000039c9  timer_waitMicros              
000039fb  timer_waitMillis              
0000471d  turn_left                     
0000476d  turn_right                    
000059a1  wcslen                        


GLOBAL SYMBOLS: SORTED BY Symbol Address 

address   name                          
-------   ----                          
00000000  __TI_static_base__            
00000000  g_pfnVectors                  
0000026d  oi_alloc                      
00000279  oi_free                       
00000289  oi_init_noupdate              
000002b1  oi_init                       
000002c7  oi_close                      
000002d9  oi_update                     
0000032b  oi_parsePacket                
0000084b  oi_setLeds                    
0000088f  oi_setWheels                  
00000915  oi_loadSong                   
0000096b  oi_play_song                  
0000097f  go_charge                     
0000098d  oi_uartInit                   
00000a15  oi_uartSendChar               
00000a31  oi_uartReceive                
00000a59  oi_uartSendStr                
00000a77  oi_uartSendBuff               
00000aa9  oi_checkFirmware              
00000b51  oi_shutoff_init               
00000bc3  GPIOF_Handler                 
00000db1  oi_setMotorCalibration        
00000ded  oi_getMotorCalibrationLeft    
00000e01  oi_getMotorCalibrationRight   
00000e8d  __TI_printfi                  
00001000  __STACK_SIZE                  
00001000  __SYSMEM_SIZE                 
000018db  _nop                          
000018dd  pow                           
000018dd  powl                          
0000229d  __kernel_rem_pio2             
000029d5  cos                           
000029d5  cosl                          
00002fb1  main                          
00003339  cyBot_sendByte                
00003345  cyBot_uart_sendStr            
0000335f  cyBot_uart_sendBuffer         
00003377  cyBot_uart_init_last_half     
000033ef  cyBot_uart_init_clean         
00003447  cyBot_uart_init_PHJ_first_half
000034a7  cyBot_uart_init               
0000353d  cyBot_uart_flush              
00003557  cyBot_getByte_nonblocking     
00003577  cyBot_getByte_blocking        
00003585  cyBot_UART1_Handler           
00003851  timer_init                    
000038c9  timer_stop                    
000038f3  timer_pause                   
00003905  timer_resume                  
00003917  timer_getMillis               
0000396f  timer_getMicros               
000039c9  timer_waitMicros              
000039fb  timer_waitMillis              
00003c69  ping_trigger                  
00003ccd  ping_init                     
00003d6f  ping_getDistance              
00003da5  TIMER3B_Handler               
00003e25  __aeabi_dsub                  
00003e2f  __aeabi_dadd                  
00003fdb  __aeabi_idiv0                 
00003fdb  __aeabi_ldiv0                 
00003fdd  __kernel_sin                  
00004151  __kernel_cos                  
000042bd  sqrt                          
000042bd  sqrtl                         
00004551  __aeabi_ddiv                  
00004689  move_forward                  
000046d5  move_backward                 
0000471d  turn_left                     
0000476d  turn_right                    
000048e1  ldexp                         
000048e1  ldexpl                        
000048e1  scalbn                        
000048e1  scalbnl                       
000049f1  aligned_alloc                 
000049f1  memalign                      
00004af9  __aeabi_dmul                  
00004bf5  floor                         
00004bf5  floorl                        
00004ced  free                          
00004dd1  ir_init                       
00004e31  ir_getValue                   
00004e45  ir_getDistance                
00004e4d  ir_enableInterrupt            
00004e7d  ADC0SS0_Handler               
00004ead  servo_stop                    
00004eb9  servo_setPWM                  
00004ecb  servo_move                    
00004eeb  servo_init                    
00005023  __aeabi_memcpy                
00005023  __aeabi_memcpy4               
00005023  __aeabi_memcpy8               
00005023  memcpy                        
000050bf  __aeabi_uldivmod              
00005155  __aeabi_cdcmpeq               
00005155  __aeabi_cdcmple               
000051db  __aeabi_cdrcmple              
00005261  __aeabi_memclr                
00005261  __aeabi_memclr4               
00005261  __aeabi_memclr8               
00005263  __aeabi_memset                
00005263  __aeabi_memset4               
00005263  __aeabi_memset8               
00005269  memset                        
000053bb  __aeabi_d2f                   
00005429  __TI_decompress_lzss          
00005491  frexp                         
00005491  frexpl                        
0000554b  __TI_ltoa                     
000055f1  atoi                          
0000563d  cyBOT_init_Scan               
0000564d  cyBOT_Scan                    
00005685  __aeabi_d2iz                  
000056cd  __TI_auto_init_nobinit_nopinit
00005711  sprintf                       
00005791  calloc                        
000057c9  __aeabi_f2d                   
00005801  IntRegister                   
00005835  _c_int00_noargs               
00005869  __aeabi_i2d                   
000058c1  __TI_zero_init_nomemset       
000058f9  memccpy                       
00005915  copysign                      
00005915  copysignl                     
00005947  oi_parseInt                   
0000595f  strcmp                        
00005977  strchr                        
0000598d  strlen                        
000059a1  wcslen                        
000059b3  IntMasterEnable               
000059c3  __TI_decompress_none          
000059d1  CPUcpsie                      
000059dd  ResetISR                      
000059f5  __aeabi_errno_addr            
000059fd  malloc                        
00005a05  _system_pre_init              
00005a09  C$$EXIT                       
00005a09  abort                         
00005b68  _ctypes_                      
00005d00  __TI_Handler_Table_Base       
00005d0c  __TI_Handler_Table_Limit      
00005d20  __TI_CINIT_Base               
00005d38  __TI_CINIT_Limit              
20000000  __start___llvm_prf_cnts       
20000000  __stop___llvm_prf_cnts        
20000000  g_pfnRAMVectors               
20000270  __stack                       
20000470  __STACK_TOP                   
20001270  __STACK_END                   
20001270  _sys_memory                   
20002270  isr_char_buffer               
200022bc  _timeout_ticks                
200022c0  fallingEdge                   
200022c4  isr_int_value                 
200022c8  pulseLength                   
200022cc  risingEdge                    
200022d0  isRisingEdge                  
200022d4  motor_cal_factor_L            
200022d8  motor_cal_factor_R            
200022f4  _lock                         
200022f8  _unlock                       
20002304  isr_counter                   
20002308  errno                         
2000230c  _running                      
ffffffff  __TI_pprof_out_hndl           
ffffffff  __TI_prof_data_size           
ffffffff  __TI_prof_data_start          
ffffffff  __binit__                     
ffffffff  __c_args__                    
ffffffff  binit                         
UNDEFED   __mpu_init                    
UNDEFED   _system_post_cinit            

[173 symbols]
