******************************************************************************
                  TI ARM Linker PC v20.2.1                     
******************************************************************************
>> Linked Thu Oct 29 19:05:43 2020

OUTPUT FILE NAME:   <Lab_2.out>
ENTRY POINT SYMBOL: "_c_int00_noargs"  address: 00005e99


MEMORY CONFIGURATION

         name            origin    length      used     unused   attr    fill
----------------------  --------  ---------  --------  --------  ----  --------
  FLASH                 00000000   00040000  0000641f  00039be1  R  X
  SRAM                  20000000   00008000  0000236f  00005c91  RW X


SEGMENT ALLOCATION MAP

run origin  load origin   length   init length attrs members
----------  ----------- ---------- ----------- ----- -------
00000000    00000000    00006428   00006428    r-x
  00000000    00000000    0000026c   0000026c    r-- .intvecs
  0000026c    0000026c    00005e90   00005e90    r-x .text
  00006100    00006100    000002db   000002db    r-- .const
  000063e0    000063e0    00000048   00000048    r-- .cinit
20000000    20000000    00002375   00000000    rw-
  20000000    20000000    0000026c   00000000    rw- .vtable
  20000270    20000270    00001000   00000000    rw- .stack
  20001270    20001270    00001000   00000000    rw- .sysmem
  20002270    20002270    000000b6   00000000    rw- .bss
  20002328    20002328    0000004d   00000000    rw- .data


SECTION ALLOCATION MAP

 output                                  attributes/
section   page    origin      length       input sections
--------  ----  ----------  ----------   ----------------
.intvecs   0    00000000    0000026c     
                  00000000    0000026c     tm4c123gh6pm_startup_ccs.obj (.intvecs)

.text      0    0000026c    00005e90     
                  0000026c    00000c20     open_interface.obj (.text)
                  00000e8c    00000a4e     rtsv7M4_T_le_v4SPD16_eabi.lib : _printfi.c.obj (.text:__TI_printfi)
                  000018da    00000002                                   : _lock.c.obj (.text:_nop)
                  000018dc    000009c0                                   : e_pow.c.obj (.text:pow)
                  0000229c    00000738                                   : k_rem_pio2.c.obj (.text:__kernel_rem_pio2)
                  000029d4    000005dc                                   : s_cos.c.obj (.text:cos)
                  00002fb0    00000388     lab7_main.obj (.text)
                  00003338    00000328     lcd.obj (.text)
                  00003660    000002a8     libcybotUART.lib : uart.obj (.text)
                  00003908    000002a8     ping.obj (.text)
                  00003bb0    00000270     rtsv7M4_T_le_v4SPD16_eabi.lib : _printfi.c.obj (.text:_pconv_a)
                  00003e20    00000248     Timer.obj (.text)
                  00004068    000001d0     rtsv7M4_T_le_v4SPD16_eabi.lib : _printfi.c.obj (.text:_pconv_g)
                  00004238    000001bc     libcybotScan.lib : ping.obj (.text)
                  000043f4    000001b6     rtsv7M4_T_le_v4SPD16_eabi.lib : fd_add_t2.asm.obj (.text)
                  000045aa    00000002                                   : div0.asm.obj (.text)
                  000045ac    00000174                                   : k_sin.c.obj (.text:__kernel_sin)
                  00004720    0000016c                                   : k_cos.c.obj (.text:__kernel_cos)
                  0000488c    00000158                                   : e_sqrt.c.obj (.text:sqrt)
                  000049e4    0000013c                                   : _printfi.c.obj (.text:_pconv_e)
                  00004b20    00000136                                   : fd_div_t2.asm.obj (.text)
                  00004c56    00000002     --HOLE-- [fill = 0]
                  00004c58    00000134     movement.obj (.text)
                  00004d8c    00000124     rtsv7M4_T_le_v4SPD16_eabi.lib : _printfi.c.obj (.text:fcvt)
                  00004eb0    00000118     servo.obj (.text)
                  00004fc8    00000110     rtsv7M4_T_le_v4SPD16_eabi.lib : s_scalbn.c.obj (.text:scalbn)
                  000050d8    00000108                                   : memory.c.obj (.text:aligned_alloc)
                  000051e0    000000fc                                   : fd_mul_t2.asm.obj (.text)
                  000052dc    000000f8                                   : s_floor.c.obj (.text:floor)
                  000053d4    000000e4                                   : memory.c.obj (.text:free)
                  000054b8    000000dc     libcybotScan.lib : ir.obj (.text)
                  00005594    000000b1     rtsv7M4_T_le_v4SPD16_eabi.lib : _printfi.c.obj (.text:_ltostr)
                  00005645    00000001     --HOLE-- [fill = 0]
                  00005646    0000009c                                   : memcpy_t2.asm.obj (.text)
                  000056e2    00000096                                   : ull_div_t2.asm.obj (.text)
                  00005778    00000086                                   : fd_cmp_t2.asm.obj (.text:__aeabi_cdcmple)
                  000057fe    00000086                                   : fd_cmp_t2.asm.obj (.text:__aeabi_cdrcmple)
                  00005884    0000007a                                   : memset_t2.asm.obj (.text)
                  000058fe    00000002     --HOLE-- [fill = 0]
                  00005900    00000070                                   : memory.c.obj (.text:split)
                  00005970    0000006e                                   : _printfi.c.obj (.text:_mcpy)
                  000059de    0000006e                                   : fd_tos_t2.asm.obj (.text)
                  00005a4c    00000068                                   : copy_decompress_lzss.c.obj (.text:decompress:lzss:__TI_decompress_lzss)
                  00005ab4    00000064                                   : s_frexp.c.obj (.text:frexp)
                  00005b18    00000056                                   : _printfi.c.obj (.text:_pconv_f)
                  00005b6e    00000054                                   : _ltoa.c.obj (.text:__TI_ltoa)
                  00005bc2    00000052                                   : _printfi.c.obj (.text:_ecpy)
                  00005c14    0000004c                                   : atoi.c.obj (.text:atoi)
                  00005c60    00000048     libcybotScan.lib : cyBot_Scan.obj (.text)
                  00005ca8    00000048     rtsv7M4_T_le_v4SPD16_eabi.lib : fd_toi_t2.asm.obj (.text)
                  00005cf0    00000044                                   : autoinit.c.obj (.text:__TI_auto_init_nobinit_nopinit:__TI_auto_init_nobinit_nopinit)
                  00005d34    00000040                                   : sprintf.c.obj (.text:sprintf)
                  00005d74    00000040                                   : vsnprintf.c.obj (.text:vsnprintf)
                  00005db4    0000003e                                   : _printfi.c.obj (.text:_fcpy)
                  00005df2    00000002     --HOLE-- [fill = 0]
                  00005df4    00000038                                   : memory.c.obj (.text:calloc)
                  00005e2c    00000038                                   : fs_tod_t2.asm.obj (.text)
                  00005e64    00000034     driverlib.lib : interrupt.obj (.text:IntRegister)
                  00005e98    00000034     rtsv7M4_T_le_v4SPD16_eabi.lib : boot_cortex_m.c.obj (.text:_c_int00_noargs:_c_int00_noargs)
                  00005ecc    00000030                                   : vsnprintf.c.obj (.text:_outs)
                  00005efc    0000002e                                   : i_tofd_t2.asm.obj (.text)
                  00005f2a    00000002     --HOLE-- [fill = 0]
                  00005f2c    00000028                                   : memory.c.obj (.text:free_list_insert)
                  00005f54    00000020                                   : u_tofd_t2.asm.obj (.text)
                  00005f74    0000001c                                   : copy_zero_init.c.obj (.text:decompress:ZI:__TI_zero_init_nomemset:__TI_zero_init_nomemset)
                  00005f90    0000001c                                   : memory.c.obj (.text:free_list_remove)
                  00005fac    0000001c                                   : memccpy.c.obj (.text:memccpy)
                  00005fc8    0000001a                                   : s_copysign.c.obj (.text:copysign)
                  00005fe2    00000018                                   : vsnprintf.c.obj (.text:_outc)
                  00005ffa    00000018                                   : sprintf.c.obj (.text:_outs)
                  00006012    00000018     open_interface.obj (.text:oi_parseInt)
                  0000602a    00000018     rtsv7M4_T_le_v4SPD16_eabi.lib : strcmp.c.obj (.text:strcmp)
                  00006042    00000016                                   : strchr.c.obj (.text:strchr)
                  00006058    00000014                                   : strcpy.c.obj (.text:strcpy)
                  0000606c    00000014                                   : strlen.c.obj (.text:strlen)
                  00006080    00000012                                   : wcslen.c.obj (.text:wcslen)
                  00006092    00000010     driverlib.lib : interrupt.obj (.text:IntMasterEnable)
                  000060a2    00000010     lcd.obj (.text:lcd_clear)
                  000060b2    0000000e     rtsv7M4_T_le_v4SPD16_eabi.lib : copy_decompress_none.c.obj (.text:decompress:none:__TI_decompress_none)
                  000060c0    0000000c     driverlib.lib : cpu.obj (.text:CPUcpsie)
                  000060cc    0000000c     tm4c123gh6pm_startup_ccs.obj (.text)
                  000060d8    0000000a     rtsv7M4_T_le_v4SPD16_eabi.lib : sprintf.c.obj (.text:_outc)
                  000060e2    00000002     --HOLE-- [fill = 0]
                  000060e4    00000008                                   : errno.c.obj (.text:__aeabi_errno_addr)
                  000060ec    00000008                                   : memory.c.obj (.text:malloc)
                  000060f4    00000004                                   : pre_init.c.obj (.text:_system_pre_init)
                  000060f8    00000004                                   : exit.c.obj (.text:abort:abort)

.const     0    00006100    000002db     
                  00006100    00000158     rtsv7M4_T_le_v4SPD16_eabi.lib : k_rem_pio2.c.obj (.const:$O1$$)
                  00006258    00000101                                   : ctype.c.obj (.const:.string:_ctypes_)
                  00006359    00000038     lab7_main.obj (.const:.string:$P$T0$1)
                  00006391    00000004     lcd.obj (.const:.string:lineAddress$1)
                  00006395    00000003     --HOLE-- [fill = 0]
                  00006398    00000030     rtsv7M4_T_le_v4SPD16_eabi.lib : e_pow.c.obj (.const:$O1$$)
                  000063c8    0000000f     open_interface.obj (.const:.string:$P$T0$3)
                  000063d7    00000004     lcd.obj (.const:.string:lineAddresses$2)

.cinit     0    000063e0    00000048     
                  000063e0    00000013     (.cinit..data.load) [load image, compression = lzss]
                  000063f3    00000001     --HOLE-- [fill = 0]
                  000063f4    0000000c     (__TI_handler_table)
                  00006400    00000008     (.cinit..bss.load) [load image, compression = zero_init]
                  00006408    00000008     (.cinit..vtable.load) [load image, compression = zero_init]
                  00006410    00000018     (__TI_cinit_table)

.init_array 
*          0    00000000    00000000     UNINITIALIZED

.vtable    0    20000000    0000026c     UNINITIALIZED
                  20000000    0000026c     driverlib.lib : interrupt.obj (.vtable)

.stack     0    20000270    00001000     UNINITIALIZED
                  20000270    00000004     rtsv7M4_T_le_v4SPD16_eabi.lib : boot_cortex_m.c.obj (.stack)
                  20000274    00000ffc     --HOLE--

.sysmem    0    20001270    00001000     UNINITIALIZED
                  20001270    00000010     rtsv7M4_T_le_v4SPD16_eabi.lib : memory.c.obj (.sysmem)
                  20001280    00000ff0     --HOLE--

.bss       0    20002270    000000b6     UNINITIALIZED
                  20002270    00000054     lcd.obj (.bss:lastbuffer$3)
                  200022c4    00000034     (.common:isr_char_buffer)
                  200022f8    00000018     open_interface.obj (.bss:firmware$2)
                  20002310    00000004     (.common:_timeout_ticks)
                  20002314    00000004     (.common:fallingEdge)
                  20002318    00000004     (.common:isr_int_value)
                  2000231c    00000004     (.common:pulseLength)
                  20002320    00000004     (.common:risingEdge)
                  20002324    00000001     (.common:isRisingEdge)
                  20002325    00000001     (.common:state)

.data      0    20002328    0000004d     UNINITIALIZED
                  20002328    00000020     open_interface.obj (.data)
                  20002348    00000014     ping.obj (.data)
                  2000235c    00000008     rtsv7M4_T_le_v4SPD16_eabi.lib : _lock.c.obj (.data:$O1$$)
                  20002364    00000008                                   : memory.c.obj (.data:$O1$$)
                  2000236c    00000004     libcybotUART.lib : uart.obj (.data)
                  20002370    00000004     rtsv7M4_T_le_v4SPD16_eabi.lib : errno.c.obj (.data)
                  20002374    00000001     Timer.obj (.data)

__llvm_prf_cnts 
*          0    20000000    00000000     UNINITIALIZED

MODULE SUMMARY

       Module                         code    ro data   rw data
       ------                         ----    -------   -------
    .\
       open_interface.obj             3128    15        56     
       lab7_main.obj                  904     56        0      
       lcd.obj                        824     8         84     
       ping.obj                       680     0         21     
       tm4c123gh6pm_startup_ccs.obj   12      620       0      
       Timer.obj                      584     0         5      
       movement.obj                   308     0         0      
       servo.obj                      280     0         0      
    +--+------------------------------+-------+---------+---------+
       Total:                         6720    699       166    
                                                               
    ../libcybotScan.lib
       ping.obj                       444     0         13     
       ir.obj                         220     0         4      
       cyBot_Scan.obj                 72      0         0      
    +--+------------------------------+-------+---------+---------+
       Total:                         736     0         17     
                                                               
    ../libcybotUART.lib
       uart.obj                       680     0         56     
    +--+------------------------------+-------+---------+---------+
       Total:                         680     0         56     
                                                               
    C:/ti/TivaWare_C_Series-2.1.4.178/driverlib/ccs/Debug/driverlib.lib
       interrupt.obj                  68      0         620    
       cpu.obj                        12      0         0      
    +--+------------------------------+-------+---------+---------+
       Total:                         80      0         620    
                                                               
    C:\ti\ccs1010\ccs\tools\compiler\ti-cgt-arm_20.2.1.LTS\lib\rtsv7M4_T_le_v4SPD16_eabi.lib
       _printfi.c.obj                 4851    0         0      
       e_pow.c.obj                    2496    48        0      
       k_rem_pio2.c.obj               1848    344       0      
       s_cos.c.obj                    1500    0         0      
       memory.c.obj                   736     0         8      
       fd_add_t2.asm.obj              438     0         0      
       k_sin.c.obj                    372     0         0      
       k_cos.c.obj                    364     0         0      
       e_sqrt.c.obj                   344     0         0      
       fd_div_t2.asm.obj              310     0         0      
       s_scalbn.c.obj                 272     0         0      
       fd_cmp_t2.asm.obj              268     0         0      
       ctype.c.obj                    0       257       0      
       fd_mul_t2.asm.obj              252     0         0      
       s_floor.c.obj                  248     0         0      
       memcpy_t2.asm.obj              156     0         0      
       ull_div_t2.asm.obj             150     0         0      
       vsnprintf.c.obj                136     0         0      
       memset_t2.asm.obj              122     0         0      
       fd_tos_t2.asm.obj              110     0         0      
       copy_decompress_lzss.c.obj     104     0         0      
       s_frexp.c.obj                  100     0         0      
       sprintf.c.obj                  98      0         0      
       _ltoa.c.obj                    84      0         0      
       atoi.c.obj                     76      0         0      
       fd_toi_t2.asm.obj              72      0         0      
       autoinit.c.obj                 68      0         0      
       fs_tod_t2.asm.obj              56      0         0      
       boot_cortex_m.c.obj            52      0         0      
       i_tofd_t2.asm.obj              46      0         0      
       u_tofd_t2.asm.obj              32      0         0      
       copy_zero_init.c.obj           28      0         0      
       memccpy.c.obj                  28      0         0      
       s_copysign.c.obj               26      0         0      
       strcmp.c.obj                   24      0         0      
       strchr.c.obj                   22      0         0      
       strcpy.c.obj                   20      0         0      
       strlen.c.obj                   20      0         0      
       wcslen.c.obj                   18      0         0      
       copy_decompress_none.c.obj     14      0         0      
       errno.c.obj                    8       0         4      
       _lock.c.obj                    2       0         8      
       exit.c.obj                     4       0         0      
       pre_init.c.obj                 4       0         0      
       div0.asm.obj                   2       0         0      
    +--+------------------------------+-------+---------+---------+
       Total:                         15981   649       20     
                                                               
       Heap:                          0       0         4096   
       Stack:                         0       0         4096   
       Linker Generated:              0       71        0      
    +--+------------------------------+-------+---------+---------+
       Grand Total:                   24197   1419      9071   


LINKER GENERATED COPY TABLES

__TI_cinit_table @ 00006410 records: 3, size/record: 8, table size: 24
	.data: load addr=000063e0, load size=00000013 bytes, run addr=20002328, run size=0000004d bytes, compression=lzss
	.bss: load addr=00006400, load size=00000008 bytes, run addr=20002270, run size=000000b6 bytes, compression=zero_init
	.vtable: load addr=00006408, load size=00000008 bytes, run addr=20000000, run size=0000026c bytes, compression=zero_init


LINKER GENERATED HANDLER TABLE

__TI_handler_table @ 000063f4 records: 3, size/record: 4, table size: 12
	index: 0, handler: __TI_zero_init
	index: 1, handler: __TI_decompress_lzss
	index: 2, handler: __TI_decompress_none


GLOBAL SYMBOLS: SORTED ALPHABETICALLY BY Name 

address   name                          
-------   ----                          
00005565  ADC0SS0_Handler               
000060f9  C$$EXIT                       
000060c1  CPUcpsie                      
00000bc3  GPIOF_Handler                 
00006093  IntMasterEnable               
00005e65  IntRegister                   
20002354  OF                            
20002358  OFN                           
000060cd  ResetISR                      
00003909  TIMER1A_HANDLER               
00004375  TIMER3B_Handler               
20001270  __STACK_END                   
00001000  __STACK_SIZE                  
20000470  __STACK_TOP                   
00001000  __SYSMEM_SIZE                 
00006410  __TI_CINIT_Base               
00006428  __TI_CINIT_Limit              
000063f4  __TI_Handler_Table_Base       
00006400  __TI_Handler_Table_Limit      
00005cf1  __TI_auto_init_nobinit_nopinit
00005a4d  __TI_decompress_lzss          
000060b3  __TI_decompress_none          
00005b6f  __TI_ltoa                     
ffffffff  __TI_pprof_out_hndl           
00000e8d  __TI_printfi                  
ffffffff  __TI_prof_data_size           
ffffffff  __TI_prof_data_start          
00000000  __TI_static_base__            
00005f75  __TI_zero_init_nomemset       
00005779  __aeabi_cdcmpeq               
00005779  __aeabi_cdcmple               
000057ff  __aeabi_cdrcmple              
000059df  __aeabi_d2f                   
00005ca9  __aeabi_d2iz                  
000043ff  __aeabi_dadd                  
00004b21  __aeabi_ddiv                  
000051e1  __aeabi_dmul                  
000043f5  __aeabi_dsub                  
000060e5  __aeabi_errno_addr            
00005e2d  __aeabi_f2d                   
00005efd  __aeabi_i2d                   
000045ab  __aeabi_idiv0                 
000045ab  __aeabi_ldiv0                 
00005885  __aeabi_memclr                
00005885  __aeabi_memclr4               
00005885  __aeabi_memclr8               
00005647  __aeabi_memcpy                
00005647  __aeabi_memcpy4               
00005647  __aeabi_memcpy8               
00005887  __aeabi_memset                
00005887  __aeabi_memset4               
00005887  __aeabi_memset8               
00005f55  __aeabi_ui2d                  
000056e3  __aeabi_uldivmod              
ffffffff  __binit__                     
ffffffff  __c_args__                    
00004721  __kernel_cos                  
0000229d  __kernel_rem_pio2             
000045ad  __kernel_sin                  
UNDEFED   __mpu_init                    
20000270  __stack                       
20000000  __start___llvm_prf_cnts       
20000000  __stop___llvm_prf_cnts        
00005e99  _c_int00_noargs               
00006258  _ctypes_                      
2000235c  _lock                         
000018db  _nop                          
20002374  _running                      
20001270  _sys_memory                   
UNDEFED   _system_post_cinit            
000060f5  _system_pre_init              
20002310  _timeout_ticks                
20002360  _unlock                       
000060f9  abort                         
000050d9  aligned_alloc                 
00005c15  atoi                          
ffffffff  binit                         
00005df5  calloc                        
00005fc9  copysign                      
00005fc9  copysignl                     
000029d5  cos                           
000029d5  cosl                          
00005c71  cyBOT_Scan                    
00005c61  cyBOT_init_Scan               
000038ad  cyBot_UART1_Handler           
0000389f  cyBot_getByte_blocking        
0000387f  cyBot_getByte_nonblocking     
00003661  cyBot_sendByte                
00003865  cyBot_uart_flush              
000037cf  cyBot_uart_init               
0000376f  cyBot_uart_init_PHJ_first_half
00003717  cyBot_uart_init_clean         
0000369f  cyBot_uart_init_last_half     
00003687  cyBot_uart_sendBuffer         
0000366d  cyBot_uart_sendStr            
20002350  data                          
20002370  errno                         
2000234c  falling                       
20002314  fallingEdge                   
000052dd  floor                         
000052dd  floorl                        
000053d5  free                          
00005ab5  frexp                         
00005ab5  frexpl                        
20000000  g_pfnRAMVectors               
00000000  g_pfnVectors                  
0000097f  go_charge                     
00005535  ir_enableInterrupt            
0000552d  ir_getDistance                
00005519  ir_getValue                   
000054b9  ir_init                       
20002324  isRisingEdge                  
200022c4  isr_char_buffer               
2000236c  isr_counter                   
20002318  isr_int_value                 
000060a3  lcd_clear                     
0000350d  lcd_gotoLine                  
00003375  lcd_init                      
00003573  lcd_printf                    
00003435  lcd_putc                      
0000346d  lcd_puts                      
00003339  lcd_reverseNibble             
0000348b  lcd_sendCommand               
000034c9  lcd_sendNibble                
00003535  lcd_setCursorPos              
00004fc9  ldexp                         
00004fc9  ldexpl                        
00002fb1  main                          
000060ed  malloc                        
000050d9  memalign                      
00005fad  memccpy                       
00005647  memcpy                        
0000588d  memset                        
20002328  motor_cal_factor_L            
2000232c  motor_cal_factor_R            
00004ca5  move_backward                 
00004c59  move_forward                  
0000026d  oi_alloc                      
00000aa9  oi_checkFirmware              
000002c7  oi_close                      
00000279  oi_free                       
00000ded  oi_getMotorCalibrationLeft    
00000e01  oi_getMotorCalibrationRight   
000002b1  oi_init                       
00000289  oi_init_noupdate              
00000915  oi_loadSong                   
00006013  oi_parseInt                   
0000032b  oi_parsePacket                
0000096b  oi_play_song                  
0000084b  oi_setLeds                    
00000db1  oi_setMotorCalibration        
0000088f  oi_setWheels                  
00000b51  oi_shutoff_init               
0000098d  oi_uartInit                   
00000a31  oi_uartReceive                
00000a77  oi_uartSendBuff               
00000a15  oi_uartSendChar               
00000a59  oi_uartSendStr                
000002d9  oi_update                     
0000433f  ping_getDistance              
000039db  ping_init                     
00003ad7  ping_read                     
00004239  ping_trigger                  
000018dd  pow                           
000018dd  powl                          
2000231c  pulseLength                   
20002348  rising                        
20002320  risingEdge                    
00004fc9  scalbn                        
00004fc9  scalbnl                       
00003a7f  send_pulse                    
00004eb1  servo_init                    
00004f3f  servo_move                    
00005d35  sprintf                       
0000488d  sqrt                          
0000488d  sqrtl                         
20002325  state                         
00006043  strchr                        
0000602b  strcmp                        
00006059  strcpy                        
0000606d  strlen                        
00003f3f  timer_getMicros               
00003ee7  timer_getMillis               
00003e21  timer_init                    
00003ec3  timer_pause                   
00003ed5  timer_resume                  
00003e99  timer_stop                    
00003f99  timer_waitMicros              
00003fcb  timer_waitMillis              
00004ced  turn_left                     
00004d3d  turn_right                    
00005d75  vsnprintf                     
00006081  wcslen                        


GLOBAL SYMBOLS: SORTED BY Symbol Address 

address   name                          
-------   ----                          
00000000  __TI_static_base__            
00000000  g_pfnVectors                  
0000026d  oi_alloc                      
00000279  oi_free                       
00000289  oi_init_noupdate              
000002b1  oi_init                       
000002c7  oi_close                      
000002d9  oi_update                     
0000032b  oi_parsePacket                
0000084b  oi_setLeds                    
0000088f  oi_setWheels                  
00000915  oi_loadSong                   
0000096b  oi_play_song                  
0000097f  go_charge                     
0000098d  oi_uartInit                   
00000a15  oi_uartSendChar               
00000a31  oi_uartReceive                
00000a59  oi_uartSendStr                
00000a77  oi_uartSendBuff               
00000aa9  oi_checkFirmware              
00000b51  oi_shutoff_init               
00000bc3  GPIOF_Handler                 
00000db1  oi_setMotorCalibration        
00000ded  oi_getMotorCalibrationLeft    
00000e01  oi_getMotorCalibrationRight   
00000e8d  __TI_printfi                  
00001000  __STACK_SIZE                  
00001000  __SYSMEM_SIZE                 
000018db  _nop                          
000018dd  pow                           
000018dd  powl                          
0000229d  __kernel_rem_pio2             
000029d5  cos                           
000029d5  cosl                          
00002fb1  main                          
00003339  lcd_reverseNibble             
00003375  lcd_init                      
00003435  lcd_putc                      
0000346d  lcd_puts                      
0000348b  lcd_sendCommand               
000034c9  lcd_sendNibble                
0000350d  lcd_gotoLine                  
00003535  lcd_setCursorPos              
00003573  lcd_printf                    
00003661  cyBot_sendByte                
0000366d  cyBot_uart_sendStr            
00003687  cyBot_uart_sendBuffer         
0000369f  cyBot_uart_init_last_half     
00003717  cyBot_uart_init_clean         
0000376f  cyBot_uart_init_PHJ_first_half
000037cf  cyBot_uart_init               
00003865  cyBot_uart_flush              
0000387f  cyBot_getByte_nonblocking     
0000389f  cyBot_getByte_blocking        
000038ad  cyBot_UART1_Handler           
00003909  TIMER1A_HANDLER               
000039db  ping_init                     
00003a7f  send_pulse                    
00003ad7  ping_read                     
00003e21  timer_init                    
00003e99  timer_stop                    
00003ec3  timer_pause                   
00003ed5  timer_resume                  
00003ee7  timer_getMillis               
00003f3f  timer_getMicros               
00003f99  timer_waitMicros              
00003fcb  timer_waitMillis              
00004239  ping_trigger                  
0000433f  ping_getDistance              
00004375  TIMER3B_Handler               
000043f5  __aeabi_dsub                  
000043ff  __aeabi_dadd                  
000045ab  __aeabi_idiv0                 
000045ab  __aeabi_ldiv0                 
000045ad  __kernel_sin                  
00004721  __kernel_cos                  
0000488d  sqrt                          
0000488d  sqrtl                         
00004b21  __aeabi_ddiv                  
00004c59  move_forward                  
00004ca5  move_backward                 
00004ced  turn_left                     
00004d3d  turn_right                    
00004eb1  servo_init                    
00004f3f  servo_move                    
00004fc9  ldexp                         
00004fc9  ldexpl                        
00004fc9  scalbn                        
00004fc9  scalbnl                       
000050d9  aligned_alloc                 
000050d9  memalign                      
000051e1  __aeabi_dmul                  
000052dd  floor                         
000052dd  floorl                        
000053d5  free                          
000054b9  ir_init                       
00005519  ir_getValue                   
0000552d  ir_getDistance                
00005535  ir_enableInterrupt            
00005565  ADC0SS0_Handler               
00005647  __aeabi_memcpy                
00005647  __aeabi_memcpy4               
00005647  __aeabi_memcpy8               
00005647  memcpy                        
000056e3  __aeabi_uldivmod              
00005779  __aeabi_cdcmpeq               
00005779  __aeabi_cdcmple               
000057ff  __aeabi_cdrcmple              
00005885  __aeabi_memclr                
00005885  __aeabi_memclr4               
00005885  __aeabi_memclr8               
00005887  __aeabi_memset                
00005887  __aeabi_memset4               
00005887  __aeabi_memset8               
0000588d  memset                        
000059df  __aeabi_d2f                   
00005a4d  __TI_decompress_lzss          
00005ab5  frexp                         
00005ab5  frexpl                        
00005b6f  __TI_ltoa                     
00005c15  atoi                          
00005c61  cyBOT_init_Scan               
00005c71  cyBOT_Scan                    
00005ca9  __aeabi_d2iz                  
00005cf1  __TI_auto_init_nobinit_nopinit
00005d35  sprintf                       
00005d75  vsnprintf                     
00005df5  calloc                        
00005e2d  __aeabi_f2d                   
00005e65  IntRegister                   
00005e99  _c_int00_noargs               
00005efd  __aeabi_i2d                   
00005f55  __aeabi_ui2d                  
00005f75  __TI_zero_init_nomemset       
00005fad  memccpy                       
00005fc9  copysign                      
00005fc9  copysignl                     
00006013  oi_parseInt                   
0000602b  strcmp                        
00006043  strchr                        
00006059  strcpy                        
0000606d  strlen                        
00006081  wcslen                        
00006093  IntMasterEnable               
000060a3  lcd_clear                     
000060b3  __TI_decompress_none          
000060c1  CPUcpsie                      
000060cd  ResetISR                      
000060e5  __aeabi_errno_addr            
000060ed  malloc                        
000060f5  _system_pre_init              
000060f9  C$$EXIT                       
000060f9  abort                         
00006258  _ctypes_                      
000063f4  __TI_Handler_Table_Base       
00006400  __TI_Handler_Table_Limit      
00006410  __TI_CINIT_Base               
00006428  __TI_CINIT_Limit              
20000000  __start___llvm_prf_cnts       
20000000  __stop___llvm_prf_cnts        
20000000  g_pfnRAMVectors               
20000270  __stack                       
20000470  __STACK_TOP                   
20001270  __STACK_END                   
20001270  _sys_memory                   
200022c4  isr_char_buffer               
20002310  _timeout_ticks                
20002314  fallingEdge                   
20002318  isr_int_value                 
2000231c  pulseLength                   
20002320  risingEdge                    
20002324  isRisingEdge                  
20002325  state                         
20002328  motor_cal_factor_L            
2000232c  motor_cal_factor_R            
20002348  rising                        
2000234c  falling                       
20002350  data                          
20002354  OF                            
20002358  OFN                           
2000235c  _lock                         
20002360  _unlock                       
2000236c  isr_counter                   
20002370  errno                         
20002374  _running                      
ffffffff  __TI_pprof_out_hndl           
ffffffff  __TI_prof_data_size           
ffffffff  __TI_prof_data_start          
ffffffff  __binit__                     
ffffffff  __c_args__                    
ffffffff  binit                         
UNDEFED   __mpu_init                    
UNDEFED   _system_post_cinit            

[193 symbols]
