<?xml version="1.0" encoding="ISO-8859-1" ?>
<link_info>
   <banner>TI ARM Linker PC v20.2.1.LTS</banner>
   <copyright>Copyright (c) 1996-2018 Texas Instruments Incorporated</copyright>
   <link_time>0x5fa08278</link_time>
   <link_errors>0x0</link_errors>
   <output_file>Lab_2.out</output_file>
   <entry_point>
      <name>_c_int00_noargs</name>
      <address>0x59fd</address>
   </entry_point>
   <input_file_list>
      <input_file id="fl-2">
         <path>.\</path>
         <kind>object</kind>
         <file>adc.obj</file>
         <name>adc.obj</name>
      </input_file>
      <input_file id="fl-3">
         <path>.\</path>
         <kind>object</kind>
         <file>ir.obj</file>
         <name>ir.obj</name>
      </input_file>
      <input_file id="fl-4">
         <path>.\</path>
         <kind>object</kind>
         <file>l9_main.obj</file>
         <name>l9_main.obj</name>
      </input_file>
      <input_file id="fl-5">
         <path>.\</path>
         <kind>object</kind>
         <file>lcd.obj</file>
         <name>lcd.obj</name>
      </input_file>
      <input_file id="fl-6">
         <path>.\</path>
         <kind>object</kind>
         <file>movement.obj</file>
         <name>movement.obj</name>
      </input_file>
      <input_file id="fl-7">
         <path>.\</path>
         <kind>object</kind>
         <file>open_interface.obj</file>
         <name>open_interface.obj</name>
      </input_file>
      <input_file id="fl-8">
         <path>.\</path>
         <kind>object</kind>
         <file>ping (1).obj</file>
         <name>ping (1).obj</name>
      </input_file>
      <input_file id="fl-9">
         <path>.\</path>
         <kind>object</kind>
         <file>ping_test.obj</file>
         <name>ping_test.obj</name>
      </input_file>
      <input_file id="fl-a">
         <path>.\</path>
         <kind>object</kind>
         <file>proccess_test.obj</file>
         <name>proccess_test.obj</name>
      </input_file>
      <input_file id="fl-b">
         <path>.\</path>
         <kind>object</kind>
         <file>resetSimulation.obj</file>
         <name>resetSimulation.obj</name>
      </input_file>
      <input_file id="fl-c">
         <path>.\</path>
         <kind>object</kind>
         <file>s3_b_Scan.obj</file>
         <name>s3_b_Scan.obj</name>
      </input_file>
      <input_file id="fl-d">
         <path>.\</path>
         <kind>object</kind>
         <file>servo.obj</file>
         <name>servo.obj</name>
      </input_file>
      <input_file id="fl-e">
         <path>.\</path>
         <kind>object</kind>
         <file>timer.obj</file>
         <name>timer.obj</name>
      </input_file>
      <input_file id="fl-f">
         <path>.\</path>
         <kind>object</kind>
         <file>tm4c123gh6pm_startup_ccs.obj</file>
         <name>tm4c123gh6pm_startup_ccs.obj</name>
      </input_file>
      <input_file id="fl-10">
         <path>.\</path>
         <kind>object</kind>
         <file>uart_extra_help.obj</file>
         <name>uart_extra_help.obj</name>
      </input_file>
      <input_file id="fl-15">
         <kind>object</kind>
         <file>&lt;internal&gt;</file>
         <name>&lt;internal&gt;</name>
      </input_file>
      <input_file id="fl-cb">
         <path>C:\ti\ccs1010\ccs\tools\compiler\ti-cgt-arm_20.2.1.LTS\lib\</path>
         <kind>archive</kind>
         <file>rtsv7M4_T_le_v4SPD16_eabi.lib</file>
         <name>e_pow.c.obj</name>
      </input_file>
      <input_file id="fl-cc">
         <path>C:\ti\ccs1010\ccs\tools\compiler\ti-cgt-arm_20.2.1.LTS\lib\</path>
         <kind>archive</kind>
         <file>rtsv7M4_T_le_v4SPD16_eabi.lib</file>
         <name>e_sqrt.c.obj</name>
      </input_file>
      <input_file id="fl-cd">
         <path>C:\ti\ccs1010\ccs\tools\compiler\ti-cgt-arm_20.2.1.LTS\lib\</path>
         <kind>archive</kind>
         <file>rtsv7M4_T_le_v4SPD16_eabi.lib</file>
         <name>s_cos.c.obj</name>
      </input_file>
      <input_file id="fl-ce">
         <path>C:\ti\ccs1010\ccs\tools\compiler\ti-cgt-arm_20.2.1.LTS\lib\</path>
         <kind>archive</kind>
         <file>rtsv7M4_T_le_v4SPD16_eabi.lib</file>
         <name>s_scalbn.c.obj</name>
      </input_file>
      <input_file id="fl-cf">
         <path>C:\ti\ccs1010\ccs\tools\compiler\ti-cgt-arm_20.2.1.LTS\lib\</path>
         <kind>archive</kind>
         <file>rtsv7M4_T_le_v4SPD16_eabi.lib</file>
         <name>sprintf.c.obj</name>
      </input_file>
      <input_file id="fl-d0">
         <path>C:\ti\ccs1010\ccs\tools\compiler\ti-cgt-arm_20.2.1.LTS\lib\</path>
         <kind>archive</kind>
         <file>rtsv7M4_T_le_v4SPD16_eabi.lib</file>
         <name>vsnprintf.c.obj</name>
      </input_file>
      <input_file id="fl-d1">
         <path>C:\ti\ccs1010\ccs\tools\compiler\ti-cgt-arm_20.2.1.LTS\lib\</path>
         <kind>archive</kind>
         <file>rtsv7M4_T_le_v4SPD16_eabi.lib</file>
         <name>fd_add_t2.asm.obj</name>
      </input_file>
      <input_file id="fl-d2">
         <path>C:\ti\ccs1010\ccs\tools\compiler\ti-cgt-arm_20.2.1.LTS\lib\</path>
         <kind>archive</kind>
         <file>rtsv7M4_T_le_v4SPD16_eabi.lib</file>
         <name>fd_cmp_t2.asm.obj</name>
      </input_file>
      <input_file id="fl-d3">
         <path>C:\ti\ccs1010\ccs\tools\compiler\ti-cgt-arm_20.2.1.LTS\lib\</path>
         <kind>archive</kind>
         <file>rtsv7M4_T_le_v4SPD16_eabi.lib</file>
         <name>fd_div_t2.asm.obj</name>
      </input_file>
      <input_file id="fl-d4">
         <path>C:\ti\ccs1010\ccs\tools\compiler\ti-cgt-arm_20.2.1.LTS\lib\</path>
         <kind>archive</kind>
         <file>rtsv7M4_T_le_v4SPD16_eabi.lib</file>
         <name>fd_mul_t2.asm.obj</name>
      </input_file>
      <input_file id="fl-d5">
         <path>C:\ti\ccs1010\ccs\tools\compiler\ti-cgt-arm_20.2.1.LTS\lib\</path>
         <kind>archive</kind>
         <file>rtsv7M4_T_le_v4SPD16_eabi.lib</file>
         <name>fd_toi_t2.asm.obj</name>
      </input_file>
      <input_file id="fl-d6">
         <path>C:\ti\ccs1010\ccs\tools\compiler\ti-cgt-arm_20.2.1.LTS\lib\</path>
         <kind>archive</kind>
         <file>rtsv7M4_T_le_v4SPD16_eabi.lib</file>
         <name>fd_tos_t2.asm.obj</name>
      </input_file>
      <input_file id="fl-d7">
         <path>C:\ti\ccs1010\ccs\tools\compiler\ti-cgt-arm_20.2.1.LTS\lib\</path>
         <kind>archive</kind>
         <file>rtsv7M4_T_le_v4SPD16_eabi.lib</file>
         <name>fd_tou_t2.asm.obj</name>
      </input_file>
      <input_file id="fl-d8">
         <path>C:\ti\ccs1010\ccs\tools\compiler\ti-cgt-arm_20.2.1.LTS\lib\</path>
         <kind>archive</kind>
         <file>rtsv7M4_T_le_v4SPD16_eabi.lib</file>
         <name>fs_tod_t2.asm.obj</name>
      </input_file>
      <input_file id="fl-d9">
         <path>C:\ti\ccs1010\ccs\tools\compiler\ti-cgt-arm_20.2.1.LTS\lib\</path>
         <kind>archive</kind>
         <file>rtsv7M4_T_le_v4SPD16_eabi.lib</file>
         <name>i_tofd_t2.asm.obj</name>
      </input_file>
      <input_file id="fl-da">
         <path>C:\ti\ccs1010\ccs\tools\compiler\ti-cgt-arm_20.2.1.LTS\lib\</path>
         <kind>archive</kind>
         <file>rtsv7M4_T_le_v4SPD16_eabi.lib</file>
         <name>memcpy_t2.asm.obj</name>
      </input_file>
      <input_file id="fl-db">
         <path>C:\ti\ccs1010\ccs\tools\compiler\ti-cgt-arm_20.2.1.LTS\lib\</path>
         <kind>archive</kind>
         <file>rtsv7M4_T_le_v4SPD16_eabi.lib</file>
         <name>u_tofd_t2.asm.obj</name>
      </input_file>
      <input_file id="fl-dc">
         <path>C:\ti\ccs1010\ccs\tools\compiler\ti-cgt-arm_20.2.1.LTS\lib\</path>
         <kind>archive</kind>
         <file>rtsv7M4_T_le_v4SPD16_eabi.lib</file>
         <name>copy_zero_init.c.obj</name>
      </input_file>
      <input_file id="fl-dd">
         <path>C:\ti\ccs1010\ccs\tools\compiler\ti-cgt-arm_20.2.1.LTS\lib\</path>
         <kind>archive</kind>
         <file>rtsv7M4_T_le_v4SPD16_eabi.lib</file>
         <name>copy_decompress_none.c.obj</name>
      </input_file>
      <input_file id="fl-de">
         <path>C:\ti\ccs1010\ccs\tools\compiler\ti-cgt-arm_20.2.1.LTS\lib\</path>
         <kind>archive</kind>
         <file>rtsv7M4_T_le_v4SPD16_eabi.lib</file>
         <name>copy_decompress_lzss.c.obj</name>
      </input_file>
      <input_file id="fl-df">
         <path>C:\ti\ccs1010\ccs\tools\compiler\ti-cgt-arm_20.2.1.LTS\lib\</path>
         <kind>archive</kind>
         <file>rtsv7M4_T_le_v4SPD16_eabi.lib</file>
         <name>memory.c.obj</name>
      </input_file>
      <input_file id="fl-e0">
         <path>C:\ti\ccs1010\ccs\tools\compiler\ti-cgt-arm_20.2.1.LTS\lib\</path>
         <kind>archive</kind>
         <file>rtsv7M4_T_le_v4SPD16_eabi.lib</file>
         <name>strcmp.c.obj</name>
      </input_file>
      <input_file id="fl-e1">
         <path>C:\ti\ccs1010\ccs\tools\compiler\ti-cgt-arm_20.2.1.LTS\lib\</path>
         <kind>archive</kind>
         <file>rtsv7M4_T_le_v4SPD16_eabi.lib</file>
         <name>strcpy.c.obj</name>
      </input_file>
      <input_file id="fl-e2">
         <path>C:\ti\ccs1010\ccs\tools\compiler\ti-cgt-arm_20.2.1.LTS\lib\</path>
         <kind>archive</kind>
         <file>rtsv7M4_T_le_v4SPD16_eabi.lib</file>
         <name>strlen.c.obj</name>
      </input_file>
      <input_file id="fl-e3">
         <path>C:\ti\ccs1010\ccs\tools\compiler\ti-cgt-arm_20.2.1.LTS\lib\</path>
         <kind>archive</kind>
         <file>rtsv7M4_T_le_v4SPD16_eabi.lib</file>
         <name>k_rem_pio2.c.obj</name>
      </input_file>
      <input_file id="fl-e4">
         <path>C:\ti\ccs1010\ccs\tools\compiler\ti-cgt-arm_20.2.1.LTS\lib\</path>
         <kind>archive</kind>
         <file>rtsv7M4_T_le_v4SPD16_eabi.lib</file>
         <name>errno.c.obj</name>
      </input_file>
      <input_file id="fl-e5">
         <path>C:\ti\ccs1010\ccs\tools\compiler\ti-cgt-arm_20.2.1.LTS\lib\</path>
         <kind>archive</kind>
         <file>rtsv7M4_T_le_v4SPD16_eabi.lib</file>
         <name>boot_cortex_m.c.obj</name>
      </input_file>
      <input_file id="fl-e6">
         <path>C:\ti\ccs1010\ccs\tools\compiler\ti-cgt-arm_20.2.1.LTS\lib\</path>
         <kind>archive</kind>
         <file>rtsv7M4_T_le_v4SPD16_eabi.lib</file>
         <name>s_copysign.c.obj</name>
      </input_file>
      <input_file id="fl-e7">
         <path>C:\ti\ccs1010\ccs\tools\compiler\ti-cgt-arm_20.2.1.LTS\lib\</path>
         <kind>archive</kind>
         <file>rtsv7M4_T_le_v4SPD16_eabi.lib</file>
         <name>k_cos.c.obj</name>
      </input_file>
      <input_file id="fl-e8">
         <path>C:\ti\ccs1010\ccs\tools\compiler\ti-cgt-arm_20.2.1.LTS\lib\</path>
         <kind>archive</kind>
         <file>rtsv7M4_T_le_v4SPD16_eabi.lib</file>
         <name>k_sin.c.obj</name>
      </input_file>
      <input_file id="fl-e9">
         <path>C:\ti\ccs1010\ccs\tools\compiler\ti-cgt-arm_20.2.1.LTS\lib\</path>
         <kind>archive</kind>
         <file>rtsv7M4_T_le_v4SPD16_eabi.lib</file>
         <name>s_floor.c.obj</name>
      </input_file>
      <input_file id="fl-ea">
         <path>C:\ti\ccs1010\ccs\tools\compiler\ti-cgt-arm_20.2.1.LTS\lib\</path>
         <kind>archive</kind>
         <file>rtsv7M4_T_le_v4SPD16_eabi.lib</file>
         <name>_printfi.c.obj</name>
      </input_file>
      <input_file id="fl-eb">
         <path>C:\ti\ccs1010\ccs\tools\compiler\ti-cgt-arm_20.2.1.LTS\lib\</path>
         <kind>archive</kind>
         <file>rtsv7M4_T_le_v4SPD16_eabi.lib</file>
         <name>memset_t2.asm.obj</name>
      </input_file>
      <input_file id="fl-ec">
         <path>C:\ti\ccs1010\ccs\tools\compiler\ti-cgt-arm_20.2.1.LTS\lib\</path>
         <kind>archive</kind>
         <file>rtsv7M4_T_le_v4SPD16_eabi.lib</file>
         <name>ull_div_t2.asm.obj</name>
      </input_file>
      <input_file id="fl-ed">
         <path>C:\ti\ccs1010\ccs\tools\compiler\ti-cgt-arm_20.2.1.LTS\lib\</path>
         <kind>archive</kind>
         <file>rtsv7M4_T_le_v4SPD16_eabi.lib</file>
         <name>autoinit.c.obj</name>
      </input_file>
      <input_file id="fl-ee">
         <path>C:\ti\ccs1010\ccs\tools\compiler\ti-cgt-arm_20.2.1.LTS\lib\</path>
         <kind>archive</kind>
         <file>rtsv7M4_T_le_v4SPD16_eabi.lib</file>
         <name>pre_init.c.obj</name>
      </input_file>
      <input_file id="fl-ef">
         <path>C:\ti\ccs1010\ccs\tools\compiler\ti-cgt-arm_20.2.1.LTS\lib\</path>
         <kind>archive</kind>
         <file>rtsv7M4_T_le_v4SPD16_eabi.lib</file>
         <name>cpy_tbl.c.obj</name>
      </input_file>
      <input_file id="fl-f0">
         <path>C:\ti\ccs1010\ccs\tools\compiler\ti-cgt-arm_20.2.1.LTS\lib\</path>
         <kind>archive</kind>
         <file>rtsv7M4_T_le_v4SPD16_eabi.lib</file>
         <name>exit.c.obj</name>
      </input_file>
      <input_file id="fl-f1">
         <path>C:\ti\ccs1010\ccs\tools\compiler\ti-cgt-arm_20.2.1.LTS\lib\</path>
         <kind>archive</kind>
         <file>rtsv7M4_T_le_v4SPD16_eabi.lib</file>
         <name>_lock.c.obj</name>
      </input_file>
      <input_file id="fl-f2">
         <path>C:\ti\ccs1010\ccs\tools\compiler\ti-cgt-arm_20.2.1.LTS\lib\</path>
         <kind>archive</kind>
         <file>rtsv7M4_T_le_v4SPD16_eabi.lib</file>
         <name>_ltoa.c.obj</name>
      </input_file>
      <input_file id="fl-f3">
         <path>C:\ti\ccs1010\ccs\tools\compiler\ti-cgt-arm_20.2.1.LTS\lib\</path>
         <kind>archive</kind>
         <file>rtsv7M4_T_le_v4SPD16_eabi.lib</file>
         <name>args_main.c.obj</name>
      </input_file>
      <input_file id="fl-f4">
         <path>C:\ti\ccs1010\ccs\tools\compiler\ti-cgt-arm_20.2.1.LTS\lib\</path>
         <kind>archive</kind>
         <file>rtsv7M4_T_le_v4SPD16_eabi.lib</file>
         <name>atoi.c.obj</name>
      </input_file>
      <input_file id="fl-f5">
         <path>C:\ti\ccs1010\ccs\tools\compiler\ti-cgt-arm_20.2.1.LTS\lib\</path>
         <kind>archive</kind>
         <file>rtsv7M4_T_le_v4SPD16_eabi.lib</file>
         <name>ctype.c.obj</name>
      </input_file>
      <input_file id="fl-f6">
         <path>C:\ti\ccs1010\ccs\tools\compiler\ti-cgt-arm_20.2.1.LTS\lib\</path>
         <kind>archive</kind>
         <file>rtsv7M4_T_le_v4SPD16_eabi.lib</file>
         <name>memccpy.c.obj</name>
      </input_file>
      <input_file id="fl-f7">
         <path>C:\ti\ccs1010\ccs\tools\compiler\ti-cgt-arm_20.2.1.LTS\lib\</path>
         <kind>archive</kind>
         <file>rtsv7M4_T_le_v4SPD16_eabi.lib</file>
         <name>strchr.c.obj</name>
      </input_file>
      <input_file id="fl-f8">
         <path>C:\ti\ccs1010\ccs\tools\compiler\ti-cgt-arm_20.2.1.LTS\lib\</path>
         <kind>archive</kind>
         <file>rtsv7M4_T_le_v4SPD16_eabi.lib</file>
         <name>s_frexp.c.obj</name>
      </input_file>
      <input_file id="fl-f9">
         <path>C:\ti\ccs1010\ccs\tools\compiler\ti-cgt-arm_20.2.1.LTS\lib\</path>
         <kind>archive</kind>
         <file>rtsv7M4_T_le_v4SPD16_eabi.lib</file>
         <name>wcslen.c.obj</name>
      </input_file>
      <input_file id="fl-fa">
         <path>C:\ti\ccs1010\ccs\tools\compiler\ti-cgt-arm_20.2.1.LTS\lib\</path>
         <kind>archive</kind>
         <file>rtsv7M4_T_le_v4SPD16_eabi.lib</file>
         <name>div0.asm.obj</name>
      </input_file>
      <input_file id="fl-fb">
         <path>C:\ti\TivaWare_C_Series-2.1.4.178\driverlib\ccs\Debug\</path>
         <kind>archive</kind>
         <file>driverlib.lib</file>
         <name>interrupt.obj</name>
      </input_file>
      <input_file id="fl-fc">
         <path>C:\ti\TivaWare_C_Series-2.1.4.178\driverlib\ccs\Debug\</path>
         <kind>archive</kind>
         <file>driverlib.lib</file>
         <name>cpu.obj</name>
      </input_file>
   </input_file_list>
   <object_component_list>
      <object_component id="oc-12">
         <name>.intvecs</name>
         <load_address>0x0</load_address>
         <run_address>0x0</run_address>
         <size>0x26c</size>
         <input_file_ref idref="fl-f"/>
      </object_component>
      <object_component id="oc-e2">
         <name>.text</name>
         <load_address>0x26c</load_address>
         <run_address>0x26c</run_address>
         <size>0xc20</size>
         <input_file_ref idref="fl-7"/>
      </object_component>
      <object_component id="oc-20b">
         <name>.text:__TI_printfi</name>
         <load_address>0xe8c</load_address>
         <run_address>0xe8c</run_address>
         <size>0xa4e</size>
         <input_file_ref idref="fl-ea"/>
      </object_component>
      <object_component id="oc-317">
         <name>.text:_nop</name>
         <load_address>0x18da</load_address>
         <run_address>0x18da</run_address>
         <size>0x2</size>
         <input_file_ref idref="fl-f1"/>
      </object_component>
      <object_component id="oc-10d">
         <name>.text:pow</name>
         <load_address>0x18dc</load_address>
         <run_address>0x18dc</run_address>
         <size>0x9c0</size>
         <input_file_ref idref="fl-cb"/>
      </object_component>
      <object_component id="oc-1fb">
         <name>.text:__kernel_rem_pio2</name>
         <load_address>0x229c</load_address>
         <run_address>0x229c</run_address>
         <size>0x738</size>
         <input_file_ref idref="fl-e3"/>
      </object_component>
      <object_component id="oc-118">
         <name>.text:cos</name>
         <load_address>0x29d4</load_address>
         <run_address>0x29d4</run_address>
         <size>0x5dc</size>
         <input_file_ref idref="fl-cd"/>
      </object_component>
      <object_component id="oc-a2">
         <name>.text</name>
         <load_address>0x2fb0</load_address>
         <run_address>0x2fb0</run_address>
         <size>0x4c4</size>
         <input_file_ref idref="fl-4"/>
      </object_component>
      <object_component id="oc-185">
         <name>.text</name>
         <load_address>0x3474</load_address>
         <run_address>0x3474</run_address>
         <size>0x288</size>
         <input_file_ref idref="fl-8"/>
      </object_component>
      <object_component id="oc-2f1">
         <name>.text:_pconv_a</name>
         <load_address>0x36fc</load_address>
         <run_address>0x36fc</run_address>
         <size>0x270</size>
         <input_file_ref idref="fl-ea"/>
      </object_component>
      <object_component id="oc-f3">
         <name>.text</name>
         <load_address>0x396c</load_address>
         <run_address>0x396c</run_address>
         <size>0x244</size>
         <input_file_ref idref="fl-e"/>
      </object_component>
      <object_component id="oc-2df">
         <name>.text:_pconv_g</name>
         <load_address>0x3bb0</load_address>
         <run_address>0x3bb0</run_address>
         <size>0x1d0</size>
         <input_file_ref idref="fl-ea"/>
      </object_component>
      <object_component id="oc-fe">
         <name>.text</name>
         <load_address>0x3d80</load_address>
         <run_address>0x3d80</run_address>
         <size>0x1b6</size>
         <input_file_ref idref="fl-d1"/>
      </object_component>
      <object_component id="oc-3d5">
         <name>.text</name>
         <load_address>0x3f36</load_address>
         <run_address>0x3f36</run_address>
         <size>0x2</size>
         <input_file_ref idref="fl-fa"/>
      </object_component>
      <object_component id="oc-d6">
         <name>.text</name>
         <load_address>0x3f38</load_address>
         <run_address>0x3f38</run_address>
         <size>0x178</size>
         <input_file_ref idref="fl-10"/>
      </object_component>
      <object_component id="oc-201">
         <name>.text:__kernel_sin</name>
         <load_address>0x40b0</load_address>
         <run_address>0x40b0</run_address>
         <size>0x174</size>
         <input_file_ref idref="fl-e8"/>
      </object_component>
      <object_component id="oc-1f5">
         <name>.text:__kernel_cos</name>
         <load_address>0x4224</load_address>
         <run_address>0x4224</run_address>
         <size>0x16c</size>
         <input_file_ref idref="fl-e7"/>
      </object_component>
      <object_component id="oc-11e">
         <name>.text:sqrt</name>
         <load_address>0x4390</load_address>
         <run_address>0x4390</run_address>
         <size>0x158</size>
         <input_file_ref idref="fl-cc"/>
      </object_component>
      <object_component id="oc-2eb">
         <name>.text:_pconv_e</name>
         <load_address>0x44e8</load_address>
         <run_address>0x44e8</run_address>
         <size>0x13c</size>
         <input_file_ref idref="fl-ea"/>
      </object_component>
      <object_component id="oc-108">
         <name>.text</name>
         <load_address>0x4624</load_address>
         <run_address>0x4624</run_address>
         <size>0x136</size>
         <input_file_ref idref="fl-d3"/>
      </object_component>
      <object_component id="oc-132">
         <name>.text</name>
         <load_address>0x475c</load_address>
         <run_address>0x475c</run_address>
         <size>0x134</size>
         <input_file_ref idref="fl-6"/>
      </object_component>
      <object_component id="oc-18b">
         <name>.text</name>
         <load_address>0x4890</load_address>
         <run_address>0x4890</run_address>
         <size>0x128</size>
         <input_file_ref idref="fl-2"/>
      </object_component>
      <object_component id="oc-191">
         <name>.text</name>
         <load_address>0x49b8</load_address>
         <run_address>0x49b8</run_address>
         <size>0x128</size>
         <input_file_ref idref="fl-d"/>
      </object_component>
      <object_component id="oc-381">
         <name>.text:fcvt</name>
         <load_address>0x4ae0</load_address>
         <run_address>0x4ae0</run_address>
         <size>0x124</size>
         <input_file_ref idref="fl-ea"/>
      </object_component>
      <object_component id="oc-1e6">
         <name>.text:scalbn</name>
         <load_address>0x4c04</load_address>
         <run_address>0x4c04</run_address>
         <size>0x110</size>
         <input_file_ref idref="fl-ce"/>
      </object_component>
      <object_component id="oc-33e">
         <name>.text:aligned_alloc</name>
         <load_address>0x4d14</load_address>
         <run_address>0x4d14</run_address>
         <size>0x108</size>
         <input_file_ref idref="fl-df"/>
      </object_component>
      <object_component id="oc-113">
         <name>.text</name>
         <load_address>0x4e1c</load_address>
         <run_address>0x4e1c</run_address>
         <size>0xfc</size>
         <input_file_ref idref="fl-d4"/>
      </object_component>
      <object_component id="oc-2c1">
         <name>.text:floor</name>
         <load_address>0x4f18</load_address>
         <run_address>0x4f18</run_address>
         <size>0xf8</size>
         <input_file_ref idref="fl-e9"/>
      </object_component>
      <object_component id="oc-19e">
         <name>.text:free</name>
         <load_address>0x5010</load_address>
         <run_address>0x5010</run_address>
         <size>0xe4</size>
         <input_file_ref idref="fl-df"/>
      </object_component>
      <object_component id="oc-2d9">
         <name>.text:_ltostr</name>
         <load_address>0x50f4</load_address>
         <run_address>0x50f4</run_address>
         <size>0xb1</size>
         <input_file_ref idref="fl-ea"/>
      </object_component>
      <object_component id="oc-3e">
         <name>.text</name>
         <load_address>0x51a6</load_address>
         <run_address>0x51a6</run_address>
         <size>0x9c</size>
         <input_file_ref idref="fl-da"/>
      </object_component>
      <object_component id="oc-368">
         <name>.text</name>
         <load_address>0x5242</load_address>
         <run_address>0x5242</run_address>
         <size>0x96</size>
         <input_file_ref idref="fl-ec"/>
      </object_component>
      <object_component id="oc-ee">
         <name>.text:__aeabi_cdcmple</name>
         <load_address>0x52d8</load_address>
         <run_address>0x52d8</run_address>
         <size>0x86</size>
         <input_file_ref idref="fl-d2"/>
      </object_component>
      <object_component id="oc-12d">
         <name>.text:__aeabi_cdrcmple</name>
         <load_address>0x535e</load_address>
         <run_address>0x535e</run_address>
         <size>0x86</size>
         <input_file_ref idref="fl-d2"/>
      </object_component>
      <object_component id="oc-96">
         <name>.text</name>
         <load_address>0x53e4</load_address>
         <run_address>0x53e4</run_address>
         <size>0x7a</size>
         <input_file_ref idref="fl-eb"/>
      </object_component>
      <object_component id="oc-3c5">
         <name>.text:split</name>
         <load_address>0x5460</load_address>
         <run_address>0x5460</run_address>
         <size>0x70</size>
         <input_file_ref idref="fl-df"/>
      </object_component>
      <object_component id="oc-37a">
         <name>.text:_mcpy</name>
         <load_address>0x54d0</load_address>
         <run_address>0x54d0</run_address>
         <size>0x6e</size>
         <input_file_ref idref="fl-ea"/>
      </object_component>
      <object_component id="oc-1bd">
         <name>.text</name>
         <load_address>0x553e</load_address>
         <run_address>0x553e</run_address>
         <size>0x6e</size>
         <input_file_ref idref="fl-d6"/>
      </object_component>
      <object_component id="oc-15">
         <name>.text:decompress:lzss:__TI_decompress_lzss</name>
         <load_address>0x55ac</load_address>
         <run_address>0x55ac</run_address>
         <size>0x68</size>
         <input_file_ref idref="fl-de"/>
      </object_component>
      <object_component id="oc-38f">
         <name>.text:frexp</name>
         <load_address>0x5614</load_address>
         <run_address>0x5614</run_address>
         <size>0x64</size>
         <input_file_ref idref="fl-f8"/>
      </object_component>
      <object_component id="oc-2e5">
         <name>.text:_pconv_f</name>
         <load_address>0x5678</load_address>
         <run_address>0x5678</run_address>
         <size>0x56</size>
         <input_file_ref idref="fl-ea"/>
      </object_component>
      <object_component id="oc-36e">
         <name>.text:__TI_ltoa</name>
         <load_address>0x56ce</load_address>
         <run_address>0x56ce</run_address>
         <size>0x54</size>
         <input_file_ref idref="fl-f2"/>
      </object_component>
      <object_component id="oc-374">
         <name>.text:_ecpy</name>
         <load_address>0x5722</load_address>
         <run_address>0x5722</run_address>
         <size>0x52</size>
         <input_file_ref idref="fl-ea"/>
      </object_component>
      <object_component id="oc-2d3">
         <name>.text:atoi</name>
         <load_address>0x5774</load_address>
         <run_address>0x5774</run_address>
         <size>0x4c</size>
         <input_file_ref idref="fl-f4"/>
      </object_component>
      <object_component id="oc-f9">
         <name>.text</name>
         <load_address>0x57c0</load_address>
         <run_address>0x57c0</run_address>
         <size>0x48</size>
         <input_file_ref idref="fl-d5"/>
      </object_component>
      <object_component id="oc-dc">
         <name>.text</name>
         <load_address>0x5808</load_address>
         <run_address>0x5808</run_address>
         <size>0x48</size>
         <input_file_ref idref="fl-c"/>
      </object_component>
      <object_component id="oc-146">
         <name>.text:__TI_auto_init_nobinit_nopinit:__TI_auto_init_nobinit_nopinit</name>
         <load_address>0x5850</load_address>
         <run_address>0x5850</run_address>
         <size>0x44</size>
         <input_file_ref idref="fl-ed"/>
      </object_component>
      <object_component id="oc-272">
         <name>.text</name>
         <load_address>0x5894</load_address>
         <run_address>0x5894</run_address>
         <size>0x44</size>
         <input_file_ref idref="fl-d7"/>
      </object_component>
      <object_component id="oc-124">
         <name>.text:sprintf</name>
         <load_address>0x58d8</load_address>
         <run_address>0x58d8</run_address>
         <size>0x40</size>
         <input_file_ref idref="fl-cf"/>
      </object_component>
      <object_component id="oc-387">
         <name>.text:_fcpy</name>
         <load_address>0x5918</load_address>
         <run_address>0x5918</run_address>
         <size>0x3e</size>
         <input_file_ref idref="fl-ea"/>
      </object_component>
      <object_component id="oc-198">
         <name>.text:calloc</name>
         <load_address>0x5958</load_address>
         <run_address>0x5958</run_address>
         <size>0x38</size>
         <input_file_ref idref="fl-df"/>
      </object_component>
      <object_component id="oc-1c2">
         <name>.text</name>
         <load_address>0x5990</load_address>
         <run_address>0x5990</run_address>
         <size>0x38</size>
         <input_file_ref idref="fl-d8"/>
      </object_component>
      <object_component id="oc-17a">
         <name>.text:IntRegister</name>
         <load_address>0x59c8</load_address>
         <run_address>0x59c8</run_address>
         <size>0x34</size>
         <input_file_ref idref="fl-fb"/>
      </object_component>
      <object_component id="oc-5c">
         <name>.text:_c_int00_noargs:_c_int00_noargs</name>
         <load_address>0x59fc</load_address>
         <run_address>0x59fc</run_address>
         <size>0x34</size>
         <input_file_ref idref="fl-e5"/>
      </object_component>
      <object_component id="oc-103">
         <name>.text</name>
         <load_address>0x5a30</load_address>
         <run_address>0x5a30</run_address>
         <size>0x2e</size>
         <input_file_ref idref="fl-d9"/>
      </object_component>
      <object_component id="oc-286">
         <name>.text:free_list_insert</name>
         <load_address>0x5a60</load_address>
         <run_address>0x5a60</run_address>
         <size>0x28</size>
         <input_file_ref idref="fl-df"/>
      </object_component>
      <object_component id="oc-266">
         <name>.text</name>
         <load_address>0x5a88</load_address>
         <run_address>0x5a88</run_address>
         <size>0x20</size>
         <input_file_ref idref="fl-db"/>
      </object_component>
      <object_component id="oc-4a">
         <name>.text:decompress:ZI:__TI_zero_init_nomemset:__TI_zero_init_nomemset</name>
         <load_address>0x5aa8</load_address>
         <run_address>0x5aa8</run_address>
         <size>0x1c</size>
         <input_file_ref idref="fl-dc"/>
      </object_component>
      <object_component id="oc-280">
         <name>.text:free_list_remove</name>
         <load_address>0x5ac4</load_address>
         <run_address>0x5ac4</run_address>
         <size>0x1c</size>
         <input_file_ref idref="fl-df"/>
      </object_component>
      <object_component id="oc-2f7">
         <name>.text:memccpy</name>
         <load_address>0x5ae0</load_address>
         <run_address>0x5ae0</run_address>
         <size>0x1c</size>
         <input_file_ref idref="fl-f6"/>
      </object_component>
      <object_component id="oc-2ab">
         <name>.text:copysign</name>
         <load_address>0x5afc</load_address>
         <run_address>0x5afc</run_address>
         <size>0x1a</size>
         <input_file_ref idref="fl-e6"/>
      </object_component>
      <object_component id="oc-211">
         <name>.text:_outs</name>
         <load_address>0x5b16</load_address>
         <run_address>0x5b16</run_address>
         <size>0x18</size>
         <input_file_ref idref="fl-cf"/>
      </object_component>
      <object_component id="oc-1a4">
         <name>.text:oi_parseInt</name>
         <load_address>0x5b2e</load_address>
         <run_address>0x5b2e</run_address>
         <size>0x18</size>
         <input_file_ref idref="fl-7"/>
      </object_component>
      <object_component id="oc-1ab">
         <name>.text:strcmp</name>
         <load_address>0x5b46</load_address>
         <run_address>0x5b46</run_address>
         <size>0x18</size>
         <input_file_ref idref="fl-e0"/>
      </object_component>
      <object_component id="oc-395">
         <name>.text:strchr</name>
         <load_address>0x5b5e</load_address>
         <run_address>0x5b5e</run_address>
         <size>0x16</size>
         <input_file_ref idref="fl-f7"/>
      </object_component>
      <object_component id="oc-e8">
         <name>.text:strlen</name>
         <load_address>0x5b74</load_address>
         <run_address>0x5b74</run_address>
         <size>0x14</size>
         <input_file_ref idref="fl-e2"/>
      </object_component>
      <object_component id="oc-2fd">
         <name>.text:wcslen</name>
         <load_address>0x5b88</load_address>
         <run_address>0x5b88</run_address>
         <size>0x12</size>
         <input_file_ref idref="fl-f9"/>
      </object_component>
      <object_component id="oc-1b1">
         <name>.text:IntMasterEnable</name>
         <load_address>0x5b9a</load_address>
         <run_address>0x5b9a</run_address>
         <size>0x10</size>
         <input_file_ref idref="fl-fb"/>
      </object_component>
      <object_component id="oc-1b">
         <name>.text:decompress:none:__TI_decompress_none</name>
         <load_address>0x5baa</load_address>
         <run_address>0x5baa</run_address>
         <size>0xe</size>
         <input_file_ref idref="fl-dd"/>
      </object_component>
      <object_component id="oc-28f">
         <name>.text:CPUcpsie</name>
         <load_address>0x5bb8</load_address>
         <run_address>0x5bb8</run_address>
         <size>0xc</size>
         <input_file_ref idref="fl-fc"/>
      </object_component>
      <object_component id="oc-2a">
         <name>.text</name>
         <load_address>0x5bc4</load_address>
         <run_address>0x5bc4</run_address>
         <size>0xc</size>
         <input_file_ref idref="fl-f"/>
      </object_component>
      <object_component id="oc-217">
         <name>.text:_outc</name>
         <load_address>0x5bd0</load_address>
         <run_address>0x5bd0</run_address>
         <size>0xa</size>
         <input_file_ref idref="fl-cf"/>
      </object_component>
      <object_component id="oc-1dd">
         <name>.text:__aeabi_errno_addr</name>
         <load_address>0x5bdc</load_address>
         <run_address>0x5bdc</run_address>
         <size>0x8</size>
         <input_file_ref idref="fl-e4"/>
      </object_component>
      <object_component id="oc-279">
         <name>.text:malloc</name>
         <load_address>0x5be4</load_address>
         <run_address>0x5be4</run_address>
         <size>0x8</size>
         <input_file_ref idref="fl-df"/>
      </object_component>
      <object_component id="oc-9c">
         <name>.text:_system_pre_init</name>
         <load_address>0x5bec</load_address>
         <run_address>0x5bec</run_address>
         <size>0x4</size>
         <input_file_ref idref="fl-ee"/>
      </object_component>
      <object_component id="oc-13a">
         <name>.text:abort:abort</name>
         <load_address>0x5bf0</load_address>
         <run_address>0x5bf0</run_address>
         <size>0x4</size>
         <input_file_ref idref="fl-f0"/>
      </object_component>
      <object_component id="oc-2c7">
         <name>.const:$O1$$</name>
         <load_address>0x5bf8</load_address>
         <run_address>0x5bf8</run_address>
         <size>0x158</size>
         <input_file_ref idref="fl-e3"/>
      </object_component>
      <object_component id="oc-363">
         <name>.const:.string:_ctypes_</name>
         <load_address>0x5d50</load_address>
         <run_address>0x5d50</run_address>
         <size>0x101</size>
         <input_file_ref idref="fl-f5"/>
      </object_component>
      <object_component id="oc-12a">
         <name>.const:.string:$P$T0$1</name>
         <load_address>0x5e51</load_address>
         <run_address>0x5e51</run_address>
         <size>0x38</size>
         <input_file_ref idref="fl-4"/>
      </object_component>
      <object_component id="oc-1e3">
         <name>.const:$O1$$</name>
         <load_address>0x5e90</load_address>
         <run_address>0x5e90</run_address>
         <size>0x30</size>
         <input_file_ref idref="fl-cb"/>
      </object_component>
      <object_component id="oc-1ba">
         <name>.const:.string:$P$T0$3</name>
         <load_address>0x5ec0</load_address>
         <run_address>0x5ec0</run_address>
         <size>0xf</size>
         <input_file_ref idref="fl-7"/>
      </object_component>
      <object_component id="oc-429">
         <name>.cinit..data.load</name>
         <load_address>0x5ed0</load_address>
         <run_address>0x5ed0</run_address>
         <size>0x1e</size>
      </object_component>
      <object_component id="oc-426">
         <name>__TI_handler_table</name>
         <load_address>0x5ef0</load_address>
         <run_address>0x5ef0</run_address>
         <size>0xc</size>
      </object_component>
      <object_component id="oc-42a">
         <name>.cinit..bss.load</name>
         <load_address>0x5f00</load_address>
         <run_address>0x5f00</run_address>
         <size>0x8</size>
      </object_component>
      <object_component id="oc-428">
         <name>.cinit..vtable.load</name>
         <load_address>0x5f08</load_address>
         <run_address>0x5f08</run_address>
         <size>0x8</size>
      </object_component>
      <object_component id="oc-427">
         <name>__TI_cinit_table</name>
         <load_address>0x5f10</load_address>
         <run_address>0x5f10</run_address>
         <size>0x18</size>
      </object_component>
      <object_component id="oc-25a">
         <name>.vtable</name>
         <uninitialized>true</uninitialized>
         <run_address>0x20000000</run_address>
         <size>0x26c</size>
         <input_file_ref idref="fl-fb"/>
      </object_component>
      <object_component id="oc-1b7">
         <name>.data</name>
         <load_address>0x20002270</load_address>
         <run_address>0x20002270</run_address>
         <size>0x20</size>
         <input_file_ref idref="fl-7"/>
      </object_component>
      <object_component id="oc-26e">
         <name>.data</name>
         <load_address>0x200022a0</load_address>
         <run_address>0x200022a0</run_address>
         <size>0x8</size>
         <input_file_ref idref="fl-8"/>
      </object_component>
      <object_component id="oc-277">
         <name>.data</name>
         <load_address>0x200022ac</load_address>
         <run_address>0x200022ac</run_address>
         <size>0x1</size>
         <input_file_ref idref="fl-d"/>
      </object_component>
      <object_component id="oc-1d2">
         <name>.data</name>
         <load_address>0x200022ad</load_address>
         <run_address>0x200022ad</run_address>
         <size>0x1</size>
         <input_file_ref idref="fl-e"/>
      </object_component>
      <object_component id="oc-345">
         <name>.data:$O1$$</name>
         <load_address>0x20002298</load_address>
         <run_address>0x20002298</run_address>
         <size>0x8</size>
         <input_file_ref idref="fl-df"/>
      </object_component>
      <object_component id="oc-2a4">
         <name>.data</name>
         <load_address>0x200022a8</load_address>
         <run_address>0x200022a8</run_address>
         <size>0x4</size>
         <input_file_ref idref="fl-e4"/>
      </object_component>
      <object_component id="oc-23e">
         <name>.data:$O1$$</name>
         <load_address>0x20002290</load_address>
         <run_address>0x20002290</run_address>
         <size>0x8</size>
         <input_file_ref idref="fl-f1"/>
      </object_component>
      <object_component id="oc-1c7">
         <name>.bss:firmware$2</name>
         <uninitialized>true</uninitialized>
         <run_address>0x200022b0</run_address>
         <size>0x18</size>
         <input_file_ref idref="fl-7"/>
      </object_component>
      <object_component id="oc-26b">
         <name>.common:pulsewidth</name>
         <uninitialized>true</uninitialized>
         <run_address>0x200022cc</run_address>
         <size>0x4</size>
      </object_component>
      <object_component id="oc-26f">
         <name>.common:rising_edge</name>
         <uninitialized>true</uninitialized>
         <run_address>0x200022d1</run_address>
         <size>0x1</size>
      </object_component>
      <object_component id="oc-1d5">
         <name>.common:_timeout_ticks</name>
         <uninitialized>true</uninitialized>
         <run_address>0x200022c8</run_address>
         <size>0x4</size>
      </object_component>
      <object_component id="oc-183">
         <name>.common:uart_data</name>
         <uninitialized>true</uninitialized>
         <run_address>0x200022d2</run_address>
         <size>0x1</size>
      </object_component>
      <object_component id="oc-180">
         <name>.common:flag</name>
         <uninitialized>true</uninitialized>
         <run_address>0x200022d0</run_address>
         <size>0x1</size>
      </object_component>
      <object_component id="oc-24">
         <name>.sysmem</name>
         <uninitialized>true</uninitialized>
         <run_address>0x20001270</run_address>
         <size>0x10</size>
         <input_file_ref idref="fl-df"/>
      </object_component>
      <object_component id="oc-42d">
         <name>.sysmem</name>
         <uninitialized>true</uninitialized>
         <run_address>0x20001270</run_address>
         <size>0x0</size>
      </object_component>
      <object_component id="oc-27">
         <name>.stack</name>
         <uninitialized>true</uninitialized>
         <run_address>0x20000270</run_address>
         <size>0x4</size>
         <input_file_ref idref="fl-e5"/>
      </object_component>
      <object_component id="oc-42c">
         <name>.stack</name>
         <uninitialized>true</uninitialized>
         <run_address>0x20000270</run_address>
         <size>0x0</size>
      </object_component>
      <object_component id="oc-c5">
         <name>.debug_info</name>
         <load_address>0x0</load_address>
         <run_address>0x0</run_address>
         <size>0x273</size>
         <input_file_ref idref="fl-2"/>
      </object_component>
      <object_component id="oc-18c">
         <name>.debug_info</name>
         <load_address>0x273</load_address>
         <run_address>0x273</run_address>
         <size>0x16f</size>
         <input_file_ref idref="fl-2"/>
      </object_component>
      <object_component id="oc-77">
         <name>.debug_info</name>
         <load_address>0x3e2</load_address>
         <run_address>0x3e2</run_address>
         <size>0x26b</size>
         <input_file_ref idref="fl-2"/>
      </object_component>
      <object_component id="oc-39">
         <name>.debug_info</name>
         <load_address>0x64d</load_address>
         <run_address>0x64d</run_address>
         <size>0x84</size>
         <input_file_ref idref="fl-2"/>
      </object_component>
      <object_component id="oc-c0">
         <name>.debug_info</name>
         <load_address>0x6d1</load_address>
         <run_address>0x6d1</run_address>
         <size>0x2a4</size>
         <input_file_ref idref="fl-2"/>
      </object_component>
      <object_component id="oc-7c">
         <name>.debug_info</name>
         <load_address>0x975</load_address>
         <run_address>0x975</run_address>
         <size>0xbb</size>
         <input_file_ref idref="fl-2"/>
      </object_component>
      <object_component id="oc-235">
         <name>.debug_info</name>
         <load_address>0xa30</load_address>
         <run_address>0xa30</run_address>
         <size>0xcc</size>
         <input_file_ref idref="fl-2"/>
      </object_component>
      <object_component id="oc-21f">
         <name>.debug_info</name>
         <load_address>0xafc</load_address>
         <run_address>0xafc</run_address>
         <size>0x2c</size>
         <input_file_ref idref="fl-2"/>
      </object_component>
      <object_component id="oc-139">
         <name>.debug_info</name>
         <load_address>0xb28</load_address>
         <run_address>0xb28</run_address>
         <size>0x55b</size>
         <input_file_ref idref="fl-4"/>
      </object_component>
      <object_component id="oc-12b">
         <name>.debug_info</name>
         <load_address>0x1083</load_address>
         <run_address>0x1083</run_address>
         <size>0xc1</size>
         <input_file_ref idref="fl-4"/>
      </object_component>
      <object_component id="oc-a5">
         <name>.debug_info</name>
         <load_address>0x1144</load_address>
         <run_address>0x1144</run_address>
         <size>0x74b</size>
         <input_file_ref idref="fl-4"/>
      </object_component>
      <object_component id="oc-22b">
         <name>.debug_info</name>
         <load_address>0x188f</load_address>
         <run_address>0x188f</run_address>
         <size>0x5aa</size>
         <input_file_ref idref="fl-4"/>
      </object_component>
      <object_component id="oc-230">
         <name>.debug_info</name>
         <load_address>0x1e39</load_address>
         <run_address>0x1e39</run_address>
         <size>0x7d</size>
         <input_file_ref idref="fl-4"/>
      </object_component>
      <object_component id="oc-228">
         <name>.debug_info</name>
         <load_address>0x1eb6</load_address>
         <run_address>0x1eb6</run_address>
         <size>0x2dd</size>
         <input_file_ref idref="fl-6"/>
      </object_component>
      <object_component id="oc-134">
         <name>.debug_info</name>
         <load_address>0x2193</load_address>
         <run_address>0x2193</run_address>
         <size>0x570</size>
         <input_file_ref idref="fl-6"/>
      </object_component>
      <object_component id="oc-1c9">
         <name>.debug_info</name>
         <load_address>0x2703</load_address>
         <run_address>0x2703</run_address>
         <size>0x3f9</size>
         <input_file_ref idref="fl-7"/>
      </object_component>
      <object_component id="oc-1b8">
         <name>.debug_info</name>
         <load_address>0x2afc</load_address>
         <run_address>0x2afc</run_address>
         <size>0x114</size>
         <input_file_ref idref="fl-7"/>
      </object_component>
      <object_component id="oc-1bb">
         <name>.debug_info</name>
         <load_address>0x2c10</load_address>
         <run_address>0x2c10</run_address>
         <size>0xc9</size>
         <input_file_ref idref="fl-7"/>
      </object_component>
      <object_component id="oc-1a5">
         <name>.debug_info</name>
         <load_address>0x2cd9</load_address>
         <run_address>0x2cd9</run_address>
         <size>0x141</size>
         <input_file_ref idref="fl-7"/>
      </object_component>
      <object_component id="oc-e3">
         <name>.debug_info</name>
         <load_address>0x2e1a</load_address>
         <run_address>0x2e1a</run_address>
         <size>0x198b</size>
         <input_file_ref idref="fl-7"/>
      </object_component>
      <object_component id="oc-1ca">
         <name>.debug_info</name>
         <load_address>0x47a5</load_address>
         <run_address>0x47a5</run_address>
         <size>0x8b</size>
         <input_file_ref idref="fl-7"/>
      </object_component>
      <object_component id="oc-26c">
         <name>.debug_info</name>
         <load_address>0x4830</load_address>
         <run_address>0x4830</run_address>
         <size>0x308</size>
         <input_file_ref idref="fl-8"/>
      </object_component>
      <object_component id="oc-187">
         <name>.debug_info</name>
         <load_address>0x4b38</load_address>
         <run_address>0x4b38</run_address>
         <size>0x3be</size>
         <input_file_ref idref="fl-8"/>
      </object_component>
      <object_component id="oc-de">
         <name>.debug_info</name>
         <load_address>0x4ef6</load_address>
         <run_address>0x4ef6</run_address>
         <size>0x1ee</size>
         <input_file_ref idref="fl-c"/>
      </object_component>
      <object_component id="oc-194">
         <name>.debug_info</name>
         <load_address>0x50e4</load_address>
         <run_address>0x50e4</run_address>
         <size>0x1ea</size>
         <input_file_ref idref="fl-d"/>
      </object_component>
      <object_component id="oc-1d6">
         <name>.debug_info</name>
         <load_address>0x52ce</load_address>
         <run_address>0x52ce</run_address>
         <size>0x2b4</size>
         <input_file_ref idref="fl-e"/>
      </object_component>
      <object_component id="oc-1d3">
         <name>.debug_info</name>
         <load_address>0x5582</load_address>
         <run_address>0x5582</run_address>
         <size>0xc2</size>
         <input_file_ref idref="fl-e"/>
      </object_component>
      <object_component id="oc-f4">
         <name>.debug_info</name>
         <load_address>0x5644</load_address>
         <run_address>0x5644</run_address>
         <size>0x4f9</size>
         <input_file_ref idref="fl-e"/>
      </object_component>
      <object_component id="oc-32">
         <name>.debug_info</name>
         <load_address>0x5b3d</load_address>
         <run_address>0x5b3d</run_address>
         <size>0x29e</size>
         <input_file_ref idref="fl-f"/>
      </object_component>
      <object_component id="oc-13">
         <name>.debug_info</name>
         <load_address>0x5ddb</load_address>
         <run_address>0x5ddb</run_address>
         <size>0xdd</size>
         <input_file_ref idref="fl-f"/>
      </object_component>
      <object_component id="oc-2b">
         <name>.debug_info</name>
         <load_address>0x5eb8</load_address>
         <run_address>0x5eb8</run_address>
         <size>0x259</size>
         <input_file_ref idref="fl-f"/>
      </object_component>
      <object_component id="oc-181">
         <name>.debug_info</name>
         <load_address>0x6111</load_address>
         <run_address>0x6111</run_address>
         <size>0x2de</size>
         <input_file_ref idref="fl-10"/>
      </object_component>
      <object_component id="oc-d9">
         <name>.debug_info</name>
         <load_address>0x63ef</load_address>
         <run_address>0x63ef</run_address>
         <size>0x3ec</size>
         <input_file_ref idref="fl-10"/>
      </object_component>
      <object_component id="oc-1f2">
         <name>.debug_info</name>
         <load_address>0x67db</load_address>
         <run_address>0x67db</run_address>
         <size>0x363</size>
         <input_file_ref idref="fl-cb"/>
      </object_component>
      <object_component id="oc-1e4">
         <name>.debug_info</name>
         <load_address>0x6b3e</load_address>
         <run_address>0x6b3e</run_address>
         <size>0x128</size>
         <input_file_ref idref="fl-cb"/>
      </object_component>
      <object_component id="oc-10f">
         <name>.debug_info</name>
         <load_address>0x6c66</load_address>
         <run_address>0x6c66</run_address>
         <size>0xbdf</size>
         <input_file_ref idref="fl-cb"/>
      </object_component>
      <object_component id="oc-2b8">
         <name>.debug_info</name>
         <load_address>0x7845</load_address>
         <run_address>0x7845</run_address>
         <size>0x46</size>
         <input_file_ref idref="fl-cb"/>
      </object_component>
      <object_component id="oc-1ed">
         <name>.debug_info</name>
         <load_address>0x788b</load_address>
         <run_address>0x788b</run_address>
         <size>0x39</size>
         <input_file_ref idref="fl-cb"/>
      </object_component>
      <object_component id="oc-20a">
         <name>.debug_info</name>
         <load_address>0x78c4</load_address>
         <run_address>0x78c4</run_address>
         <size>0x2ca</size>
         <input_file_ref idref="fl-cc"/>
      </object_component>
      <object_component id="oc-121">
         <name>.debug_info</name>
         <load_address>0x7b8e</load_address>
         <run_address>0x7b8e</run_address>
         <size>0x24e</size>
         <input_file_ref idref="fl-cc"/>
      </object_component>
      <object_component id="oc-208">
         <name>.debug_info</name>
         <load_address>0x7ddc</load_address>
         <run_address>0x7ddc</run_address>
         <size>0x366</size>
         <input_file_ref idref="fl-cd"/>
      </object_component>
      <object_component id="oc-11a">
         <name>.debug_info</name>
         <load_address>0x8142</load_address>
         <run_address>0x8142</run_address>
         <size>0x79b</size>
         <input_file_ref idref="fl-cd"/>
      </object_component>
      <object_component id="oc-2b2">
         <name>.debug_info</name>
         <load_address>0x88dd</load_address>
         <run_address>0x88dd</run_address>
         <size>0x2fd</size>
         <input_file_ref idref="fl-ce"/>
      </object_component>
      <object_component id="oc-1e7">
         <name>.debug_info</name>
         <load_address>0x8bda</load_address>
         <run_address>0x8bda</run_address>
         <size>0x225</size>
         <input_file_ref idref="fl-ce"/>
      </object_component>
      <object_component id="oc-354">
         <name>.debug_info</name>
         <load_address>0x8dff</load_address>
         <run_address>0x8dff</run_address>
         <size>0x39</size>
         <input_file_ref idref="fl-ce"/>
      </object_component>
      <object_component id="oc-2b3">
         <name>.debug_info</name>
         <load_address>0x8e38</load_address>
         <run_address>0x8e38</run_address>
         <size>0x2c</size>
         <input_file_ref idref="fl-ce"/>
      </object_component>
      <object_component id="oc-21e">
         <name>.debug_info</name>
         <load_address>0x8e64</load_address>
         <run_address>0x8e64</run_address>
         <size>0x333</size>
         <input_file_ref idref="fl-cf"/>
      </object_component>
      <object_component id="oc-128">
         <name>.debug_info</name>
         <load_address>0x9197</load_address>
         <run_address>0x9197</run_address>
         <size>0x1d1</size>
         <input_file_ref idref="fl-cf"/>
      </object_component>
      <object_component id="oc-215">
         <name>.debug_info</name>
         <load_address>0x9368</load_address>
         <run_address>0x9368</run_address>
         <size>0x18d</size>
         <input_file_ref idref="fl-cf"/>
      </object_component>
      <object_component id="oc-21a">
         <name>.debug_info</name>
         <load_address>0x94f5</load_address>
         <run_address>0x94f5</run_address>
         <size>0x16d</size>
         <input_file_ref idref="fl-cf"/>
      </object_component>
      <object_component id="oc-3a7">
         <name>.debug_info</name>
         <load_address>0x9662</load_address>
         <run_address>0x9662</run_address>
         <size>0x2c</size>
         <input_file_ref idref="fl-cf"/>
      </object_component>
      <object_component id="oc-101">
         <name>.debug_info</name>
         <load_address>0x968e</load_address>
         <run_address>0x968e</run_address>
         <size>0x14c</size>
         <input_file_ref idref="fl-d1"/>
      </object_component>
      <object_component id="oc-ef">
         <name>.debug_info</name>
         <load_address>0x97da</load_address>
         <run_address>0x97da</run_address>
         <size>0x128</size>
         <input_file_ref idref="fl-d2"/>
      </object_component>
      <object_component id="oc-12e">
         <name>.debug_info</name>
         <load_address>0x9902</load_address>
         <run_address>0x9902</run_address>
         <size>0x12a</size>
         <input_file_ref idref="fl-d2"/>
      </object_component>
      <object_component id="oc-109">
         <name>.debug_info</name>
         <load_address>0x9a2c</load_address>
         <run_address>0x9a2c</run_address>
         <size>0x13a</size>
         <input_file_ref idref="fl-d3"/>
      </object_component>
      <object_component id="oc-114">
         <name>.debug_info</name>
         <load_address>0x9b66</load_address>
         <run_address>0x9b66</run_address>
         <size>0x13a</size>
         <input_file_ref idref="fl-d4"/>
      </object_component>
      <object_component id="oc-fa">
         <name>.debug_info</name>
         <load_address>0x9ca0</load_address>
         <run_address>0x9ca0</run_address>
         <size>0x12e</size>
         <input_file_ref idref="fl-d5"/>
      </object_component>
      <object_component id="oc-1be">
         <name>.debug_info</name>
         <load_address>0x9dce</load_address>
         <run_address>0x9dce</run_address>
         <size>0x13e</size>
         <input_file_ref idref="fl-d6"/>
      </object_component>
      <object_component id="oc-273">
         <name>.debug_info</name>
         <load_address>0x9f0c</load_address>
         <run_address>0x9f0c</run_address>
         <size>0x139</size>
         <input_file_ref idref="fl-d7"/>
      </object_component>
      <object_component id="oc-1c3">
         <name>.debug_info</name>
         <load_address>0xa045</load_address>
         <run_address>0xa045</run_address>
         <size>0x12c</size>
         <input_file_ref idref="fl-d8"/>
      </object_component>
      <object_component id="oc-105">
         <name>.debug_info</name>
         <load_address>0xa171</load_address>
         <run_address>0xa171</run_address>
         <size>0x12c</size>
         <input_file_ref idref="fl-d9"/>
      </object_component>
      <object_component id="oc-3f">
         <name>.debug_info</name>
         <load_address>0xa29d</load_address>
         <run_address>0xa29d</run_address>
         <size>0x119</size>
         <input_file_ref idref="fl-da"/>
      </object_component>
      <object_component id="oc-267">
         <name>.debug_info</name>
         <load_address>0xa3b6</load_address>
         <run_address>0xa3b6</run_address>
         <size>0x12e</size>
         <input_file_ref idref="fl-db"/>
      </object_component>
      <object_component id="oc-95">
         <name>.debug_info</name>
         <load_address>0xa4e4</load_address>
         <run_address>0xa4e4</run_address>
         <size>0x2d4</size>
         <input_file_ref idref="fl-dc"/>
      </object_component>
      <object_component id="oc-4e">
         <name>.debug_info</name>
         <load_address>0xa7b8</load_address>
         <run_address>0xa7b8</run_address>
         <size>0x1d2</size>
         <input_file_ref idref="fl-dc"/>
      </object_component>
      <object_component id="oc-90">
         <name>.debug_info</name>
         <load_address>0xa98a</load_address>
         <run_address>0xa98a</run_address>
         <size>0x46</size>
         <input_file_ref idref="fl-dc"/>
      </object_component>
      <object_component id="oc-cd">
         <name>.debug_info</name>
         <load_address>0xa9d0</load_address>
         <run_address>0xa9d0</run_address>
         <size>0x2c</size>
         <input_file_ref idref="fl-dc"/>
      </object_component>
      <object_component id="oc-49">
         <name>.debug_info</name>
         <load_address>0xa9fc</load_address>
         <run_address>0xa9fc</run_address>
         <size>0x2a8</size>
         <input_file_ref idref="fl-dd"/>
      </object_component>
      <object_component id="oc-1f">
         <name>.debug_info</name>
         <load_address>0xaca4</load_address>
         <run_address>0xaca4</run_address>
         <size>0x1ea</size>
         <input_file_ref idref="fl-dd"/>
      </object_component>
      <object_component id="oc-44">
         <name>.debug_info</name>
         <load_address>0xae8e</load_address>
         <run_address>0xae8e</run_address>
         <size>0x46</size>
         <input_file_ref idref="fl-dd"/>
      </object_component>
      <object_component id="oc-88">
         <name>.debug_info</name>
         <load_address>0xaed4</load_address>
         <run_address>0xaed4</run_address>
         <size>0x2c</size>
         <input_file_ref idref="fl-dd"/>
      </object_component>
      <object_component id="oc-86">
         <name>.debug_info</name>
         <load_address>0xaf00</load_address>
         <run_address>0xaf00</run_address>
         <size>0x29e</size>
         <input_file_ref idref="fl-de"/>
      </object_component>
      <object_component id="oc-16">
         <name>.debug_info</name>
         <load_address>0xb19e</load_address>
         <run_address>0xb19e</run_address>
         <size>0x250</size>
         <input_file_ref idref="fl-de"/>
      </object_component>
      <object_component id="oc-34">
         <name>.debug_info</name>
         <load_address>0xb3ee</load_address>
         <run_address>0xb3ee</run_address>
         <size>0x60</size>
         <input_file_ref idref="fl-de"/>
      </object_component>
      <object_component id="oc-c6">
         <name>.debug_info</name>
         <load_address>0xb44e</load_address>
         <run_address>0xb44e</run_address>
         <size>0x46</size>
         <input_file_ref idref="fl-de"/>
      </object_component>
      <object_component id="oc-81">
         <name>.debug_info</name>
         <load_address>0xb494</load_address>
         <run_address>0xb494</run_address>
         <size>0x39</size>
         <input_file_ref idref="fl-de"/>
      </object_component>
      <object_component id="oc-70">
         <name>.debug_info</name>
         <load_address>0xb4cd</load_address>
         <run_address>0xb4cd</run_address>
         <size>0x3b2</size>
         <input_file_ref idref="fl-df"/>
      </object_component>
      <object_component id="oc-25">
         <name>.debug_info</name>
         <load_address>0xb87f</load_address>
         <run_address>0xb87f</run_address>
         <size>0x10c</size>
         <input_file_ref idref="fl-df"/>
      </object_component>
      <object_component id="oc-346">
         <name>.debug_info</name>
         <load_address>0xb98b</load_address>
         <run_address>0xb98b</run_address>
         <size>0x13f</size>
         <input_file_ref idref="fl-df"/>
      </object_component>
      <object_component id="oc-27a">
         <name>.debug_info</name>
         <load_address>0xbaca</load_address>
         <run_address>0xbaca</run_address>
         <size>0x168</size>
         <input_file_ref idref="fl-df"/>
      </object_component>
      <object_component id="oc-283">
         <name>.debug_info</name>
         <load_address>0xbc32</load_address>
         <run_address>0xbc32</run_address>
         <size>0x18e</size>
         <input_file_ref idref="fl-df"/>
      </object_component>
      <object_component id="oc-288">
         <name>.debug_info</name>
         <load_address>0xbdc0</load_address>
         <run_address>0xbdc0</run_address>
         <size>0x19f</size>
         <input_file_ref idref="fl-df"/>
      </object_component>
      <object_component id="oc-1a1">
         <name>.debug_info</name>
         <load_address>0xbf5f</load_address>
         <run_address>0xbf5f</run_address>
         <size>0x203</size>
         <input_file_ref idref="fl-df"/>
      </object_component>
      <object_component id="oc-3c6">
         <name>.debug_info</name>
         <load_address>0xc162</load_address>
         <run_address>0xc162</run_address>
         <size>0x1db</size>
         <input_file_ref idref="fl-df"/>
      </object_component>
      <object_component id="oc-199">
         <name>.debug_info</name>
         <load_address>0xc33d</load_address>
         <run_address>0xc33d</run_address>
         <size>0x1a5</size>
         <input_file_ref idref="fl-df"/>
      </object_component>
      <object_component id="oc-33f">
         <name>.debug_info</name>
         <load_address>0xc4e2</load_address>
         <run_address>0xc4e2</run_address>
         <size>0x299</size>
         <input_file_ref idref="fl-df"/>
      </object_component>
      <object_component id="oc-bb">
         <name>.debug_info</name>
         <load_address>0xc77b</load_address>
         <run_address>0xc77b</run_address>
         <size>0xb2</size>
         <input_file_ref idref="fl-df"/>
      </object_component>
      <object_component id="oc-b6">
         <name>.debug_info</name>
         <load_address>0xc82d</load_address>
         <run_address>0xc82d</run_address>
         <size>0x2c</size>
         <input_file_ref idref="fl-df"/>
      </object_component>
      <object_component id="oc-28e">
         <name>.debug_info</name>
         <load_address>0xc859</load_address>
         <run_address>0xc859</run_address>
         <size>0x28a</size>
         <input_file_ref idref="fl-e0"/>
      </object_component>
      <object_component id="oc-1ae">
         <name>.debug_info</name>
         <load_address>0xcae3</load_address>
         <run_address>0xcae3</run_address>
         <size>0x273</size>
         <input_file_ref idref="fl-e0"/>
      </object_component>
      <object_component id="oc-1d0">
         <name>.debug_info</name>
         <load_address>0xcd56</load_address>
         <run_address>0xcd56</run_address>
         <size>0x28f</size>
         <input_file_ref idref="fl-e2"/>
      </object_component>
      <object_component id="oc-ea">
         <name>.debug_info</name>
         <load_address>0xcfe5</load_address>
         <run_address>0xcfe5</run_address>
         <size>0x245</size>
         <input_file_ref idref="fl-e2"/>
      </object_component>
      <object_component id="oc-2cb">
         <name>.debug_info</name>
         <load_address>0xd22a</load_address>
         <run_address>0xd22a</run_address>
         <size>0x3aa</size>
         <input_file_ref idref="fl-e3"/>
      </object_component>
      <object_component id="oc-2c8">
         <name>.debug_info</name>
         <load_address>0xd5d4</load_address>
         <run_address>0xd5d4</run_address>
         <size>0x13a</size>
         <input_file_ref idref="fl-e3"/>
      </object_component>
      <object_component id="oc-1fe">
         <name>.debug_info</name>
         <load_address>0xd70e</load_address>
         <run_address>0xd70e</run_address>
         <size>0x72f</size>
         <input_file_ref idref="fl-e3"/>
      </object_component>
      <object_component id="oc-2a8">
         <name>.debug_info</name>
         <load_address>0xde3d</load_address>
         <run_address>0xde3d</run_address>
         <size>0x289</size>
         <input_file_ref idref="fl-e4"/>
      </object_component>
      <object_component id="oc-2a5">
         <name>.debug_info</name>
         <load_address>0xe0c6</load_address>
         <run_address>0xe0c6</run_address>
         <size>0x10e</size>
         <input_file_ref idref="fl-e4"/>
      </object_component>
      <object_component id="oc-1e0">
         <name>.debug_info</name>
         <load_address>0xe1d4</load_address>
         <run_address>0xe1d4</run_address>
         <size>0x14e</size>
         <input_file_ref idref="fl-e4"/>
      </object_component>
      <object_component id="oc-28">
         <name>.debug_info</name>
         <load_address>0xe322</load_address>
         <run_address>0xe322</run_address>
         <size>0x10b</size>
         <input_file_ref idref="fl-e5"/>
      </object_component>
      <object_component id="oc-5d">
         <name>.debug_info</name>
         <load_address>0xe42d</load_address>
         <run_address>0xe42d</run_address>
         <size>0x1a9</size>
         <input_file_ref idref="fl-e5"/>
      </object_component>
      <object_component id="oc-2ae">
         <name>.debug_info</name>
         <load_address>0xe5d6</load_address>
         <run_address>0xe5d6</run_address>
         <size>0x161</size>
         <input_file_ref idref="fl-e6"/>
      </object_component>
      <object_component id="oc-2c0">
         <name>.debug_info</name>
         <load_address>0xe737</load_address>
         <run_address>0xe737</run_address>
         <size>0x28d</size>
         <input_file_ref idref="fl-e7"/>
      </object_component>
      <object_component id="oc-1f6">
         <name>.debug_info</name>
         <load_address>0xe9c4</load_address>
         <run_address>0xe9c4</run_address>
         <size>0x327</size>
         <input_file_ref idref="fl-e7"/>
      </object_component>
      <object_component id="oc-2ce">
         <name>.debug_info</name>
         <load_address>0xeceb</load_address>
         <run_address>0xeceb</run_address>
         <size>0x292</size>
         <input_file_ref idref="fl-e8"/>
      </object_component>
      <object_component id="oc-202">
         <name>.debug_info</name>
         <load_address>0xef7d</load_address>
         <run_address>0xef7d</run_address>
         <size>0x380</size>
         <input_file_ref idref="fl-e8"/>
      </object_component>
      <object_component id="oc-35c">
         <name>.debug_info</name>
         <load_address>0xf2fd</load_address>
         <run_address>0xf2fd</run_address>
         <size>0x28f</size>
         <input_file_ref idref="fl-e9"/>
      </object_component>
      <object_component id="oc-2c2">
         <name>.debug_info</name>
         <load_address>0xf58c</load_address>
         <run_address>0xf58c</run_address>
         <size>0x22a</size>
         <input_file_ref idref="fl-e9"/>
      </object_component>
      <object_component id="oc-304">
         <name>.debug_info</name>
         <load_address>0xf7b6</load_address>
         <run_address>0xf7b6</run_address>
         <size>0x590</size>
         <input_file_ref idref="fl-ea"/>
      </object_component>
      <object_component id="oc-2dc">
         <name>.debug_info</name>
         <load_address>0xfd46</load_address>
         <run_address>0xfd46</run_address>
         <size>0x21e</size>
         <input_file_ref idref="fl-ea"/>
      </object_component>
      <object_component id="oc-377">
         <name>.debug_info</name>
         <load_address>0xff64</load_address>
         <run_address>0xff64</run_address>
         <size>0x1b3</size>
         <input_file_ref idref="fl-ea"/>
      </object_component>
      <object_component id="oc-37d">
         <name>.debug_info</name>
         <load_address>0x10117</load_address>
         <run_address>0x10117</run_address>
         <size>0x21b</size>
         <input_file_ref idref="fl-ea"/>
      </object_component>
      <object_component id="oc-2e2">
         <name>.debug_info</name>
         <load_address>0x10332</load_address>
         <run_address>0x10332</run_address>
         <size>0x3c0</size>
         <input_file_ref idref="fl-ea"/>
      </object_component>
      <object_component id="oc-384">
         <name>.debug_info</name>
         <load_address>0x106f2</load_address>
         <run_address>0x106f2</run_address>
         <size>0x30a</size>
         <input_file_ref idref="fl-ea"/>
      </object_component>
      <object_component id="oc-38a">
         <name>.debug_info</name>
         <load_address>0x109fc</load_address>
         <run_address>0x109fc</run_address>
         <size>0x215</size>
         <input_file_ref idref="fl-ea"/>
      </object_component>
      <object_component id="oc-2e8">
         <name>.debug_info</name>
         <load_address>0x10c11</load_address>
         <run_address>0x10c11</run_address>
         <size>0x215</size>
         <input_file_ref idref="fl-ea"/>
      </object_component>
      <object_component id="oc-2ee">
         <name>.debug_info</name>
         <load_address>0x10e26</load_address>
         <run_address>0x10e26</run_address>
         <size>0x304</size>
         <input_file_ref idref="fl-ea"/>
      </object_component>
      <object_component id="oc-2f4">
         <name>.debug_info</name>
         <load_address>0x1112a</load_address>
         <run_address>0x1112a</run_address>
         <size>0x4b5</size>
         <input_file_ref idref="fl-ea"/>
      </object_component>
      <object_component id="oc-20e">
         <name>.debug_info</name>
         <load_address>0x115df</load_address>
         <run_address>0x115df</run_address>
         <size>0x5f4</size>
         <input_file_ref idref="fl-ea"/>
      </object_component>
      <object_component id="oc-305">
         <name>.debug_info</name>
         <load_address>0x11bd3</load_address>
         <run_address>0x11bd3</run_address>
         <size>0x86</size>
         <input_file_ref idref="fl-ea"/>
      </object_component>
      <object_component id="oc-3ac">
         <name>.debug_info</name>
         <load_address>0x11c59</load_address>
         <run_address>0x11c59</run_address>
         <size>0x39</size>
         <input_file_ref idref="fl-ea"/>
      </object_component>
      <object_component id="oc-3ee">
         <name>.debug_info</name>
         <load_address>0x11c92</load_address>
         <run_address>0x11c92</run_address>
         <size>0xb6</size>
         <input_file_ref idref="fl-ea"/>
      </object_component>
      <object_component id="oc-3b1">
         <name>.debug_info</name>
         <load_address>0x11d48</load_address>
         <run_address>0x11d48</run_address>
         <size>0x46</size>
         <input_file_ref idref="fl-ea"/>
      </object_component>
      <object_component id="oc-30a">
         <name>.debug_info</name>
         <load_address>0x11d8e</load_address>
         <run_address>0x11d8e</run_address>
         <size>0x46</size>
         <input_file_ref idref="fl-ea"/>
      </object_component>
      <object_component id="oc-99">
         <name>.debug_info</name>
         <load_address>0x11dd4</load_address>
         <run_address>0x11dd4</run_address>
         <size>0x147</size>
         <input_file_ref idref="fl-eb"/>
      </object_component>
      <object_component id="oc-369">
         <name>.debug_info</name>
         <load_address>0x11f1b</load_address>
         <run_address>0x11f1b</run_address>
         <size>0x134</size>
         <input_file_ref idref="fl-ec"/>
      </object_component>
      <object_component id="oc-245">
         <name>.debug_info</name>
         <load_address>0x1204f</load_address>
         <run_address>0x1204f</run_address>
         <size>0x4b3</size>
         <input_file_ref idref="fl-ed"/>
      </object_component>
      <object_component id="oc-14a">
         <name>.debug_info</name>
         <load_address>0x12502</load_address>
         <run_address>0x12502</run_address>
         <size>0x1a6</size>
         <input_file_ref idref="fl-ed"/>
      </object_component>
      <object_component id="oc-325">
         <name>.debug_info</name>
         <load_address>0x126a8</load_address>
         <run_address>0x126a8</run_address>
         <size>0x39</size>
         <input_file_ref idref="fl-ed"/>
      </object_component>
      <object_component id="oc-3b9">
         <name>.debug_info</name>
         <load_address>0x126e1</load_address>
         <run_address>0x126e1</run_address>
         <size>0x39</size>
         <input_file_ref idref="fl-ed"/>
      </object_component>
      <object_component id="oc-32a">
         <name>.debug_info</name>
         <load_address>0x1271a</load_address>
         <run_address>0x1271a</run_address>
         <size>0x39</size>
         <input_file_ref idref="fl-ed"/>
      </object_component>
      <object_component id="oc-32f">
         <name>.debug_info</name>
         <load_address>0x12753</load_address>
         <run_address>0x12753</run_address>
         <size>0xcd</size>
         <input_file_ref idref="fl-ed"/>
      </object_component>
      <object_component id="oc-9d">
         <name>.debug_info</name>
         <load_address>0x12820</load_address>
         <run_address>0x12820</run_address>
         <size>0x153</size>
         <input_file_ref idref="fl-ee"/>
      </object_component>
      <object_component id="oc-13c">
         <name>.debug_info</name>
         <load_address>0x12973</load_address>
         <run_address>0x12973</run_address>
         <size>0x122</size>
         <input_file_ref idref="fl-f0"/>
      </object_component>
      <object_component id="oc-31f">
         <name>.debug_info</name>
         <load_address>0x12a95</load_address>
         <run_address>0x12a95</run_address>
         <size>0x2c9</size>
         <input_file_ref idref="fl-f1"/>
      </object_component>
      <object_component id="oc-23f">
         <name>.debug_info</name>
         <load_address>0x12d5e</load_address>
         <run_address>0x12d5e</run_address>
         <size>0x11e</size>
         <input_file_ref idref="fl-f1"/>
      </object_component>
      <object_component id="oc-319">
         <name>.debug_info</name>
         <load_address>0x12e7c</load_address>
         <run_address>0x12e7c</run_address>
         <size>0x12e</size>
         <input_file_ref idref="fl-f1"/>
      </object_component>
      <object_component id="oc-3dc">
         <name>.debug_info</name>
         <load_address>0x12faa</load_address>
         <run_address>0x12faa</run_address>
         <size>0x29c</size>
         <input_file_ref idref="fl-f2"/>
      </object_component>
      <object_component id="oc-36f">
         <name>.debug_info</name>
         <load_address>0x13246</load_address>
         <run_address>0x13246</run_address>
         <size>0x1da</size>
         <input_file_ref idref="fl-f2"/>
      </object_component>
      <object_component id="oc-367">
         <name>.debug_info</name>
         <load_address>0x13420</load_address>
         <run_address>0x13420</run_address>
         <size>0x2b9</size>
         <input_file_ref idref="fl-f4"/>
      </object_component>
      <object_component id="oc-2d6">
         <name>.debug_info</name>
         <load_address>0x136d9</load_address>
         <run_address>0x136d9</run_address>
         <size>0x17c</size>
         <input_file_ref idref="fl-f4"/>
      </object_component>
      <object_component id="oc-3d2">
         <name>.debug_info</name>
         <load_address>0x13855</load_address>
         <run_address>0x13855</run_address>
         <size>0xf9</size>
         <input_file_ref idref="fl-f5"/>
      </object_component>
      <object_component id="oc-364">
         <name>.debug_info</name>
         <load_address>0x1394e</load_address>
         <run_address>0x1394e</run_address>
         <size>0x105</size>
         <input_file_ref idref="fl-f5"/>
      </object_component>
      <object_component id="oc-39d">
         <name>.debug_info</name>
         <load_address>0x13a53</load_address>
         <run_address>0x13a53</run_address>
         <size>0x2a7</size>
         <input_file_ref idref="fl-f6"/>
      </object_component>
      <object_component id="oc-2f8">
         <name>.debug_info</name>
         <load_address>0x13cfa</load_address>
         <run_address>0x13cfa</run_address>
         <size>0x1b8</size>
         <input_file_ref idref="fl-f6"/>
      </object_component>
      <object_component id="oc-3e4">
         <name>.debug_info</name>
         <load_address>0x13eb2</load_address>
         <run_address>0x13eb2</run_address>
         <size>0x29a</size>
         <input_file_ref idref="fl-f7"/>
      </object_component>
      <object_component id="oc-399">
         <name>.debug_info</name>
         <load_address>0x1414c</load_address>
         <run_address>0x1414c</run_address>
         <size>0x262</size>
         <input_file_ref idref="fl-f7"/>
      </object_component>
      <object_component id="oc-3e2">
         <name>.debug_info</name>
         <load_address>0x143ae</load_address>
         <run_address>0x143ae</run_address>
         <size>0x29a</size>
         <input_file_ref idref="fl-f8"/>
      </object_component>
      <object_component id="oc-391">
         <name>.debug_info</name>
         <load_address>0x14648</load_address>
         <run_address>0x14648</run_address>
         <size>0x195</size>
         <input_file_ref idref="fl-f8"/>
      </object_component>
      <object_component id="oc-3a4">
         <name>.debug_info</name>
         <load_address>0x147dd</load_address>
         <run_address>0x147dd</run_address>
         <size>0x28f</size>
         <input_file_ref idref="fl-f9"/>
      </object_component>
      <object_component id="oc-2ff">
         <name>.debug_info</name>
         <load_address>0x14a6c</load_address>
         <run_address>0x14a6c</run_address>
         <size>0x15a</size>
         <input_file_ref idref="fl-f9"/>
      </object_component>
[...]
      </symbol>
      <symbol id="sm-1a7">
         <name>oi_parseInt</name>
         <value>0x5b2f</value>
         <object_component_ref idref="oc-1a4"/>
      </symbol>
      <symbol id="sm-1a8">
         <name>oi_setMotorCalibration</name>
         <value>0xdb1</value>
         <object_component_ref idref="oc-e2"/>
      </symbol>
      <symbol id="sm-1a9">
         <name>oi_uartSendStr</name>
         <value>0xa59</value>
         <object_component_ref idref="oc-e2"/>
      </symbol>
      <symbol id="sm-1aa">
         <name>oi_close</name>
         <value>0x2c7</value>
         <object_component_ref idref="oc-e2"/>
      </symbol>
      <symbol id="sm-1ab">
         <name>oi_uartSendBuff</name>
         <value>0xa77</value>
         <object_component_ref idref="oc-e2"/>
      </symbol>
      <symbol id="sm-1ac">
         <name>oi_checkFirmware</name>
         <value>0xaa9</value>
         <object_component_ref idref="oc-e2"/>
      </symbol>
      <symbol id="sm-1ad">
         <name>oi_init_noupdate</name>
         <value>0x289</value>
         <object_component_ref idref="oc-e2"/>
      </symbol>
      <symbol id="sm-1ae">
         <name>oi_uartSendChar</name>
         <value>0xa15</value>
         <object_component_ref idref="oc-e2"/>
      </symbol>
      <symbol id="sm-1af">
         <name>oi_alloc</name>
         <value>0x26d</value>
         <object_component_ref idref="oc-e2"/>
      </symbol>
      <symbol id="sm-1b0">
         <name>oi_getMotorCalibrationLeft</name>
         <value>0xded</value>
         <object_component_ref idref="oc-e2"/>
      </symbol>
      <symbol id="sm-1b1">
         <name>oi_loadSong</name>
         <value>0x915</value>
         <object_component_ref idref="oc-e2"/>
      </symbol>
      <symbol id="sm-1b2">
         <name>oi_play_song</name>
         <value>0x96b</value>
         <object_component_ref idref="oc-e2"/>
      </symbol>
      <symbol id="sm-1b3">
         <name>oi_parsePacket</name>
         <value>0x32b</value>
         <object_component_ref idref="oc-e2"/>
      </symbol>
      <symbol id="sm-1b4">
         <name>oi_setLeds</name>
         <value>0x84b</value>
         <object_component_ref idref="oc-e2"/>
      </symbol>
      <symbol id="sm-1b5">
         <name>oi_init</name>
         <value>0x2b1</value>
         <object_component_ref idref="oc-e2"/>
      </symbol>
      <symbol id="sm-1b6">
         <name>oi_update</name>
         <value>0x2d9</value>
         <object_component_ref idref="oc-e2"/>
      </symbol>
      <symbol id="sm-1b7">
         <name>oi_uartInit</name>
         <value>0x98d</value>
         <object_component_ref idref="oc-e2"/>
      </symbol>
      <symbol id="sm-1f3">
         <name>pulsewidth</name>
         <value>0x200022cc</value>
      </symbol>
      <symbol id="sm-1f4">
         <name>rising_edge</name>
         <value>0x200022d1</value>
      </symbol>
      <symbol id="sm-1f5">
         <name>ping_read</name>
         <value>0x35ab</value>
         <object_component_ref idref="oc-185"/>
      </symbol>
      <symbol id="sm-1f6">
         <name>ping_captureHandler</name>
         <value>0x361f</value>
         <object_component_ref idref="oc-185"/>
      </symbol>
      <symbol id="sm-1f7">
         <name>ping_pulse</name>
         <value>0x3531</value>
         <object_component_ref idref="oc-185"/>
      </symbol>
      <symbol id="sm-1f8">
         <name>ping_init</name>
         <value>0x3475</value>
         <object_component_ref idref="oc-185"/>
      </symbol>
      <symbol id="sm-206">
         <name>s3_b_init</name>
         <value>0x5809</value>
         <object_component_ref idref="oc-dc"/>
      </symbol>
      <symbol id="sm-207">
         <name>s3_b_Scan</name>
         <value>0x581d</value>
         <object_component_ref idref="oc-dc"/>
      </symbol>
      <symbol id="sm-228">
         <name>servo_move</name>
         <value>0x4a55</value>
         <object_component_ref idref="oc-191"/>
      </symbol>
      <symbol id="sm-229">
         <name>servo_init</name>
         <value>0x49b9</value>
         <object_component_ref idref="oc-191"/>
      </symbol>
      <symbol id="sm-263">
         <name>_timeout_ticks</name>
         <value>0x200022c8</value>
      </symbol>
      <symbol id="sm-264">
         <name>timer_pause</name>
         <value>0x3a0f</value>
         <object_component_ref idref="oc-f3"/>
      </symbol>
      <symbol id="sm-265">
         <name>timer_resume</name>
         <value>0x3a21</value>
         <object_component_ref idref="oc-f3"/>
      </symbol>
      <symbol id="sm-266">
         <name>timer_getMillis</name>
         <value>0x3a33</value>
         <object_component_ref idref="oc-f3"/>
      </symbol>
      <symbol id="sm-267">
         <name>_running</name>
         <value>0x200022ad</value>
         <object_component_ref idref="oc-1d2"/>
      </symbol>
      <symbol id="sm-268">
         <name>timer_init</name>
         <value>0x396d</value>
         <object_component_ref idref="oc-f3"/>
      </symbol>
      <symbol id="sm-269">
         <name>timer_stop</name>
         <value>0x39e5</value>
         <object_component_ref idref="oc-f3"/>
      </symbol>
      <symbol id="sm-26a">
         <name>timer_getMicros</name>
         <value>0x3a8d</value>
         <object_component_ref idref="oc-f3"/>
      </symbol>
      <symbol id="sm-26b">
         <name>timer_waitMillis</name>
         <value>0x3b13</value>
         <object_component_ref idref="oc-f3"/>
      </symbol>
      <symbol id="sm-26c">
         <name>timer_waitMicros</name>
         <value>0x3ae1</value>
         <object_component_ref idref="oc-f3"/>
      </symbol>
      <symbol id="sm-288">
         <name>ResetISR</name>
         <value>0x5bc5</value>
         <object_component_ref idref="oc-2a"/>
      </symbol>
      <symbol id="sm-289">
         <name>g_pfnVectors</name>
         <value>0x0</value>
         <object_component_ref idref="oc-12"/>
      </symbol>
      <symbol id="sm-2b8">
         <name>uart_data</name>
         <value>0x200022d2</value>
      </symbol>
      <symbol id="sm-2b9">
         <name>flag</name>
         <value>0x200022d0</value>
      </symbol>
      <symbol id="sm-2ba">
         <name>uart_interrupt_handler</name>
         <value>0x4031</value>
         <object_component_ref idref="oc-d6"/>
      </symbol>
      <symbol id="sm-2bb">
         <name>uart_sendChar</name>
         <value>0x3fa9</value>
         <object_component_ref idref="oc-d6"/>
      </symbol>
      <symbol id="sm-2bc">
         <name>uart_interrupt_init</name>
         <value>0x4011</value>
         <object_component_ref idref="oc-d6"/>
      </symbol>
      <symbol id="sm-2bd">
         <name>uart_init</name>
         <value>0x3f39</value>
         <object_component_ref idref="oc-d6"/>
      </symbol>
      <symbol id="sm-2be">
         <name>uart_receive</name>
         <value>0x3fc5</value>
         <object_component_ref idref="oc-d6"/>
      </symbol>
      <symbol id="sm-2bf">
         <name>uart_sendStr</name>
         <value>0x3feb</value>
         <object_component_ref idref="oc-d6"/>
      </symbol>
      <symbol id="sm-356">
         <name>pow</name>
         <value>0x18dd</value>
         <object_component_ref idref="oc-10d"/>
      </symbol>
      <symbol id="sm-357">
         <name>powl</name>
         <value>0x18dd</value>
         <object_component_ref idref="oc-10d"/>
      </symbol>
      <symbol id="sm-379">
         <name>sqrtl</name>
         <value>0x4391</value>
         <object_component_ref idref="oc-11e"/>
      </symbol>
      <symbol id="sm-37a">
         <name>sqrt</name>
         <value>0x4391</value>
         <object_component_ref idref="oc-11e"/>
      </symbol>
      <symbol id="sm-3cb">
         <name>cosl</name>
         <value>0x29d5</value>
         <object_component_ref idref="oc-118"/>
      </symbol>
      <symbol id="sm-3cc">
         <name>cos</name>
         <value>0x29d5</value>
         <object_component_ref idref="oc-118"/>
      </symbol>
      <symbol id="sm-3f3">
         <name>scalbn</name>
         <value>0x4c05</value>
         <object_component_ref idref="oc-1e6"/>
      </symbol>
      <symbol id="sm-3f4">
         <name>scalbnl</name>
         <value>0x4c05</value>
         <object_component_ref idref="oc-1e6"/>
      </symbol>
      <symbol id="sm-3f5">
         <name>ldexpl</name>
         <value>0x4c05</value>
         <object_component_ref idref="oc-1e6"/>
      </symbol>
      <symbol id="sm-3f6">
         <name>ldexp</name>
         <value>0x4c05</value>
         <object_component_ref idref="oc-1e6"/>
      </symbol>
      <symbol id="sm-41d">
         <name>sprintf</name>
         <value>0x58d9</value>
         <object_component_ref idref="oc-124"/>
      </symbol>
      <symbol id="sm-435">
         <name>__aeabi_dsub</name>
         <value>0x3d81</value>
         <object_component_ref idref="oc-fe"/>
      </symbol>
      <symbol id="sm-436">
         <name>__aeabi_dadd</name>
         <value>0x3d8b</value>
         <object_component_ref idref="oc-fe"/>
      </symbol>
      <symbol id="sm-458">
         <name>__aeabi_cdcmpeq</name>
         <value>0x52d9</value>
         <object_component_ref idref="oc-ee"/>
      </symbol>
      <symbol id="sm-459">
         <name>__aeabi_cdcmple</name>
         <value>0x52d9</value>
         <object_component_ref idref="oc-ee"/>
      </symbol>
      <symbol id="sm-45a">
         <name>__aeabi_cdrcmple</name>
         <value>0x535f</value>
         <object_component_ref idref="oc-12d"/>
      </symbol>
      <symbol id="sm-46e">
         <name>__aeabi_ddiv</name>
         <value>0x4625</value>
         <object_component_ref idref="oc-108"/>
      </symbol>
      <symbol id="sm-479">
         <name>__aeabi_dmul</name>
         <value>0x4e1d</value>
         <object_component_ref idref="oc-113"/>
      </symbol>
      <symbol id="sm-483">
         <name>__aeabi_d2iz</name>
         <value>0x57c1</value>
         <object_component_ref idref="oc-f9"/>
      </symbol>
      <symbol id="sm-48f">
         <name>__aeabi_d2f</name>
         <value>0x553f</value>
         <object_component_ref idref="oc-1bd"/>
      </symbol>
      <symbol id="sm-499">
         <name>__aeabi_d2uiz</name>
         <value>0x5895</value>
         <object_component_ref idref="oc-272"/>
      </symbol>
      <symbol id="sm-4a4">
         <name>__aeabi_f2d</name>
         <value>0x5991</value>
         <object_component_ref idref="oc-1c2"/>
      </symbol>
      <symbol id="sm-4ae">
         <name>__aeabi_i2d</name>
         <value>0x5a31</value>
         <object_component_ref idref="oc-103"/>
      </symbol>
      <symbol id="sm-4c9">
         <name>memcpy</name>
         <value>0x51a7</value>
         <object_component_ref idref="oc-3e"/>
      </symbol>
      <symbol id="sm-4ca">
         <name>__aeabi_memcpy</name>
         <value>0x51a7</value>
         <object_component_ref idref="oc-3e"/>
      </symbol>
      <symbol id="sm-4cb">
         <name>__aeabi_memcpy8</name>
         <value>0x51a7</value>
         <object_component_ref idref="oc-3e"/>
      </symbol>
      <symbol id="sm-4cc">
         <name>__aeabi_memcpy4</name>
         <value>0x51a7</value>
         <object_component_ref idref="oc-3e"/>
      </symbol>
      <symbol id="sm-4d6">
         <name>__aeabi_ui2d</name>
         <value>0x5a89</value>
         <object_component_ref idref="oc-266"/>
      </symbol>
      <symbol id="sm-4ef">
         <name>__TI_zero_init_nomemset</name>
         <value>0x5aa9</value>
         <object_component_ref idref="oc-4a"/>
      </symbol>
      <symbol id="sm-506">
         <name>__TI_decompress_none</name>
         <value>0x5bab</value>
         <object_component_ref idref="oc-1b"/>
      </symbol>
      <symbol id="sm-529">
         <name>__TI_decompress_lzss</name>
         <value>0x55ad</value>
         <object_component_ref idref="oc-15"/>
      </symbol>
      <symbol id="sm-5be">
         <name>_sys_memory</name>
         <value>0x20001270</value>
         <object_component_ref idref="oc-24"/>
      </symbol>
      <symbol id="sm-5bf">
         <name>free</name>
         <value>0x5011</value>
         <object_component_ref idref="oc-19e"/>
      </symbol>
      <symbol id="sm-5c0">
         <name>memalign</name>
         <value>0x4d15</value>
         <object_component_ref idref="oc-33e"/>
      </symbol>
      <symbol id="sm-5c1">
         <name>calloc</name>
         <value>0x5959</value>
         <object_component_ref idref="oc-198"/>
      </symbol>
      <symbol id="sm-5c2">
         <name>malloc</name>
         <value>0x5be5</value>
         <object_component_ref idref="oc-279"/>
      </symbol>
      <symbol id="sm-5c3">
         <name>aligned_alloc</name>
         <value>0x4d15</value>
         <object_component_ref idref="oc-33e"/>
      </symbol>
      <symbol id="sm-5d2">
         <name>strcmp</name>
         <value>0x5b47</value>
         <object_component_ref idref="oc-1ab"/>
      </symbol>
      <symbol id="sm-5e1">
         <name>strlen</name>
         <value>0x5b75</value>
         <object_component_ref idref="oc-e8"/>
      </symbol>
      <symbol id="sm-647">
         <name>__kernel_rem_pio2</name>
         <value>0x229d</value>
         <object_component_ref idref="oc-1fb"/>
      </symbol>
      <symbol id="sm-65d">
         <name>__aeabi_errno_addr</name>
         <value>0x5bdd</value>
         <object_component_ref idref="oc-1dd"/>
      </symbol>
      <symbol id="sm-65e">
         <name>errno</name>
         <value>0x200022a8</value>
         <object_component_ref idref="oc-2a4"/>
      </symbol>
      <symbol id="sm-671">
         <name>__stack</name>
         <value>0x20000270</value>
         <object_component_ref idref="oc-27"/>
      </symbol>
      <symbol id="sm-672">
         <name>_c_int00_noargs</name>
         <value>0x59fd</value>
         <object_component_ref idref="oc-5c"/>
      </symbol>
      <symbol id="sm-67c">
         <name>copysign</name>
         <value>0x5afd</value>
         <object_component_ref idref="oc-2ab"/>
      </symbol>
      <symbol id="sm-67d">
         <name>copysignl</name>
         <value>0x5afd</value>
         <object_component_ref idref="oc-2ab"/>
      </symbol>
      <symbol id="sm-693">
         <name>__kernel_cos</name>
         <value>0x4225</value>
         <object_component_ref idref="oc-1f5"/>
      </symbol>
      <symbol id="sm-6aa">
         <name>__kernel_sin</name>
         <value>0x40b1</value>
         <object_component_ref idref="oc-201"/>
      </symbol>
      <symbol id="sm-6c7">
         <name>floorl</name>
         <value>0x4f19</value>
         <object_component_ref idref="oc-2c1"/>
      </symbol>
      <symbol id="sm-6c8">
         <name>floor</name>
         <value>0x4f19</value>
         <object_component_ref idref="oc-2c1"/>
      </symbol>
      <symbol id="sm-82d">
         <name>__TI_printfi</name>
         <value>0xe8d</value>
         <object_component_ref idref="oc-20b"/>
      </symbol>
      <symbol id="sm-83c">
         <name>__aeabi_memset</name>
         <value>0x53e7</value>
         <object_component_ref idref="oc-96"/>
      </symbol>
      <symbol id="sm-83d">
         <name>memset</name>
         <value>0x53ed</value>
         <object_component_ref idref="oc-96"/>
      </symbol>
      <symbol id="sm-83e">
         <name>__aeabi_memset8</name>
         <value>0x53e7</value>
         <object_component_ref idref="oc-96"/>
      </symbol>
      <symbol id="sm-83f">
         <name>__aeabi_memset4</name>
         <value>0x53e7</value>
         <object_component_ref idref="oc-96"/>
      </symbol>
      <symbol id="sm-840">
         <name>__aeabi_memclr8</name>
         <value>0x53e5</value>
         <object_component_ref idref="oc-96"/>
      </symbol>
      <symbol id="sm-841">
         <name>__aeabi_memclr4</name>
         <value>0x53e5</value>
         <object_component_ref idref="oc-96"/>
      </symbol>
      <symbol id="sm-842">
         <name>__aeabi_memclr</name>
         <value>0x53e5</value>
         <object_component_ref idref="oc-96"/>
      </symbol>
      <symbol id="sm-84f">
         <name>__aeabi_uldivmod</name>
         <value>0x5243</value>
         <object_component_ref idref="oc-368"/>
      </symbol>
      <symbol id="sm-877">
         <name>__TI_auto_init_nobinit_nopinit</name>
         <value>0x5851</value>
         <object_component_ref idref="oc-146"/>
      </symbol>
      <symbol id="sm-881">
         <name>_system_pre_init</name>
         <value>0x5bed</value>
         <object_component_ref idref="oc-9c"/>
      </symbol>
      <symbol id="sm-88d">
         <name>C$$EXIT</name>
         <value>0x5bf1</value>
         <object_component_ref idref="oc-13a"/>
      </symbol>
      <symbol id="sm-88e">
         <name>abort</name>
         <value>0x5bf1</value>
         <object_component_ref idref="oc-13a"/>
      </symbol>
      <symbol id="sm-8a3">
         <name>_nop</name>
         <value>0x18db</value>
         <object_component_ref idref="oc-317"/>
      </symbol>
      <symbol id="sm-8a4">
         <name>_lock</name>
         <value>0x20002290</value>
         <object_component_ref idref="oc-23e"/>
      </symbol>
      <symbol id="sm-8a5">
         <name>_unlock</name>
         <value>0x20002294</value>
         <object_component_ref idref="oc-23e"/>
      </symbol>
      <symbol id="sm-8b4">
         <name>__TI_ltoa</name>
         <value>0x56cf</value>
         <object_component_ref idref="oc-36e"/>
      </symbol>
      <symbol id="sm-8cb">
         <name>atoi</name>
         <value>0x5775</value>
         <object_component_ref idref="oc-2d3"/>
      </symbol>
      <symbol id="sm-8d6">
         <name>_ctypes_</name>
         <value>0x5d50</value>
         <object_component_ref idref="oc-363"/>
      </symbol>
      <symbol id="sm-8e6">
         <name>memccpy</name>
         <value>0x5ae1</value>
         <object_component_ref idref="oc-2f7"/>
      </symbol>
      <symbol id="sm-8f6">
         <name>strchr</name>
         <value>0x5b5f</value>
         <object_component_ref idref="oc-395"/>
      </symbol>
      <symbol id="sm-90c">
         <name>frexpl</name>
         <value>0x5615</value>
         <object_component_ref idref="oc-38f"/>
      </symbol>
      <symbol id="sm-90d">
         <name>frexp</name>
         <value>0x5615</value>
         <object_component_ref idref="oc-38f"/>
      </symbol>
      <symbol id="sm-926">
         <name>wcslen</name>
         <value>0x5b89</value>
         <object_component_ref idref="oc-2fd"/>
      </symbol>
      <symbol id="sm-930">
         <name>__aeabi_idiv0</name>
         <value>0x3f37</value>
         <object_component_ref idref="oc-3d5"/>
      </symbol>
      <symbol id="sm-931">
         <name>__aeabi_ldiv0</name>
         <value>0x3f37</value>
         <object_component_ref idref="oc-3d5"/>
      </symbol>
      <symbol id="sm-956">
         <name>IntRegister</name>
         <value>0x59c9</value>
         <object_component_ref idref="oc-17a"/>
      </symbol>
      <symbol id="sm-957">
         <name>g_pfnRAMVectors</name>
         <value>0x20000000</value>
         <object_component_ref idref="oc-25a"/>
      </symbol>
      <symbol id="sm-958">
         <name>IntMasterEnable</name>
         <value>0x5b9b</value>
         <object_component_ref idref="oc-1b1"/>
      </symbol>
      <symbol id="sm-962">
         <name>CPUcpsie</name>
         <value>0x5bb9</value>
         <object_component_ref idref="oc-28f"/>
      </symbol>
      <symbol id="sm-963">
         <name>__TI_static_base__</name>
         <value>0x0</value>
      </symbol>
      <symbol id="sm-966">
         <name>__mpu_init</name>
         <value>0x0</value>
      </symbol>
      <symbol id="sm-967">
         <name>_system_post_cinit</name>
         <value>0x0</value>
      </symbol>
   </symbol_table>
   <title>Link successful</title>
</link_info>
