******************************************************************************
                  TI ARM Linker PC v20.2.1                     
******************************************************************************
>> Linked Mon Nov  2 16:04:40 2020

OUTPUT FILE NAME:   <Lab_2.out>
ENTRY POINT SYMBOL: "_c_int00_noargs"  address: 000059fd


MEMORY CONFIGURATION

         name            origin    length      used     unused   attr    fill
----------------------  --------  ---------  --------  --------  ----  --------
  FLASH                 00000000   00040000  00005f23  0003a0dd  R  X
  SRAM                  20000000   00008000  000022cd  00005d33  RW X


SEGMENT ALLOCATION MAP

run origin  load origin   length   init length attrs members
----------  ----------- ---------- ----------- ----- -------
00000000    00000000    00005f28   00005f28    r-x
  00000000    00000000    0000026c   0000026c    r-- .intvecs
  0000026c    0000026c    00005988   00005988    r-x .text
  00005bf8    00005bf8    000002d7   000002d7    r-- .const
  00005ed0    00005ed0    00000058   00000058    r-- .cinit
20000000    20000000    000022d3   00000000    rw-
  20000000    20000000    0000026c   00000000    rw- .vtable
  20000270    20000270    00001000   00000000    rw- .stack
  20001270    20001270    00001000   00000000    rw- .sysmem
  20002270    20002270    0000003e   00000000    rw- .data
  200022b0    200022b0    00000023   00000000    rw- .bss


SECTION ALLOCATION MAP

 output                                  attributes/
section   page    origin      length       input sections
--------  ----  ----------  ----------   ----------------
.intvecs   0    00000000    0000026c     
                  00000000    0000026c     tm4c123gh6pm_startup_ccs.obj (.intvecs)

.text      0    0000026c    00005988     
                  0000026c    00000c20     open_interface.obj (.text)
                  00000e8c    00000a4e     rtsv7M4_T_le_v4SPD16_eabi.lib : _printfi.c.obj (.text:__TI_printfi)
                  000018da    00000002                                   : _lock.c.obj (.text:_nop)
                  000018dc    000009c0                                   : e_pow.c.obj (.text:pow)
                  0000229c    00000738                                   : k_rem_pio2.c.obj (.text:__kernel_rem_pio2)
                  000029d4    000005dc                                   : s_cos.c.obj (.text:cos)
                  00002fb0    000004c4     l9_main.obj (.text)
                  00003474    00000288     ping (1).obj (.text)
                  000036fc    00000270     rtsv7M4_T_le_v4SPD16_eabi.lib : _printfi.c.obj (.text:_pconv_a)
                  0000396c    00000244     timer.obj (.text)
                  00003bb0    000001d0     rtsv7M4_T_le_v4SPD16_eabi.lib : _printfi.c.obj (.text:_pconv_g)
                  00003d80    000001b6                                   : fd_add_t2.asm.obj (.text)
                  00003f36    00000002                                   : div0.asm.obj (.text)
                  00003f38    00000178     uart_extra_help.obj (.text)
                  000040b0    00000174     rtsv7M4_T_le_v4SPD16_eabi.lib : k_sin.c.obj (.text:__kernel_sin)
                  00004224    0000016c                                   : k_cos.c.obj (.text:__kernel_cos)
                  00004390    00000158                                   : e_sqrt.c.obj (.text:sqrt)
                  000044e8    0000013c                                   : _printfi.c.obj (.text:_pconv_e)
                  00004624    00000136                                   : fd_div_t2.asm.obj (.text)
                  0000475a    00000002     --HOLE-- [fill = 0]
                  0000475c    00000134     movement.obj (.text)
                  00004890    00000128     adc.obj (.text)
                  000049b8    00000128     servo.obj (.text)
                  00004ae0    00000124     rtsv7M4_T_le_v4SPD16_eabi.lib : _printfi.c.obj (.text:fcvt)
                  00004c04    00000110                                   : s_scalbn.c.obj (.text:scalbn)
                  00004d14    00000108                                   : memory.c.obj (.text:aligned_alloc)
                  00004e1c    000000fc                                   : fd_mul_t2.asm.obj (.text)
                  00004f18    000000f8                                   : s_floor.c.obj (.text:floor)
                  00005010    000000e4                                   : memory.c.obj (.text:free)
                  000050f4    000000b1                                   : _printfi.c.obj (.text:_ltostr)
                  000051a5    00000001     --HOLE-- [fill = 0]
                  000051a6    0000009c                                   : memcpy_t2.asm.obj (.text)
                  00005242    00000096                                   : ull_div_t2.asm.obj (.text)
                  000052d8    00000086                                   : fd_cmp_t2.asm.obj (.text:__aeabi_cdcmple)
                  0000535e    00000086                                   : fd_cmp_t2.asm.obj (.text:__aeabi_cdrcmple)
                  000053e4    0000007a                                   : memset_t2.asm.obj (.text)
                  0000545e    00000002     --HOLE-- [fill = 0]
                  00005460    00000070                                   : memory.c.obj (.text:split)
                  000054d0    0000006e                                   : _printfi.c.obj (.text:_mcpy)
                  0000553e    0000006e                                   : fd_tos_t2.asm.obj (.text)
                  000055ac    00000068                                   : copy_decompress_lzss.c.obj (.text:decompress:lzss:__TI_decompress_lzss)
                  00005614    00000064                                   : s_frexp.c.obj (.text:frexp)
                  00005678    00000056                                   : _printfi.c.obj (.text:_pconv_f)
                  000056ce    00000054                                   : _ltoa.c.obj (.text:__TI_ltoa)
                  00005722    00000052                                   : _printfi.c.obj (.text:_ecpy)
                  00005774    0000004c                                   : atoi.c.obj (.text:atoi)
                  000057c0    00000048                                   : fd_toi_t2.asm.obj (.text)
                  00005808    00000048     s3_b_Scan.obj (.text)
                  00005850    00000044     rtsv7M4_T_le_v4SPD16_eabi.lib : autoinit.c.obj (.text:__TI_auto_init_nobinit_nopinit:__TI_auto_init_nobinit_nopinit)
                  00005894    00000044                                   : fd_tou_t2.asm.obj (.text)
                  000058d8    00000040                                   : sprintf.c.obj (.text:sprintf)
                  00005918    0000003e                                   : _printfi.c.obj (.text:_fcpy)
                  00005956    00000002     --HOLE-- [fill = 0]
                  00005958    00000038                                   : memory.c.obj (.text:calloc)
                  00005990    00000038                                   : fs_tod_t2.asm.obj (.text)
                  000059c8    00000034     driverlib.lib : interrupt.obj (.text:IntRegister)
                  000059fc    00000034     rtsv7M4_T_le_v4SPD16_eabi.lib : boot_cortex_m.c.obj (.text:_c_int00_noargs:_c_int00_noargs)
                  00005a30    0000002e                                   : i_tofd_t2.asm.obj (.text)
                  00005a5e    00000002     --HOLE-- [fill = 0]
                  00005a60    00000028                                   : memory.c.obj (.text:free_list_insert)
                  00005a88    00000020                                   : u_tofd_t2.asm.obj (.text)
                  00005aa8    0000001c                                   : copy_zero_init.c.obj (.text:decompress:ZI:__TI_zero_init_nomemset:__TI_zero_init_nomemset)
                  00005ac4    0000001c                                   : memory.c.obj (.text:free_list_remove)
                  00005ae0    0000001c                                   : memccpy.c.obj (.text:memccpy)
                  00005afc    0000001a                                   : s_copysign.c.obj (.text:copysign)
                  00005b16    00000018                                   : sprintf.c.obj (.text:_outs)
                  00005b2e    00000018     open_interface.obj (.text:oi_parseInt)
                  00005b46    00000018     rtsv7M4_T_le_v4SPD16_eabi.lib : strcmp.c.obj (.text:strcmp)
                  00005b5e    00000016                                   : strchr.c.obj (.text:strchr)
                  00005b74    00000014                                   : strlen.c.obj (.text:strlen)
                  00005b88    00000012                                   : wcslen.c.obj (.text:wcslen)
                  00005b9a    00000010     driverlib.lib : interrupt.obj (.text:IntMasterEnable)
                  00005baa    0000000e     rtsv7M4_T_le_v4SPD16_eabi.lib : copy_decompress_none.c.obj (.text:decompress:none:__TI_decompress_none)
                  00005bb8    0000000c     driverlib.lib : cpu.obj (.text:CPUcpsie)
                  00005bc4    0000000c     tm4c123gh6pm_startup_ccs.obj (.text)
                  00005bd0    0000000a     rtsv7M4_T_le_v4SPD16_eabi.lib : sprintf.c.obj (.text:_outc)
                  00005bda    00000002     --HOLE-- [fill = 0]
                  00005bdc    00000008                                   : errno.c.obj (.text:__aeabi_errno_addr)
                  00005be4    00000008                                   : memory.c.obj (.text:malloc)
                  00005bec    00000004                                   : pre_init.c.obj (.text:_system_pre_init)
                  00005bf0    00000004                                   : exit.c.obj (.text:abort:abort)

.const     0    00005bf8    000002d7     
                  00005bf8    00000158     rtsv7M4_T_le_v4SPD16_eabi.lib : k_rem_pio2.c.obj (.const:$O1$$)
                  00005d50    00000101                                   : ctype.c.obj (.const:.string:_ctypes_)
                  00005e51    00000038     l9_main.obj (.const:.string:$P$T0$1)
                  00005e89    00000007     --HOLE-- [fill = 0]
                  00005e90    00000030     rtsv7M4_T_le_v4SPD16_eabi.lib : e_pow.c.obj (.const:$O1$$)
                  00005ec0    0000000f     open_interface.obj (.const:.string:$P$T0$3)

.cinit     0    00005ed0    00000058     
                  00005ed0    0000001e     (.cinit..data.load) [load image, compression = lzss]
                  00005eee    00000002     --HOLE-- [fill = 0]
                  00005ef0    0000000c     (__TI_handler_table)
                  00005efc    00000004     --HOLE-- [fill = 0]
                  00005f00    00000008     (.cinit..bss.load) [load image, compression = zero_init]
                  00005f08    00000008     (.cinit..vtable.load) [load image, compression = zero_init]
                  00005f10    00000018     (__TI_cinit_table)

.init_array 
*          0    00000000    00000000     UNINITIALIZED

.vtable    0    20000000    0000026c     UNINITIALIZED
                  20000000    0000026c     driverlib.lib : interrupt.obj (.vtable)

.stack     0    20000270    00001000     UNINITIALIZED
                  20000270    00000004     rtsv7M4_T_le_v4SPD16_eabi.lib : boot_cortex_m.c.obj (.stack)
                  20000274    00000ffc     --HOLE--

.sysmem    0    20001270    00001000     UNINITIALIZED
                  20001270    00000010     rtsv7M4_T_le_v4SPD16_eabi.lib : memory.c.obj (.sysmem)
                  20001280    00000ff0     --HOLE--

.data      0    20002270    0000003e     UNINITIALIZED
                  20002270    00000020     open_interface.obj (.data)
                  20002290    00000008     rtsv7M4_T_le_v4SPD16_eabi.lib : _lock.c.obj (.data:$O1$$)
                  20002298    00000008                                   : memory.c.obj (.data:$O1$$)
                  200022a0    00000008     ping (1).obj (.data)
                  200022a8    00000004     rtsv7M4_T_le_v4SPD16_eabi.lib : errno.c.obj (.data)
                  200022ac    00000001     servo.obj (.data)
                  200022ad    00000001     timer.obj (.data)

.bss       0    200022b0    00000023     UNINITIALIZED
                  200022b0    00000018     open_interface.obj (.bss:firmware$2)
                  200022c8    00000004     (.common:_timeout_ticks)
                  200022cc    00000004     (.common:pulsewidth)
                  200022d0    00000001     (.common:flag)
                  200022d1    00000001     (.common:rising_edge)
                  200022d2    00000001     (.common:uart_data)

__llvm_prf_cnts 
*          0    20000000    00000000     UNINITIALIZED

MODULE SUMMARY

       Module                         code    ro data   rw data
       ------                         ----    -------   -------
    .\
       open_interface.obj             3128    15        56     
       l9_main.obj                    1220    56        0      
       ping (1).obj                   648     0         13     
       tm4c123gh6pm_startup_ccs.obj   12      620       0      
       timer.obj                      580     0         5      
       uart_extra_help.obj            376     0         2      
       movement.obj                   308     0         0      
       servo.obj                      296     0         1      
       adc.obj                        296     0         0      
       s3_b_Scan.obj                  72      0         0      
    +--+------------------------------+-------+---------+---------+
       Total:                         6936    691       77     
                                                               
    C:/ti/TivaWare_C_Series-2.1.4.178/driverlib/ccs/Debug/driverlib.lib
       interrupt.obj                  68      0         620    
       cpu.obj                        12      0         0      
    +--+------------------------------+-------+---------+---------+
       Total:                         80      0         620    
                                                               
    C:\ti\ccs1010\ccs\tools\compiler\ti-cgt-arm_20.2.1.LTS\lib\rtsv7M4_T_le_v4SPD16_eabi.lib
       _printfi.c.obj                 4851    0         0      
       e_pow.c.obj                    2496    48        0      
       k_rem_pio2.c.obj               1848    344       0      
       s_cos.c.obj                    1500    0         0      
       memory.c.obj                   736     0         8      
       fd_add_t2.asm.obj              438     0         0      
       k_sin.c.obj                    372     0         0      
       k_cos.c.obj                    364     0         0      
       e_sqrt.c.obj                   344     0         0      
       fd_div_t2.asm.obj              310     0         0      
       s_scalbn.c.obj                 272     0         0      
       fd_cmp_t2.asm.obj              268     0         0      
       ctype.c.obj                    0       257       0      
       fd_mul_t2.asm.obj              252     0         0      
       s_floor.c.obj                  248     0         0      
       memcpy_t2.asm.obj              156     0         0      
       ull_div_t2.asm.obj             150     0         0      
       memset_t2.asm.obj              122     0         0      
       fd_tos_t2.asm.obj              110     0         0      
       copy_decompress_lzss.c.obj     104     0         0      
       s_frexp.c.obj                  100     0         0      
       sprintf.c.obj                  98      0         0      
       _ltoa.c.obj                    84      0         0      
       atoi.c.obj                     76      0         0      
       fd_toi_t2.asm.obj              72      0         0      
       autoinit.c.obj                 68      0         0      
       fd_tou_t2.asm.obj              68      0         0      
       fs_tod_t2.asm.obj              56      0         0      
       boot_cortex_m.c.obj            52      0         0      
       i_tofd_t2.asm.obj              46      0         0      
       u_tofd_t2.asm.obj              32      0         0      
       copy_zero_init.c.obj           28      0         0      
       memccpy.c.obj                  28      0         0      
       s_copysign.c.obj               26      0         0      
       strcmp.c.obj                   24      0         0      
       strchr.c.obj                   22      0         0      
       strlen.c.obj                   20      0         0      
       wcslen.c.obj                   18      0         0      
       copy_decompress_none.c.obj     14      0         0      
       errno.c.obj                    8       0         4      
       _lock.c.obj                    2       0         8      
       exit.c.obj                     4       0         0      
       pre_init.c.obj                 4       0         0      
       div0.asm.obj                   2       0         0      
    +--+------------------------------+-------+---------+---------+
       Total:                         15893   649       20     
                                                               
       Heap:                          0       0         4096   
       Stack:                         0       0         4096   
       Linker Generated:              0       82        0      
    +--+------------------------------+-------+---------+---------+
       Grand Total:                   22909   1422      8909   


LINKER GENERATED COPY TABLES

__TI_cinit_table @ 00005f10 records: 3, size/record: 8, table size: 24
	.data: load addr=00005ed0, load size=0000001e bytes, run addr=20002270, run size=0000003e bytes, compression=lzss
	.bss: load addr=00005f00, load size=00000008 bytes, run addr=200022b0, run size=00000023 bytes, compression=zero_init
	.vtable: load addr=00005f08, load size=00000008 bytes, run addr=20000000, run size=0000026c bytes, compression=zero_init


LINKER GENERATED HANDLER TABLE

__TI_handler_table @ 00005ef0 records: 3, size/record: 4, table size: 12
	index: 0, handler: __TI_zero_init
	index: 1, handler: __TI_decompress_lzss
	index: 2, handler: __TI_decompress_none


GLOBAL SYMBOLS: SORTED ALPHABETICALLY BY Name 

address   name                          
-------   ----                          
00005bf1  C$$EXIT                       
00005bb9  CPUcpsie                      
00000bc3  GPIOF_Handler                 
00005b9b  IntMasterEnable               
000059c9  IntRegister                   
00005bc5  ResetISR                      
20001270  __STACK_END                   
00001000  __STACK_SIZE                  
20000470  __STACK_TOP                   
00001000  __SYSMEM_SIZE                 
00005f10  __TI_CINIT_Base               
00005f28  __TI_CINIT_Limit              
00005ef0  __TI_Handler_Table_Base       
00005efc  __TI_Handler_Table_Limit      
00005851  __TI_auto_init_nobinit_nopinit
000055ad  __TI_decompress_lzss          
00005bab  __TI_decompress_none          
000056cf  __TI_ltoa                     
ffffffff  __TI_pprof_out_hndl           
00000e8d  __TI_printfi                  
ffffffff  __TI_prof_data_size           
ffffffff  __TI_prof_data_start          
00000000  __TI_static_base__            
00005aa9  __TI_zero_init_nomemset       
000052d9  __aeabi_cdcmpeq               
000052d9  __aeabi_cdcmple               
0000535f  __aeabi_cdrcmple              
0000553f  __aeabi_d2f                   
000057c1  __aeabi_d2iz                  
00005895  __aeabi_d2uiz                 
00003d8b  __aeabi_dadd                  
00004625  __aeabi_ddiv                  
00004e1d  __aeabi_dmul                  
00003d81  __aeabi_dsub                  
00005bdd  __aeabi_errno_addr            
00005991  __aeabi_f2d                   
00005a31  __aeabi_i2d                   
00003f37  __aeabi_idiv0                 
00003f37  __aeabi_ldiv0                 
000053e5  __aeabi_memclr                
000053e5  __aeabi_memclr4               
000053e5  __aeabi_memclr8               
000051a7  __aeabi_memcpy                
000051a7  __aeabi_memcpy4               
000051a7  __aeabi_memcpy8               
000053e7  __aeabi_memset                
000053e7  __aeabi_memset4               
000053e7  __aeabi_memset8               
00005a89  __aeabi_ui2d                  
00005243  __aeabi_uldivmod              
ffffffff  __binit__                     
ffffffff  __c_args__                    
00004225  __kernel_cos                  
0000229d  __kernel_rem_pio2             
000040b1  __kernel_sin                  
UNDEFED   __mpu_init                    
20000270  __stack                       
20000000  __start___llvm_prf_cnts       
20000000  __stop___llvm_prf_cnts        
000059fd  _c_int00_noargs               
00005d50  _ctypes_                      
20002290  _lock                         
000018db  _nop                          
200022ad  _running                      
20001270  _sys_memory                   
UNDEFED   _system_post_cinit            
00005bed  _system_pre_init              
200022c8  _timeout_ticks                
20002294  _unlock                       
00005bf1  abort                         
00004891  adc_init                      
00004915  adc_read                      
00004d15  aligned_alloc                 
00005775  atoi                          
ffffffff  binit                         
00005959  calloc                        
00005afd  copysign                      
00005afd  copysignl                     
000029d5  cos                           
000029d5  cosl                          
200022a8  errno                         
200022d0  flag                          
00004f19  floor                         
00004f19  floorl                        
00005011  free                          
00005615  frexp                         
00005615  frexpl                        
20000000  g_pfnRAMVectors               
00000000  g_pfnVectors                  
0000097f  go_charge                     
00004c05  ldexp                         
00004c05  ldexpl                        
00002fb1  main                          
00005be5  malloc                        
00004d15  memalign                      
00005ae1  memccpy                       
000051a7  memcpy                        
000053ed  memset                        
20002270  motor_cal_factor_L            
20002274  motor_cal_factor_R            
000047a9  move_backward                 
0000475d  move_forward                  
0000026d  oi_alloc                      
00000aa9  oi_checkFirmware              
000002c7  oi_close                      
00000279  oi_free                       
00000ded  oi_getMotorCalibrationLeft    
00000e01  oi_getMotorCalibrationRight   
000002b1  oi_init                       
00000289  oi_init_noupdate              
00000915  oi_loadSong                   
00005b2f  oi_parseInt                   
0000032b  oi_parsePacket                
0000096b  oi_play_song                  
0000084b  oi_setLeds                    
00000db1  oi_setMotorCalibration        
0000088f  oi_setWheels                  
00000b51  oi_shutoff_init               
0000098d  oi_uartInit                   
00000a31  oi_uartReceive                
00000a77  oi_uartSendBuff               
00000a15  oi_uartSendChar               
00000a59  oi_uartSendStr                
000002d9  oi_update                     
0000361f  ping_captureHandler           
00003475  ping_init                     
00003531  ping_pulse                    
000035ab  ping_read                     
000018dd  pow                           
000018dd  powl                          
200022cc  pulsewidth                    
200022d1  rising_edge                   
0000581d  s3_b_Scan                     
00005809  s3_b_init                     
00004c05  scalbn                        
00004c05  scalbnl                       
000049b9  servo_init                    
00004a55  servo_move                    
000058d9  sprintf                       
00004391  sqrt                          
00004391  sqrtl                         
00005b5f  strchr                        
00005b47  strcmp                        
00005b75  strlen                        
00003a8d  timer_getMicros               
00003a33  timer_getMillis               
0000396d  timer_init                    
00003a0f  timer_pause                   
00003a21  timer_resume                  
000039e5  timer_stop                    
00003ae1  timer_waitMicros              
00003b13  timer_waitMillis              
000047f1  turn_left                     
00004841  turn_right                    
200022d2  uart_data                     
00003f39  uart_init                     
00004031  uart_interrupt_handler        
00004011  uart_interrupt_init           
00003fc5  uart_receive                  
00003fa9  uart_sendChar                 
00003feb  uart_sendStr                  
00005b89  wcslen                        


GLOBAL SYMBOLS: SORTED BY Symbol Address 

address   name                          
-------   ----                          
00000000  __TI_static_base__            
00000000  g_pfnVectors                  
0000026d  oi_alloc                      
00000279  oi_free                       
00000289  oi_init_noupdate              
000002b1  oi_init                       
000002c7  oi_close                      
000002d9  oi_update                     
0000032b  oi_parsePacket                
0000084b  oi_setLeds                    
0000088f  oi_setWheels                  
00000915  oi_loadSong                   
0000096b  oi_play_song                  
0000097f  go_charge                     
0000098d  oi_uartInit                   
00000a15  oi_uartSendChar               
00000a31  oi_uartReceive                
00000a59  oi_uartSendStr                
00000a77  oi_uartSendBuff               
00000aa9  oi_checkFirmware              
00000b51  oi_shutoff_init               
00000bc3  GPIOF_Handler                 
00000db1  oi_setMotorCalibration        
00000ded  oi_getMotorCalibrationLeft    
00000e01  oi_getMotorCalibrationRight   
00000e8d  __TI_printfi                  
00001000  __STACK_SIZE                  
00001000  __SYSMEM_SIZE                 
000018db  _nop                          
000018dd  pow                           
000018dd  powl                          
0000229d  __kernel_rem_pio2             
000029d5  cos                           
000029d5  cosl                          
00002fb1  main                          
00003475  ping_init                     
00003531  ping_pulse                    
000035ab  ping_read                     
0000361f  ping_captureHandler           
0000396d  timer_init                    
000039e5  timer_stop                    
00003a0f  timer_pause                   
00003a21  timer_resume                  
00003a33  timer_getMillis               
00003a8d  timer_getMicros               
00003ae1  timer_waitMicros              
00003b13  timer_waitMillis              
00003d81  __aeabi_dsub                  
00003d8b  __aeabi_dadd                  
00003f37  __aeabi_idiv0                 
00003f37  __aeabi_ldiv0                 
00003f39  uart_init                     
00003fa9  uart_sendChar                 
00003fc5  uart_receive                  
00003feb  uart_sendStr                  
00004011  uart_interrupt_init           
00004031  uart_interrupt_handler        
000040b1  __kernel_sin                  
00004225  __kernel_cos                  
00004391  sqrt                          
00004391  sqrtl                         
00004625  __aeabi_ddiv                  
0000475d  move_forward                  
000047a9  move_backward                 
000047f1  turn_left                     
00004841  turn_right                    
00004891  adc_init                      
00004915  adc_read                      
000049b9  servo_init                    
00004a55  servo_move                    
00004c05  ldexp                         
00004c05  ldexpl                        
00004c05  scalbn                        
00004c05  scalbnl                       
00004d15  aligned_alloc                 
00004d15  memalign                      
00004e1d  __aeabi_dmul                  
00004f19  floor                         
00004f19  floorl                        
00005011  free                          
000051a7  __aeabi_memcpy                
000051a7  __aeabi_memcpy4               
000051a7  __aeabi_memcpy8               
000051a7  memcpy                        
00005243  __aeabi_uldivmod              
000052d9  __aeabi_cdcmpeq               
000052d9  __aeabi_cdcmple               
0000535f  __aeabi_cdrcmple              
000053e5  __aeabi_memclr                
000053e5  __aeabi_memclr4               
000053e5  __aeabi_memclr8               
000053e7  __aeabi_memset                
000053e7  __aeabi_memset4               
000053e7  __aeabi_memset8               
000053ed  memset                        
0000553f  __aeabi_d2f                   
000055ad  __TI_decompress_lzss          
00005615  frexp                         
00005615  frexpl                        
000056cf  __TI_ltoa                     
00005775  atoi                          
000057c1  __aeabi_d2iz                  
00005809  s3_b_init                     
0000581d  s3_b_Scan                     
00005851  __TI_auto_init_nobinit_nopinit
00005895  __aeabi_d2uiz                 
000058d9  sprintf                       
00005959  calloc                        
00005991  __aeabi_f2d                   
000059c9  IntRegister                   
000059fd  _c_int00_noargs               
00005a31  __aeabi_i2d                   
00005a89  __aeabi_ui2d                  
00005aa9  __TI_zero_init_nomemset       
00005ae1  memccpy                       
00005afd  copysign                      
00005afd  copysignl                     
00005b2f  oi_parseInt                   
00005b47  strcmp                        
00005b5f  strchr                        
00005b75  strlen                        
00005b89  wcslen                        
00005b9b  IntMasterEnable               
00005bab  __TI_decompress_none          
00005bb9  CPUcpsie                      
00005bc5  ResetISR                      
00005bdd  __aeabi_errno_addr            
00005be5  malloc                        
00005bed  _system_pre_init              
00005bf1  C$$EXIT                       
00005bf1  abort                         
00005d50  _ctypes_                      
00005ef0  __TI_Handler_Table_Base       
00005efc  __TI_Handler_Table_Limit      
00005f10  __TI_CINIT_Base               
00005f28  __TI_CINIT_Limit              
20000000  __start___llvm_prf_cnts       
20000000  __stop___llvm_prf_cnts        
20000000  g_pfnRAMVectors               
20000270  __stack                       
20000470  __STACK_TOP                   
20001270  __STACK_END                   
20001270  _sys_memory                   
20002270  motor_cal_factor_L            
20002274  motor_cal_factor_R            
20002290  _lock                         
20002294  _unlock                       
200022a8  errno                         
200022ad  _running                      
200022c8  _timeout_ticks                
200022cc  pulsewidth                    
200022d0  flag                          
200022d1  rising_edge                   
200022d2  uart_data                     
ffffffff  __TI_pprof_out_hndl           
ffffffff  __TI_prof_data_size           
ffffffff  __TI_prof_data_start          
ffffffff  __binit__                     
ffffffff  __c_args__                    
ffffffff  binit                         
UNDEFED   __mpu_init                    
UNDEFED   _system_post_cinit            

[162 symbols]
