******************************************************************************
                  TI ARM Linker PC v20.2.1                     
******************************************************************************
>> Linked Wed Sep 23 16:59:54 2020

OUTPUT FILE NAME:   <Lab_2.out>
ENTRY POINT SYMBOL: "_c_int00_noargs"  address: 00003861


MEMORY CONFIGURATION

         name            origin    length      used     unused   attr    fill
----------------------  --------  ---------  --------  --------  ----  --------
  FLASH                 00000000   00040000  00003be8  0003c418  R  X
  SRAM                  20000000   00008000  00002354  00005cac  RW X


SEGMENT ALLOCATION MAP

run origin  load origin   length   init length attrs members
----------  ----------- ---------- ----------- ----- -------
00000000    00000000    00003be8   00003be8    r-x
  00000000    00000000    0000026c   0000026c    r-- .intvecs
  0000026c    0000026c    00003814   00003814    r-x .text
  00003a80    00003a80    00000118   00000118    r-- .const
  00003b98    00003b98    00000050   00000050    r-- .cinit
20000000    20000000    00002358   00000000    rw-
  20000000    20000000    0000026c   00000000    rw- .vtable
  20000270    20000270    00001000   00000000    rw- .stack
  20001270    20001270    00001000   00000000    rw- .sysmem
  20002270    20002270    000000a4   00000000    rw- .bss
  20002314    20002314    00000044   00000000    rw- .data


SECTION ALLOCATION MAP

 output                                  attributes/
section   page    origin      length       input sections
--------  ----  ----------  ----------   ----------------
.intvecs   0    00000000    0000026c     
                  00000000    0000026c     tm4c123gh6pm_startup_ccs.obj (.intvecs)

.text      0    0000026c    00003814     
                  0000026c    00000c20     open_interface.obj (.text)
                  00000e8c    00000a4e     rtsv7M4_T_le_v4SPD16_eabi.lib : _printfi.c.obj (.text:__TI_printfi)
                  000018da    00000002                                   : _lock.c.obj (.text:_nop)
                  000018dc    00000328     lcd.obj (.text)
                  00001c04    00000270     rtsv7M4_T_le_v4SPD16_eabi.lib : _printfi.c.obj (.text:_pconv_a)
                  00001e74    00000248     Timer.obj (.text)
                  000020bc    000001d0     rtsv7M4_T_le_v4SPD16_eabi.lib : _printfi.c.obj (.text:_pconv_g)
                  0000228c    000001b6                                   : fd_add_t2.asm.obj (.text)
                  00002442    00000002                                   : div0.asm.obj (.text)
                  00002444    0000015c     libcybotUART.lib : uart.obj (.text)
                  000025a0    0000013c     rtsv7M4_T_le_v4SPD16_eabi.lib : _printfi.c.obj (.text:_pconv_e)
                  000026dc    00000136                                   : fd_div_t2.asm.obj (.text)
                  00002812    00000002     --HOLE-- [fill = 0]
                  00002814    00000134     movement.obj (.text)
                  00002948    00000124     rtsv7M4_T_le_v4SPD16_eabi.lib : _printfi.c.obj (.text:fcvt)
                  00002a6c    00000110                                   : s_scalbn.c.obj (.text:scalbn)
                  00002b7c    00000108                                   : memory.c.obj (.text:aligned_alloc)
                  00002c84    000000fc     button.obj (.text)
                  00002d80    000000fc     rtsv7M4_T_le_v4SPD16_eabi.lib : fd_mul_t2.asm.obj (.text)
                  00002e7c    000000e4                                   : memory.c.obj (.text:free)
                  00002f60    000000b1                                   : _printfi.c.obj (.text:_ltostr)
                  00003011    00000001     --HOLE-- [fill = 0]
                  00003012    0000009c                                   : memcpy_t2.asm.obj (.text)
                  000030ae    00000096                                   : ull_div_t2.asm.obj (.text)
                  00003144    00000086                                   : fd_cmp_t2.asm.obj (.text:__aeabi_cdcmple)
                  000031ca    00000086                                   : fd_cmp_t2.asm.obj (.text:__aeabi_cdrcmple)
                  00003250    00000086     lab3_template.obj (.text)
                  000032d6    0000007a     rtsv7M4_T_le_v4SPD16_eabi.lib : memset_t2.asm.obj (.text)
                  00003350    00000070                                   : memory.c.obj (.text:split)
                  000033c0    0000006e                                   : _printfi.c.obj (.text:_mcpy)
                  0000342e    0000006e                                   : fd_tos_t2.asm.obj (.text)
                  0000349c    00000068                                   : copy_decompress_lzss.c.obj (.text:decompress:lzss:__TI_decompress_lzss)
                  00003504    00000064                                   : s_frexp.c.obj (.text:frexp)
                  00003568    00000056                                   : _printfi.c.obj (.text:_pconv_f)
                  000035be    00000054                                   : _ltoa.c.obj (.text:__TI_ltoa)
                  00003612    00000052                                   : _printfi.c.obj (.text:_ecpy)
                  00003664    0000004c                                   : atoi.c.obj (.text:atoi)
                  000036b0    00000048                                   : fd_toi_t2.asm.obj (.text)
                  000036f8    00000044                                   : autoinit.c.obj (.text:__TI_auto_init_nobinit_nopinit:__TI_auto_init_nobinit_nopinit)
                  0000373c    00000040                                   : vsnprintf.c.obj (.text:vsnprintf)
                  0000377c    0000003e                                   : _printfi.c.obj (.text:_fcpy)
                  000037ba    00000002     --HOLE-- [fill = 0]
                  000037bc    00000038                                   : memory.c.obj (.text:calloc)
                  000037f4    00000038                                   : fs_tod_t2.asm.obj (.text)
                  0000382c    00000034     driverlib.lib : interrupt.obj (.text:IntRegister)
                  00003860    00000034     rtsv7M4_T_le_v4SPD16_eabi.lib : boot_cortex_m.c.obj (.text:_c_int00_noargs:_c_int00_noargs)
                  00003894    00000030                                   : vsnprintf.c.obj (.text:_outs)
                  000038c4    0000002e                                   : i_tofd_t2.asm.obj (.text)
                  000038f2    00000002     --HOLE-- [fill = 0]
                  000038f4    00000028                                   : memory.c.obj (.text:free_list_insert)
                  0000391c    0000001c                                   : copy_zero_init.c.obj (.text:decompress:ZI:__TI_zero_init_nomemset:__TI_zero_init_nomemset)
                  00003938    0000001c                                   : memory.c.obj (.text:free_list_remove)
                  00003954    0000001c                                   : memccpy.c.obj (.text:memccpy)
                  00003970    0000001a                                   : s_copysign.c.obj (.text:copysign)
                  0000398a    00000018                                   : vsnprintf.c.obj (.text:_outc)
                  000039a2    00000018     open_interface.obj (.text:oi_parseInt)
                  000039ba    00000018     rtsv7M4_T_le_v4SPD16_eabi.lib : strcmp.c.obj (.text:strcmp)
                  000039d2    00000016                                   : strchr.c.obj (.text:strchr)
                  000039e8    00000014                                   : strcpy.c.obj (.text:strcpy)
                  000039fc    00000014                                   : strlen.c.obj (.text:strlen)
                  00003a10    00000012                                   : wcslen.c.obj (.text:wcslen)
                  00003a22    00000010     driverlib.lib : interrupt.obj (.text:IntMasterEnable)
                  00003a32    00000010     lcd.obj (.text:lcd_clear)
                  00003a42    0000000e     rtsv7M4_T_le_v4SPD16_eabi.lib : copy_decompress_none.c.obj (.text:decompress:none:__TI_decompress_none)
                  00003a50    0000000c     driverlib.lib : cpu.obj (.text:CPUcpsie)
                  00003a5c    0000000c     tm4c123gh6pm_startup_ccs.obj (.text)
                  00003a68    00000008     rtsv7M4_T_le_v4SPD16_eabi.lib : errno.c.obj (.text:__aeabi_errno_addr)
                  00003a70    00000008                                   : memory.c.obj (.text:malloc)
                  00003a78    00000004                                   : pre_init.c.obj (.text:_system_pre_init)
                  00003a7c    00000004                                   : exit.c.obj (.text:abort:abort)

.const     0    00003a80    00000118     
                  00003a80    00000101     rtsv7M4_T_le_v4SPD16_eabi.lib : ctype.c.obj (.const:.string:_ctypes_)
                  00003b81    0000000f     open_interface.obj (.const:.string:$P$T0$3)
                  00003b90    00000004     lcd.obj (.const:.string:lineAddress$1)
                  00003b94    00000004     lcd.obj (.const:.string:lineAddresses$2)

.cinit     0    00003b98    00000050     
                  00003b98    00000019     (.cinit..data.load) [load image, compression = lzss]
                  00003bb1    00000003     --HOLE-- [fill = 0]
                  00003bb4    0000000c     (__TI_handler_table)
                  00003bc0    00000008     (.cinit..bss.load) [load image, compression = zero_init]
                  00003bc8    00000008     (.cinit..vtable.load) [load image, compression = zero_init]
                  00003bd0    00000018     (__TI_cinit_table)

.init_array 
*          0    00000000    00000000     UNINITIALIZED

.vtable    0    20000000    0000026c     UNINITIALIZED
                  20000000    0000026c     driverlib.lib : interrupt.obj (.vtable)

.stack     0    20000270    00001000     UNINITIALIZED
                  20000270    00000004     rtsv7M4_T_le_v4SPD16_eabi.lib : boot_cortex_m.c.obj (.stack)
                  20000274    00000ffc     --HOLE--

.sysmem    0    20001270    00001000     UNINITIALIZED
                  20001270    00000010     rtsv7M4_T_le_v4SPD16_eabi.lib : memory.c.obj (.sysmem)
                  20001280    00000ff0     --HOLE--

.bss       0    20002270    000000a4     UNINITIALIZED
                  20002270    00000054     lcd.obj (.bss:lastbuffer$3)
                  200022c4    00000034     (.common:isr_char_buffer)
                  200022f8    00000018     open_interface.obj (.bss:firmware$2)
                  20002310    00000004     (.common:_timeout_ticks)

.data      0    20002314    00000044     UNINITIALIZED
                  20002314    00000020     open_interface.obj (.data)
                  20002334    00000009     button.obj (.data)
                  2000233d    00000001     Timer.obj (.data)
                  2000233e    00000002     --HOLE--
                  20002340    00000008     rtsv7M4_T_le_v4SPD16_eabi.lib : _lock.c.obj (.data:$O1$$)
                  20002348    00000008                                   : memory.c.obj (.data:$O1$$)
                  20002350    00000004     libcybotUART.lib : uart.obj (.data)
                  20002354    00000004     rtsv7M4_T_le_v4SPD16_eabi.lib : errno.c.obj (.data)

__llvm_prf_cnts 
*          0    20000000    00000000     UNINITIALIZED

MODULE SUMMARY

       Module                         code    ro data   rw data
       ------                         ----    -------   -------
    .\
       open_interface.obj             3128    15        56     
       lcd.obj                        824     8         84     
       tm4c123gh6pm_startup_ccs.obj   12      620       0      
       Timer.obj                      584     0         5      
       movement.obj                   308     0         0      
       button.obj                     252     0         9      
       lab3_template.obj              134     0         0      
    +--+------------------------------+-------+---------+---------+
       Total:                         5242    643       154    
                                                               
    ../libcybotUART.lib
       uart.obj                       348     0         56     
    +--+------------------------------+-------+---------+---------+
       Total:                         348     0         56     
                                                               
    C:/ti/TivaWare_C_Series-2.1.4.178/driverlib/ccs/Debug/driverlib.lib
       interrupt.obj                  68      0         620    
       cpu.obj                        12      0         0      
    +--+------------------------------+-------+---------+---------+
       Total:                         80      0         620    
                                                               
    C:\ti\ccs1010\ccs\tools\compiler\ti-cgt-arm_20.2.1.LTS\lib\rtsv7M4_T_le_v4SPD16_eabi.lib
       _printfi.c.obj                 4851    0         0      
       memory.c.obj                   736     0         8      
       fd_add_t2.asm.obj              438     0         0      
       fd_div_t2.asm.obj              310     0         0      
       s_scalbn.c.obj                 272     0         0      
       fd_cmp_t2.asm.obj              268     0         0      
       ctype.c.obj                    0       257       0      
       fd_mul_t2.asm.obj              252     0         0      
       memcpy_t2.asm.obj              156     0         0      
       ull_div_t2.asm.obj             150     0         0      
       vsnprintf.c.obj                136     0         0      
       memset_t2.asm.obj              122     0         0      
       fd_tos_t2.asm.obj              110     0         0      
       copy_decompress_lzss.c.obj     104     0         0      
       s_frexp.c.obj                  100     0         0      
       _ltoa.c.obj                    84      0         0      
       atoi.c.obj                     76      0         0      
       fd_toi_t2.asm.obj              72      0         0      
       autoinit.c.obj                 68      0         0      
       fs_tod_t2.asm.obj              56      0         0      
       boot_cortex_m.c.obj            52      0         0      
       i_tofd_t2.asm.obj              46      0         0      
       copy_zero_init.c.obj           28      0         0      
       memccpy.c.obj                  28      0         0      
       s_copysign.c.obj               26      0         0      
       strcmp.c.obj                   24      0         0      
       strchr.c.obj                   22      0         0      
       strcpy.c.obj                   20      0         0      
       strlen.c.obj                   20      0         0      
       wcslen.c.obj                   18      0         0      
       copy_decompress_none.c.obj     14      0         0      
       errno.c.obj                    8       0         4      
       _lock.c.obj                    2       0         8      
       exit.c.obj                     4       0         0      
       pre_init.c.obj                 4       0         0      
       div0.asm.obj                   2       0         0      
    +--+------------------------------+-------+---------+---------+
       Total:                         8679    257       20     
                                                               
       Heap:                          0       0         4096   
       Stack:                         0       0         4096   
       Linker Generated:              0       77        0      
    +--+------------------------------+-------+---------+---------+
       Grand Total:                   14349   977       9042   


LINKER GENERATED COPY TABLES

__TI_cinit_table @ 00003bd0 records: 3, size/record: 8, table size: 24
	.data: load addr=00003b98, load size=00000019 bytes, run addr=20002314, run size=00000044 bytes, compression=lzss
	.bss: load addr=00003bc0, load size=00000008 bytes, run addr=20002270, run size=000000a4 bytes, compression=zero_init
	.vtable: load addr=00003bc8, load size=00000008 bytes, run addr=20000000, run size=0000026c bytes, compression=zero_init


LINKER GENERATED HANDLER TABLE

__TI_handler_table @ 00003bb4 records: 3, size/record: 4, table size: 12
	index: 0, handler: __TI_zero_init
	index: 1, handler: __TI_decompress_lzss
	index: 2, handler: __TI_decompress_none


GLOBAL SYMBOLS: SORTED ALPHABETICALLY BY Name 

address   name                          
-------   ----                          
00003a7d  C$$EXIT                       
00003a51  CPUcpsie                      
00000bc3  GPIOF_Handler                 
00003a23  IntMasterEnable               
0000382d  IntRegister                   
00003a5d  ResetISR                      
20001270  __STACK_END                   
00001000  __STACK_SIZE                  
20000470  __STACK_TOP                   
00001000  __SYSMEM_SIZE                 
00003bd0  __TI_CINIT_Base               
00003be8  __TI_CINIT_Limit              
00003bb4  __TI_Handler_Table_Base       
00003bc0  __TI_Handler_Table_Limit      
000036f9  __TI_auto_init_nobinit_nopinit
0000349d  __TI_decompress_lzss          
00003a43  __TI_decompress_none          
000035bf  __TI_ltoa                     
ffffffff  __TI_pprof_out_hndl           
00000e8d  __TI_printfi                  
ffffffff  __TI_prof_data_size           
ffffffff  __TI_prof_data_start          
00000000  __TI_static_base__            
0000391d  __TI_zero_init_nomemset       
00003145  __aeabi_cdcmpeq               
00003145  __aeabi_cdcmple               
000031cb  __aeabi_cdrcmple              
0000342f  __aeabi_d2f                   
000036b1  __aeabi_d2iz                  
00002297  __aeabi_dadd                  
000026dd  __aeabi_ddiv                  
00002d81  __aeabi_dmul                  
0000228d  __aeabi_dsub                  
00003a69  __aeabi_errno_addr            
000037f5  __aeabi_f2d                   
000038c5  __aeabi_i2d                   
00002443  __aeabi_idiv0                 
00002443  __aeabi_ldiv0                 
000032d7  __aeabi_memclr                
000032d7  __aeabi_memclr4               
000032d7  __aeabi_memclr8               
00003013  __aeabi_memcpy                
00003013  __aeabi_memcpy4               
00003013  __aeabi_memcpy8               
000032d9  __aeabi_memset                
000032d9  __aeabi_memset4               
000032d9  __aeabi_memset8               
000030af  __aeabi_uldivmod              
ffffffff  __binit__                     
ffffffff  __c_args__                    
UNDEFED   __mpu_init                    
20000270  __stack                       
20000000  __start___llvm_prf_cnts       
20000000  __stop___llvm_prf_cnts        
00003861  _c_int00_noargs               
00003a80  _ctypes_                      
20002340  _lock                         
000018db  _nop                          
2000233d  _running                      
20001270  _sys_memory                   
UNDEFED   _system_post_cinit            
00003a79  _system_pre_init              
20002310  _timeout_ticks                
20002344  _unlock                       
00003a7d  abort                         
00002b7d  aligned_alloc                 
00003665  atoi                          
ffffffff  binit                         
00002d0d  button_checkButtons           
20002334  button_event                  
00002d17  button_getButton              
00002c85  button_init                   
20002338  button_num                    
000037bd  calloc                        
00003971  copysign                      
00003971  copysignl                     
0000254d  cyBot_UART1_Handler           
00002533  cyBot_getByte                 
00002445  cyBot_sendByte                
00002515  cyBot_uart_flush              
00002483  cyBot_uart_init               
0000246b  cyBot_uart_sendBuffer         
00002451  cyBot_uart_sendStr            
20002354  errno                         
00002e7d  free                          
00003505  frexp                         
00003505  frexpl                        
20000000  g_pfnRAMVectors               
00000000  g_pfnVectors                  
0000097f  go_charge                     
00002cf5  gpioe_handler                 
00002cb1  init_button_interrupts        
200022c4  isr_char_buffer               
20002350  isr_counter                   
00003a33  lcd_clear                     
00001ab1  lcd_gotoLine                  
00001919  lcd_init                      
00001b17  lcd_printf                    
000019d9  lcd_putc                      
00001a11  lcd_puts                      
000018dd  lcd_reverseNibble             
00001a2f  lcd_sendCommand               
00001a6d  lcd_sendNibble                
00001ad9  lcd_setCursorPos              
00002a6d  ldexp                         
00002a6d  ldexpl                        
00003251  main                          
00003a71  malloc                        
00002b7d  memalign                      
00003955  memccpy                       
00003013  memcpy                        
000032df  memset                        
20002314  motor_cal_factor_L            
20002318  motor_cal_factor_R            
00002861  move_backward                 
00002815  move_forward                  
0000026d  oi_alloc                      
00000aa9  oi_checkFirmware              
000002c7  oi_close                      
00000279  oi_free                       
00000ded  oi_getMotorCalibrationLeft    
00000e01  oi_getMotorCalibrationRight   
000002b1  oi_init                       
00000289  oi_init_noupdate              
00000915  oi_loadSong                   
000039a3  oi_parseInt                   
0000032b  oi_parsePacket                
0000096b  oi_play_song                  
0000084b  oi_setLeds                    
00000db1  oi_setMotorCalibration        
0000088f  oi_setWheels                  
00000b51  oi_shutoff_init               
0000098d  oi_uartInit                   
00000a31  oi_uartReceive                
00000a77  oi_uartSendBuff               
00000a15  oi_uartSendChar               
00000a59  oi_uartSendStr                
000002d9  oi_update                     
00002a6d  scalbn                        
00002a6d  scalbnl                       
000039d3  strchr                        
000039bb  strcmp                        
000039e9  strcpy                        
000039fd  strlen                        
00001f93  timer_getMicros               
00001f3b  timer_getMillis               
00001e75  timer_init                    
00001f17  timer_pause                   
00001f29  timer_resume                  
00001eed  timer_stop                    
00001fed  timer_waitMicros              
0000201f  timer_waitMillis              
000028fb  turn_left                     
000028ab  turn_right                    
0000373d  vsnprintf                     
00003a11  wcslen                        


GLOBAL SYMBOLS: SORTED BY Symbol Address 

address   name                          
-------   ----                          
00000000  __TI_static_base__            
00000000  g_pfnVectors                  
0000026d  oi_alloc                      
00000279  oi_free                       
00000289  oi_init_noupdate              
000002b1  oi_init                       
000002c7  oi_close                      
000002d9  oi_update                     
0000032b  oi_parsePacket                
0000084b  oi_setLeds                    
0000088f  oi_setWheels                  
00000915  oi_loadSong                   
0000096b  oi_play_song                  
0000097f  go_charge                     
0000098d  oi_uartInit                   
00000a15  oi_uartSendChar               
00000a31  oi_uartReceive                
00000a59  oi_uartSendStr                
00000a77  oi_uartSendBuff               
00000aa9  oi_checkFirmware              
00000b51  oi_shutoff_init               
00000bc3  GPIOF_Handler                 
00000db1  oi_setMotorCalibration        
00000ded  oi_getMotorCalibrationLeft    
00000e01  oi_getMotorCalibrationRight   
00000e8d  __TI_printfi                  
00001000  __STACK_SIZE                  
00001000  __SYSMEM_SIZE                 
000018db  _nop                          
000018dd  lcd_reverseNibble             
00001919  lcd_init                      
000019d9  lcd_putc                      
00001a11  lcd_puts                      
00001a2f  lcd_sendCommand               
00001a6d  lcd_sendNibble                
00001ab1  lcd_gotoLine                  
00001ad9  lcd_setCursorPos              
00001b17  lcd_printf                    
00001e75  timer_init                    
00001eed  timer_stop                    
00001f17  timer_pause                   
00001f29  timer_resume                  
00001f3b  timer_getMillis               
00001f93  timer_getMicros               
00001fed  timer_waitMicros              
0000201f  timer_waitMillis              
0000228d  __aeabi_dsub                  
00002297  __aeabi_dadd                  
00002443  __aeabi_idiv0                 
00002443  __aeabi_ldiv0                 
00002445  cyBot_sendByte                
00002451  cyBot_uart_sendStr            
0000246b  cyBot_uart_sendBuffer         
00002483  cyBot_uart_init               
00002515  cyBot_uart_flush              
00002533  cyBot_getByte                 
0000254d  cyBot_UART1_Handler           
000026dd  __aeabi_ddiv                  
00002815  move_forward                  
00002861  move_backward                 
000028ab  turn_right                    
000028fb  turn_left                     
00002a6d  ldexp                         
00002a6d  ldexpl                        
00002a6d  scalbn                        
00002a6d  scalbnl                       
00002b7d  aligned_alloc                 
00002b7d  memalign                      
00002c85  button_init                   
00002cb1  init_button_interrupts        
00002cf5  gpioe_handler                 
00002d0d  button_checkButtons           
00002d17  button_getButton              
00002d81  __aeabi_dmul                  
00002e7d  free                          
00003013  __aeabi_memcpy                
00003013  __aeabi_memcpy4               
00003013  __aeabi_memcpy8               
00003013  memcpy                        
000030af  __aeabi_uldivmod              
00003145  __aeabi_cdcmpeq               
00003145  __aeabi_cdcmple               
000031cb  __aeabi_cdrcmple              
00003251  main                          
000032d7  __aeabi_memclr                
000032d7  __aeabi_memclr4               
000032d7  __aeabi_memclr8               
000032d9  __aeabi_memset                
000032d9  __aeabi_memset4               
000032d9  __aeabi_memset8               
000032df  memset                        
0000342f  __aeabi_d2f                   
0000349d  __TI_decompress_lzss          
00003505  frexp                         
00003505  frexpl                        
000035bf  __TI_ltoa                     
00003665  atoi                          
000036b1  __aeabi_d2iz                  
000036f9  __TI_auto_init_nobinit_nopinit
0000373d  vsnprintf                     
000037bd  calloc                        
000037f5  __aeabi_f2d                   
0000382d  IntRegister                   
00003861  _c_int00_noargs               
000038c5  __aeabi_i2d                   
0000391d  __TI_zero_init_nomemset       
00003955  memccpy                       
00003971  copysign                      
00003971  copysignl                     
000039a3  oi_parseInt                   
000039bb  strcmp                        
000039d3  strchr                        
000039e9  strcpy                        
000039fd  strlen                        
00003a11  wcslen                        
00003a23  IntMasterEnable               
00003a33  lcd_clear                     
00003a43  __TI_decompress_none          
00003a51  CPUcpsie                      
00003a5d  ResetISR                      
00003a69  __aeabi_errno_addr            
00003a71  malloc                        
00003a79  _system_pre_init              
00003a7d  C$$EXIT                       
00003a7d  abort                         
00003a80  _ctypes_                      
00003bb4  __TI_Handler_Table_Base       
00003bc0  __TI_Handler_Table_Limit      
00003bd0  __TI_CINIT_Base               
00003be8  __TI_CINIT_Limit              
20000000  __start___llvm_prf_cnts       
20000000  __stop___llvm_prf_cnts        
20000000  g_pfnRAMVectors               
20000270  __stack                       
20000470  __STACK_TOP                   
20001270  __STACK_END                   
20001270  _sys_memory                   
200022c4  isr_char_buffer               
20002310  _timeout_ticks                
20002314  motor_cal_factor_L            
20002318  motor_cal_factor_R            
20002334  button_event                  
20002338  button_num                    
2000233d  _running                      
20002340  _lock                         
20002344  _unlock                       
20002350  isr_counter                   
20002354  errno                         
ffffffff  __TI_pprof_out_hndl           
ffffffff  __TI_prof_data_size           
ffffffff  __TI_prof_data_start          
ffffffff  __binit__                     
ffffffff  __c_args__                    
ffffffff  binit                         
UNDEFED   __mpu_init                    
UNDEFED   _system_post_cinit            

[156 symbols]
