******************************************************************************
                  TI ARM Linker PC v20.2.1                     
******************************************************************************
>> Linked Mon Sep 28 16:58:01 2020

OUTPUT FILE NAME:   <Lab_2.out>
ENTRY POINT SYMBOL: "_c_int00_noargs"  address: 00002ce9


MEMORY CONFIGURATION

         name            origin    length      used     unused   attr    fill
----------------------  --------  ---------  --------  --------  ----  --------
  FLASH                 00000000   00040000  00003036  0003cfca  R  X
  SRAM                  20000000   00008000  00002312  00005cee  RW X


SEGMENT ALLOCATION MAP

run origin  load origin   length   init length attrs members
----------  ----------- ---------- ----------- ----- -------
00000000    00000000    00003038   00003038    r-x
  00000000    00000000    0000026c   0000026c    r-- .intvecs
  0000026c    0000026c    00002c58   00002c58    r-x .text
  00002ec4    00002ec4    00000132   00000132    r-- .const
  00002ff8    00002ff8    00000040   00000040    r-- .cinit
20000000    20000000    00002319   00000000    rw-
  20000000    20000000    0000026c   00000000    rw- .vtable
  20000270    20000270    00001000   00000000    rw- .stack
  20001270    20001270    00001000   00000000    rw- .sysmem
  20002270    20002270    0000009d   00000000    rw- .bss
  20002310    20002310    00000009   00000000    rw- .data


SECTION ALLOCATION MAP

 output                                  attributes/
section   page    origin      length       input sections
--------  ----  ----------  ----------   ----------------
.intvecs   0    00000000    0000026c     
                  00000000    0000026c     tm4c123gh6pm_startup_ccs.obj (.intvecs)

.text      0    0000026c    00002c58     
                  0000026c    00000a4e     rtsv7M4_T_le_v4SPD16_eabi.lib : _printfi.c.obj (.text:__TI_printfi)
                  00000cba    00000002                                   : div0.asm.obj (.text)
                  00000cbc    00000328     lcd.obj (.text)
                  00000fe4    000002a8     libcybotUART.lib : uart.obj (.text)
                  0000128c    00000270     rtsv7M4_T_le_v4SPD16_eabi.lib : _printfi.c.obj (.text:_pconv_a)
                  000014fc    00000248     Timer.obj (.text)
                  00001744    000001d0     rtsv7M4_T_le_v4SPD16_eabi.lib : _printfi.c.obj (.text:_pconv_g)
                  00001914    000001bc     libcybotScan.lib : ping.obj (.text)
                  00001ad0    000001b6     rtsv7M4_T_le_v4SPD16_eabi.lib : fd_add_t2.asm.obj (.text)
                  00001c86    00000002     --HOLE-- [fill = 0]
                  00001c88    0000013c                                   : _printfi.c.obj (.text:_pconv_e)
                  00001dc4    00000136                                   : fd_div_t2.asm.obj (.text)
                  00001efa    00000002     --HOLE-- [fill = 0]
                  00001efc    00000130     lab4_template.obj (.text)
                  0000202c    00000124     rtsv7M4_T_le_v4SPD16_eabi.lib : _printfi.c.obj (.text:fcvt)
                  00002150    00000110                                   : s_scalbn.c.obj (.text:scalbn)
                  00002260    000000fc                                   : fd_mul_t2.asm.obj (.text)
                  0000235c    000000dc     libcybotScan.lib : ir.obj (.text)
                  00002438    000000c4                      : servo.obj (.text)
                  000024fc    000000b1     rtsv7M4_T_le_v4SPD16_eabi.lib : _printfi.c.obj (.text:_ltostr)
                  000025ad    00000001     --HOLE-- [fill = 0]
                  000025ae    0000009c                                   : memcpy_t2.asm.obj (.text)
                  0000264a    00000096                                   : ull_div_t2.asm.obj (.text)
                  000026e0    00000086                                   : fd_cmp_t2.asm.obj (.text:__aeabi_cdcmple)
                  00002766    00000086                                   : fd_cmp_t2.asm.obj (.text:__aeabi_cdrcmple)
                  000027ec    0000007a                                   : memset_t2.asm.obj (.text)
                  00002866    0000006e                                   : _printfi.c.obj (.text:_mcpy)
                  000028d4    00000068                                   : copy_decompress_lzss.c.obj (.text:decompress:lzss:__TI_decompress_lzss)
                  0000293c    00000064                                   : s_frexp.c.obj (.text:frexp)
                  000029a0    00000056                                   : _printfi.c.obj (.text:_pconv_f)
                  000029f6    00000054                                   : _ltoa.c.obj (.text:__TI_ltoa)
                  00002a4a    00000052                                   : _printfi.c.obj (.text:_ecpy)
                  00002a9c    0000004c                                   : atoi.c.obj (.text:atoi)
                  00002ae8    00000048     libcybotScan.lib : cyBot_Scan.obj (.text)
                  00002b30    00000048     rtsv7M4_T_le_v4SPD16_eabi.lib : fd_toi_t2.asm.obj (.text)
                  00002b78    00000044                                   : autoinit.c.obj (.text:__TI_auto_init_nobinit_nopinit:__TI_auto_init_nobinit_nopinit)
                  00002bbc    00000040                                   : sprintf.c.obj (.text:sprintf)
                  00002bfc    00000040                                   : vsnprintf.c.obj (.text:vsnprintf)
                  00002c3c    0000003e                                   : _printfi.c.obj (.text:_fcpy)
                  00002c7a    00000038                                   : fs_tod_t2.asm.obj (.text)
                  00002cb2    00000002     --HOLE-- [fill = 0]
                  00002cb4    00000034     driverlib.lib : interrupt.obj (.text:IntRegister)
                  00002ce8    00000034     rtsv7M4_T_le_v4SPD16_eabi.lib : boot_cortex_m.c.obj (.text:_c_int00_noargs:_c_int00_noargs)
                  00002d1c    00000030                                   : vsnprintf.c.obj (.text:_outs)
                  00002d4c    0000002e                                   : i_tofd_t2.asm.obj (.text)
                  00002d7a    0000001c                                   : copy_zero_init.c.obj (.text:decompress:ZI:__TI_zero_init_nomemset:__TI_zero_init_nomemset)
                  00002d96    0000001c                                   : memccpy.c.obj (.text:memccpy)
                  00002db2    0000001a                                   : s_copysign.c.obj (.text:copysign)
                  00002dcc    00000018                                   : vsnprintf.c.obj (.text:_outc)
                  00002de4    00000018                                   : sprintf.c.obj (.text:_outs)
                  00002dfc    00000018                                   : strcmp.c.obj (.text:strcmp)
                  00002e14    00000016                                   : strchr.c.obj (.text:strchr)
                  00002e2a    00000014                                   : strcpy.c.obj (.text:strcpy)
                  00002e3e    00000014                                   : strlen.c.obj (.text:strlen)
                  00002e52    00000012                                   : wcslen.c.obj (.text:wcslen)
                  00002e64    00000010     driverlib.lib : interrupt.obj (.text:IntMasterEnable)
                  00002e74    00000010     lcd.obj (.text:lcd_clear)
                  00002e84    0000000e     rtsv7M4_T_le_v4SPD16_eabi.lib : copy_decompress_none.c.obj (.text:decompress:none:__TI_decompress_none)
                  00002e92    0000000c     driverlib.lib : cpu.obj (.text:CPUcpsie)
                  00002e9e    0000000c     tm4c123gh6pm_startup_ccs.obj (.text)
                  00002eaa    0000000a     rtsv7M4_T_le_v4SPD16_eabi.lib : sprintf.c.obj (.text:_outc)
                  00002eb4    00000008                                   : errno.c.obj (.text:__aeabi_errno_addr)
                  00002ebc    00000004                                   : pre_init.c.obj (.text:_system_pre_init)
                  00002ec0    00000004                                   : exit.c.obj (.text:abort:abort)

.const     0    00002ec4    00000132     
                  00002ec4    00000101     rtsv7M4_T_le_v4SPD16_eabi.lib : ctype.c.obj (.const:.string:_ctypes_)
                  00002fc5    00000029     lab4_template.obj (.const:.string:$P$T0$1)
                  00002fee    00000004     lcd.obj (.const:.string:lineAddress$1)
                  00002ff2    00000004     lcd.obj (.const:.string:lineAddresses$2)

.cinit     0    00002ff8    00000040     
                  00002ff8    0000000c     (__TI_handler_table)
                  00003004    00000004     --HOLE-- [fill = 0]
                  00003008    00000008     (.cinit..bss.load) [load image, compression = zero_init]
                  00003010    00000008     (.cinit..vtable.load) [load image, compression = zero_init]
                  00003018    00000007     (.cinit..data.load) [load image, compression = lzss]
                  0000301f    00000001     --HOLE-- [fill = 0]
                  00003020    00000018     (__TI_cinit_table)

.init_array 
*          0    00000000    00000000     UNINITIALIZED

.vtable    0    20000000    0000026c     UNINITIALIZED
                  20000000    0000026c     driverlib.lib : interrupt.obj (.vtable)

.stack     0    20000270    00001000     UNINITIALIZED
                  20000270    00000004     rtsv7M4_T_le_v4SPD16_eabi.lib : boot_cortex_m.c.obj (.stack)
                  20000274    00000ffc     --HOLE--

.sysmem    0    20001270    00001000     UNINITIALIZED
                  20001270    00000010     rtsv7M4_T_le_v4SPD16_eabi.lib : memory.c.obj (.sysmem)
                  20001280    00000ff0     --HOLE--

.bss       0    20002270    0000009d     UNINITIALIZED
                  20002270    00000054     lcd.obj (.bss:lastbuffer$3)
                  200022c4    00000034     (.common:isr_char_buffer)
                  200022f8    00000004     (.common:_timeout_ticks)
                  200022fc    00000004     (.common:fallingEdge)
                  20002300    00000004     (.common:isr_int_value)
                  20002304    00000004     (.common:pulseLength)
                  20002308    00000004     (.common:risingEdge)
                  2000230c    00000001     (.common:isRisingEdge)

.data      0    20002310    00000009     UNINITIALIZED
                  20002310    00000004     libcybotUART.lib : uart.obj (.data)
                  20002314    00000004     rtsv7M4_T_le_v4SPD16_eabi.lib : errno.c.obj (.data)
                  20002318    00000001     Timer.obj (.data)

__llvm_prf_cnts 
*          0    20000000    00000000     UNINITIALIZED

MODULE SUMMARY

       Module                         code    ro data   rw data
       ------                         ----    -------   -------
    .\
       lcd.obj                        824     8         84     
       tm4c123gh6pm_startup_ccs.obj   12      620       0      
       Timer.obj                      584     0         5      
       lab4_template.obj              304     41        0      
    +--+------------------------------+-------+---------+---------+
       Total:                         1724    669       89     
                                                               
    ../libcybotScan.lib
       ping.obj                       444     0         13     
       ir.obj                         220     0         4      
       servo.obj                      196     0         0      
       cyBot_Scan.obj                 72      0         0      
    +--+------------------------------+-------+---------+---------+
       Total:                         932     0         17     
                                                               
    ../libcybotUART.lib
       uart.obj                       680     0         56     
    +--+------------------------------+-------+---------+---------+
       Total:                         680     0         56     
                                                               
    C:/ti/TivaWare_C_Series-2.1.4.178/driverlib/ccs/Debug/driverlib.lib
       interrupt.obj                  68      0         620    
       cpu.obj                        12      0         0      
    +--+------------------------------+-------+---------+---------+
       Total:                         80      0         620    
                                                               
    C:\ti\ccs1010\ccs\tools\compiler\ti-cgt-arm_20.2.1.LTS\lib\rtsv7M4_T_le_v4SPD16_eabi.lib
       _printfi.c.obj                 4851    0         0      
       fd_add_t2.asm.obj              438     0         0      
       fd_div_t2.asm.obj              310     0         0      
       s_scalbn.c.obj                 272     0         0      
       fd_cmp_t2.asm.obj              268     0         0      
       ctype.c.obj                    0       257       0      
       fd_mul_t2.asm.obj              252     0         0      
       memcpy_t2.asm.obj              156     0         0      
       ull_div_t2.asm.obj             150     0         0      
       vsnprintf.c.obj                136     0         0      
       memset_t2.asm.obj              122     0         0      
       copy_decompress_lzss.c.obj     104     0         0      
       s_frexp.c.obj                  100     0         0      
       sprintf.c.obj                  98      0         0      
       _ltoa.c.obj                    84      0         0      
       atoi.c.obj                     76      0         0      
       fd_toi_t2.asm.obj              72      0         0      
       autoinit.c.obj                 68      0         0      
       fs_tod_t2.asm.obj              56      0         0      
       boot_cortex_m.c.obj            52      0         0      
       i_tofd_t2.asm.obj              46      0         0      
       copy_zero_init.c.obj           28      0         0      
       memccpy.c.obj                  28      0         0      
       s_copysign.c.obj               26      0         0      
       strcmp.c.obj                   24      0         0      
       strchr.c.obj                   22      0         0      
       strcpy.c.obj                   20      0         0      
       strlen.c.obj                   20      0         0      
       wcslen.c.obj                   18      0         0      
       copy_decompress_none.c.obj     14      0         0      
       errno.c.obj                    8       0         4      
       exit.c.obj                     4       0         0      
       pre_init.c.obj                 4       0         0      
       div0.asm.obj                   2       0         0      
    +--+------------------------------+-------+---------+---------+
       Total:                         7929    257       4      
                                                               
       Heap:                          0       0         4096   
       Stack:                         0       0         4096   
       Linker Generated:              0       59        0      
    +--+------------------------------+-------+---------+---------+
       Grand Total:                   11345   985       8978   


LINKER GENERATED COPY TABLES

__TI_cinit_table @ 00003020 records: 3, size/record: 8, table size: 24
	.bss: load addr=00003008, load size=00000008 bytes, run addr=20002270, run size=0000009d bytes, compression=zero_init
	.vtable: load addr=00003010, load size=00000008 bytes, run addr=20000000, run size=0000026c bytes, compression=zero_init
	.data: load addr=00003018, load size=00000007 bytes, run addr=20002310, run size=00000009 bytes, compression=lzss


LINKER GENERATED HANDLER TABLE

__TI_handler_table @ 00002ff8 records: 3, size/record: 4, table size: 12
	index: 0, handler: __TI_zero_init
	index: 1, handler: __TI_decompress_lzss
	index: 2, handler: __TI_decompress_none


GLOBAL SYMBOLS: SORTED ALPHABETICALLY BY Name 

address   name                          
-------   ----                          
00002409  ADC0SS0_Handler               
00002ec1  C$$EXIT                       
00002e93  CPUcpsie                      
00002e65  IntMasterEnable               
00002cb5  IntRegister                   
00002e9f  ResetISR                      
00001a51  TIMER3B_Handler               
20001270  __STACK_END                   
00001000  __STACK_SIZE                  
20000470  __STACK_TOP                   
00001000  __SYSMEM_SIZE                 
00003020  __TI_CINIT_Base               
00003038  __TI_CINIT_Limit              
00002ff8  __TI_Handler_Table_Base       
00003004  __TI_Handler_Table_Limit      
00002b79  __TI_auto_init_nobinit_nopinit
000028d5  __TI_decompress_lzss          
00002e85  __TI_decompress_none          
000029f7  __TI_ltoa                     
ffffffff  __TI_pprof_out_hndl           
0000026d  __TI_printfi                  
ffffffff  __TI_prof_data_size           
ffffffff  __TI_prof_data_start          
00000000  __TI_static_base__            
00002d7b  __TI_zero_init_nomemset       
000026e1  __aeabi_cdcmpeq               
000026e1  __aeabi_cdcmple               
00002767  __aeabi_cdrcmple              
00002b31  __aeabi_d2iz                  
00001adb  __aeabi_dadd                  
00001dc5  __aeabi_ddiv                  
00002261  __aeabi_dmul                  
00001ad1  __aeabi_dsub                  
00002eb5  __aeabi_errno_addr            
00002c7b  __aeabi_f2d                   
00002d4d  __aeabi_i2d                   
00000cbb  __aeabi_idiv0                 
00000cbb  __aeabi_ldiv0                 
000027ed  __aeabi_memclr                
000027ed  __aeabi_memclr4               
000027ed  __aeabi_memclr8               
000025af  __aeabi_memcpy                
000025af  __aeabi_memcpy4               
000025af  __aeabi_memcpy8               
000027ef  __aeabi_memset                
000027ef  __aeabi_memset4               
000027ef  __aeabi_memset8               
0000264b  __aeabi_uldivmod              
ffffffff  __binit__                     
ffffffff  __c_args__                    
UNDEFED   __mpu_init                    
20000270  __stack                       
20000000  __start___llvm_prf_cnts       
20000000  __stop___llvm_prf_cnts        
00002ce9  _c_int00_noargs               
00002ec4  _ctypes_                      
20002318  _running                      
20001270  _sys_memory                   
UNDEFED   _system_post_cinit            
00002ebd  _system_pre_init              
200022f8  _timeout_ticks                
00002ec1  abort                         
00002a9d  atoi                          
ffffffff  binit                         
00002db3  copysign                      
00002db3  copysignl                     
00002af9  cyBOT_Scan                    
00002ae9  cyBOT_init_Scan               
00001231  cyBot_UART1_Handler           
00001223  cyBot_getByte_blocking        
00001203  cyBot_getByte_nonblocking     
00000fe5  cyBot_sendByte                
000011e9  cyBot_uart_flush              
00001153  cyBot_uart_init               
000010f3  cyBot_uart_init_PHJ_first_half
0000109b  cyBot_uart_init_clean         
00001023  cyBot_uart_init_last_half     
0000100b  cyBot_uart_sendBuffer         
00000ff1  cyBot_uart_sendStr            
20002314  errno                         
200022fc  fallingEdge                   
0000293d  frexp                         
0000293d  frexpl                        
20000000  g_pfnRAMVectors               
00000000  g_pfnVectors                  
000023d9  ir_enableInterrupt            
000023d1  ir_getDistance                
000023bd  ir_getValue                   
0000235d  ir_init                       
2000230c  isRisingEdge                  
200022c4  isr_char_buffer               
20002310  isr_counter                   
20002300  isr_int_value                 
00002e75  lcd_clear                     
00000e91  lcd_gotoLine                  
00000cf9  lcd_init                      
00000ef7  lcd_printf                    
00000db9  lcd_putc                      
00000df1  lcd_puts                      
00000cbd  lcd_reverseNibble             
00000e0f  lcd_sendCommand               
00000e4d  lcd_sendNibble                
00000eb9  lcd_setCursorPos              
00002151  ldexp                         
00002151  ldexpl                        
00001efd  main                          
00002d97  memccpy                       
000025af  memcpy                        
000027f5  memset                        
00001a1b  ping_getDistance              
00001979  ping_init                     
00001915  ping_trigger                  
20002304  pulseLength                   
20002308  risingEdge                    
00002151  scalbn                        
00002151  scalbnl                       
00002477  servo_init                    
00002457  servo_move                    
00002445  servo_setPWM                  
00002439  servo_stop                    
00002bbd  sprintf                       
00002e15  strchr                        
00002dfd  strcmp                        
00002e2b  strcpy                        
00002e3f  strlen                        
0000161b  timer_getMicros               
000015c3  timer_getMillis               
000014fd  timer_init                    
0000159f  timer_pause                   
000015b1  timer_resume                  
00001575  timer_stop                    
00001675  timer_waitMicros              
000016a7  timer_waitMillis              
00002bfd  vsnprintf                     
00002e53  wcslen                        


GLOBAL SYMBOLS: SORTED BY Symbol Address 

address   name                          
-------   ----                          
00000000  __TI_static_base__            
00000000  g_pfnVectors                  
0000026d  __TI_printfi                  
00000cbb  __aeabi_idiv0                 
00000cbb  __aeabi_ldiv0                 
00000cbd  lcd_reverseNibble             
00000cf9  lcd_init                      
00000db9  lcd_putc                      
00000df1  lcd_puts                      
00000e0f  lcd_sendCommand               
00000e4d  lcd_sendNibble                
00000e91  lcd_gotoLine                  
00000eb9  lcd_setCursorPos              
00000ef7  lcd_printf                    
00000fe5  cyBot_sendByte                
00000ff1  cyBot_uart_sendStr            
00001000  __STACK_SIZE                  
00001000  __SYSMEM_SIZE                 
0000100b  cyBot_uart_sendBuffer         
00001023  cyBot_uart_init_last_half     
0000109b  cyBot_uart_init_clean         
000010f3  cyBot_uart_init_PHJ_first_half
00001153  cyBot_uart_init               
000011e9  cyBot_uart_flush              
00001203  cyBot_getByte_nonblocking     
00001223  cyBot_getByte_blocking        
00001231  cyBot_UART1_Handler           
000014fd  timer_init                    
00001575  timer_stop                    
0000159f  timer_pause                   
000015b1  timer_resume                  
000015c3  timer_getMillis               
0000161b  timer_getMicros               
00001675  timer_waitMicros              
000016a7  timer_waitMillis              
00001915  ping_trigger                  
00001979  ping_init                     
00001a1b  ping_getDistance              
00001a51  TIMER3B_Handler               
00001ad1  __aeabi_dsub                  
00001adb  __aeabi_dadd                  
00001dc5  __aeabi_ddiv                  
00001efd  main                          
00002151  ldexp                         
00002151  ldexpl                        
00002151  scalbn                        
00002151  scalbnl                       
00002261  __aeabi_dmul                  
0000235d  ir_init                       
000023bd  ir_getValue                   
000023d1  ir_getDistance                
000023d9  ir_enableInterrupt            
00002409  ADC0SS0_Handler               
00002439  servo_stop                    
00002445  servo_setPWM                  
00002457  servo_move                    
00002477  servo_init                    
000025af  __aeabi_memcpy                
000025af  __aeabi_memcpy4               
000025af  __aeabi_memcpy8               
000025af  memcpy                        
0000264b  __aeabi_uldivmod              
000026e1  __aeabi_cdcmpeq               
000026e1  __aeabi_cdcmple               
00002767  __aeabi_cdrcmple              
000027ed  __aeabi_memclr                
000027ed  __aeabi_memclr4               
000027ed  __aeabi_memclr8               
000027ef  __aeabi_memset                
000027ef  __aeabi_memset4               
000027ef  __aeabi_memset8               
000027f5  memset                        
000028d5  __TI_decompress_lzss          
0000293d  frexp                         
0000293d  frexpl                        
000029f7  __TI_ltoa                     
00002a9d  atoi                          
00002ae9  cyBOT_init_Scan               
00002af9  cyBOT_Scan                    
00002b31  __aeabi_d2iz                  
00002b79  __TI_auto_init_nobinit_nopinit
00002bbd  sprintf                       
00002bfd  vsnprintf                     
00002c7b  __aeabi_f2d                   
00002cb5  IntRegister                   
00002ce9  _c_int00_noargs               
00002d4d  __aeabi_i2d                   
00002d7b  __TI_zero_init_nomemset       
00002d97  memccpy                       
00002db3  copysign                      
00002db3  copysignl                     
00002dfd  strcmp                        
00002e15  strchr                        
00002e2b  strcpy                        
00002e3f  strlen                        
00002e53  wcslen                        
00002e65  IntMasterEnable               
00002e75  lcd_clear                     
00002e85  __TI_decompress_none          
00002e93  CPUcpsie                      
00002e9f  ResetISR                      
00002eb5  __aeabi_errno_addr            
00002ebd  _system_pre_init              
00002ec1  C$$EXIT                       
00002ec1  abort                         
00002ec4  _ctypes_                      
00002ff8  __TI_Handler_Table_Base       
00003004  __TI_Handler_Table_Limit      
00003020  __TI_CINIT_Base               
00003038  __TI_CINIT_Limit              
20000000  __start___llvm_prf_cnts       
20000000  __stop___llvm_prf_cnts        
20000000  g_pfnRAMVectors               
20000270  __stack                       
20000470  __STACK_TOP                   
20001270  __STACK_END                   
20001270  _sys_memory                   
200022c4  isr_char_buffer               
200022f8  _timeout_ticks                
200022fc  fallingEdge                   
20002300  isr_int_value                 
20002304  pulseLength                   
20002308  risingEdge                    
2000230c  isRisingEdge                  
20002310  isr_counter                   
20002314  errno                         
20002318  _running                      
ffffffff  __TI_pprof_out_hndl           
ffffffff  __TI_prof_data_size           
ffffffff  __TI_prof_data_start          
ffffffff  __binit__                     
ffffffff  __c_args__                    
ffffffff  binit                         
UNDEFED   __mpu_init                    
UNDEFED   _system_post_cinit            

[135 symbols]
