<?xml version="1.0" encoding="ISO-8859-1" ?>
<link_info>
   <banner>TI ARM Linker PC v20.2.1.LTS</banner>
   <copyright>Copyright (c) 1996-2018 Texas Instruments Incorporated</copyright>
   <link_time>0x5f78c86d</link_time>
   <link_errors>0x0</link_errors>
   <output_file>Lab_2.out</output_file>
   <entry_point>
      <name>_c_int00_noargs</name>
      <address>0x5835</address>
   </entry_point>
   <input_file_list>
      <input_file id="fl-2">
         <path>.\</path>
         <kind>object</kind>
         <file>Main.obj</file>
         <name>Main.obj</name>
      </input_file>
      <input_file id="fl-3">
         <path>.\</path>
         <kind>object</kind>
         <file>Timer.obj</file>
         <name>Timer.obj</name>
      </input_file>
      <input_file id="fl-4">
         <path>.\</path>
         <kind>object</kind>
         <file>button.obj</file>
         <name>button.obj</name>
      </input_file>
      <input_file id="fl-5">
         <path>.\</path>
         <kind>object</kind>
         <file>lab4_template.obj</file>
         <name>lab4_template.obj</name>
      </input_file>
      <input_file id="fl-6">
         <path>.\</path>
         <kind>object</kind>
         <file>lcd.obj</file>
         <name>lcd.obj</name>
      </input_file>
      <input_file id="fl-7">
         <path>.\</path>
         <kind>object</kind>
         <file>movement.obj</file>
         <name>movement.obj</name>
      </input_file>
      <input_file id="fl-8">
         <path>.\</path>
         <kind>object</kind>
         <file>open_interface.obj</file>
         <name>open_interface.obj</name>
      </input_file>
      <input_file id="fl-9">
         <path>.\</path>
         <kind>object</kind>
         <file>resetSimulation.obj</file>
         <name>resetSimulation.obj</name>
      </input_file>
      <input_file id="fl-a">
         <path>.\</path>
         <kind>object</kind>
         <file>tm4c123gh6pm_startup_ccs.obj</file>
         <name>tm4c123gh6pm_startup_ccs.obj</name>
      </input_file>
      <input_file id="fl-11">
         <kind>object</kind>
         <file>&lt;internal&gt;</file>
         <name>&lt;internal&gt;</name>
      </input_file>
      <input_file id="fl-12">
         <path>..\</path>
         <kind>archive</kind>
         <file>libcybotScan.lib</file>
         <name>cyBot_Scan.obj</name>
      </input_file>
      <input_file id="fl-13">
         <path>..\</path>
         <kind>archive</kind>
         <file>libcybotScan.lib</file>
         <name>ir.obj</name>
      </input_file>
      <input_file id="fl-14">
         <path>..\</path>
         <kind>archive</kind>
         <file>libcybotScan.lib</file>
         <name>ping.obj</name>
      </input_file>
      <input_file id="fl-15">
         <path>..\</path>
         <kind>archive</kind>
         <file>libcybotScan.lib</file>
         <name>servo.obj</name>
      </input_file>
      <input_file id="fl-16">
         <path>..\</path>
         <kind>archive</kind>
         <file>libcybotUART.lib</file>
         <name>uart.obj</name>
      </input_file>
      <input_file id="fl-cc">
         <path>C:\ti\ccs1010\ccs\tools\compiler\ti-cgt-arm_20.2.1.LTS\lib\</path>
         <kind>archive</kind>
         <file>rtsv7M4_T_le_v4SPD16_eabi.lib</file>
         <name>e_pow.c.obj</name>
      </input_file>
      <input_file id="fl-cd">
         <path>C:\ti\ccs1010\ccs\tools\compiler\ti-cgt-arm_20.2.1.LTS\lib\</path>
         <kind>archive</kind>
         <file>rtsv7M4_T_le_v4SPD16_eabi.lib</file>
         <name>e_sqrt.c.obj</name>
      </input_file>
      <input_file id="fl-ce">
         <path>C:\ti\ccs1010\ccs\tools\compiler\ti-cgt-arm_20.2.1.LTS\lib\</path>
         <kind>archive</kind>
         <file>rtsv7M4_T_le_v4SPD16_eabi.lib</file>
         <name>s_cos.c.obj</name>
      </input_file>
      <input_file id="fl-cf">
         <path>C:\ti\ccs1010\ccs\tools\compiler\ti-cgt-arm_20.2.1.LTS\lib\</path>
         <kind>archive</kind>
         <file>rtsv7M4_T_le_v4SPD16_eabi.lib</file>
         <name>s_scalbn.c.obj</name>
      </input_file>
      <input_file id="fl-d0">
         <path>C:\ti\ccs1010\ccs\tools\compiler\ti-cgt-arm_20.2.1.LTS\lib\</path>
         <kind>archive</kind>
         <file>rtsv7M4_T_le_v4SPD16_eabi.lib</file>
         <name>sprintf.c.obj</name>
      </input_file>
      <input_file id="fl-d1">
         <path>C:\ti\ccs1010\ccs\tools\compiler\ti-cgt-arm_20.2.1.LTS\lib\</path>
         <kind>archive</kind>
         <file>rtsv7M4_T_le_v4SPD16_eabi.lib</file>
         <name>vsnprintf.c.obj</name>
      </input_file>
      <input_file id="fl-d2">
         <path>C:\ti\ccs1010\ccs\tools\compiler\ti-cgt-arm_20.2.1.LTS\lib\</path>
         <kind>archive</kind>
         <file>rtsv7M4_T_le_v4SPD16_eabi.lib</file>
         <name>fd_add_t2.asm.obj</name>
      </input_file>
      <input_file id="fl-d3">
         <path>C:\ti\ccs1010\ccs\tools\compiler\ti-cgt-arm_20.2.1.LTS\lib\</path>
         <kind>archive</kind>
         <file>rtsv7M4_T_le_v4SPD16_eabi.lib</file>
         <name>fd_cmp_t2.asm.obj</name>
      </input_file>
      <input_file id="fl-d4">
         <path>C:\ti\ccs1010\ccs\tools\compiler\ti-cgt-arm_20.2.1.LTS\lib\</path>
         <kind>archive</kind>
         <file>rtsv7M4_T_le_v4SPD16_eabi.lib</file>
         <name>fd_div_t2.asm.obj</name>
      </input_file>
      <input_file id="fl-d5">
         <path>C:\ti\ccs1010\ccs\tools\compiler\ti-cgt-arm_20.2.1.LTS\lib\</path>
         <kind>archive</kind>
         <file>rtsv7M4_T_le_v4SPD16_eabi.lib</file>
         <name>fd_mul_t2.asm.obj</name>
      </input_file>
      <input_file id="fl-d6">
         <path>C:\ti\ccs1010\ccs\tools\compiler\ti-cgt-arm_20.2.1.LTS\lib\</path>
         <kind>archive</kind>
         <file>rtsv7M4_T_le_v4SPD16_eabi.lib</file>
         <name>fd_toi_t2.asm.obj</name>
      </input_file>
      <input_file id="fl-d7">
         <path>C:\ti\ccs1010\ccs\tools\compiler\ti-cgt-arm_20.2.1.LTS\lib\</path>
         <kind>archive</kind>
         <file>rtsv7M4_T_le_v4SPD16_eabi.lib</file>
         <name>fd_tos_t2.asm.obj</name>
      </input_file>
      <input_file id="fl-d8">
         <path>C:\ti\ccs1010\ccs\tools\compiler\ti-cgt-arm_20.2.1.LTS\lib\</path>
         <kind>archive</kind>
         <file>rtsv7M4_T_le_v4SPD16_eabi.lib</file>
         <name>fs_tod_t2.asm.obj</name>
      </input_file>
      <input_file id="fl-d9">
         <path>C:\ti\ccs1010\ccs\tools\compiler\ti-cgt-arm_20.2.1.LTS\lib\</path>
         <kind>archive</kind>
         <file>rtsv7M4_T_le_v4SPD16_eabi.lib</file>
         <name>i_tofd_t2.asm.obj</name>
      </input_file>
      <input_file id="fl-da">
         <path>C:\ti\ccs1010\ccs\tools\compiler\ti-cgt-arm_20.2.1.LTS\lib\</path>
         <kind>archive</kind>
         <file>rtsv7M4_T_le_v4SPD16_eabi.lib</file>
         <name>memcpy_t2.asm.obj</name>
      </input_file>
      <input_file id="fl-db">
         <path>C:\ti\ccs1010\ccs\tools\compiler\ti-cgt-arm_20.2.1.LTS\lib\</path>
         <kind>archive</kind>
         <file>rtsv7M4_T_le_v4SPD16_eabi.lib</file>
         <name>copy_zero_init.c.obj</name>
      </input_file>
      <input_file id="fl-dc">
         <path>C:\ti\ccs1010\ccs\tools\compiler\ti-cgt-arm_20.2.1.LTS\lib\</path>
         <kind>archive</kind>
         <file>rtsv7M4_T_le_v4SPD16_eabi.lib</file>
         <name>copy_decompress_none.c.obj</name>
      </input_file>
      <input_file id="fl-dd">
         <path>C:\ti\ccs1010\ccs\tools\compiler\ti-cgt-arm_20.2.1.LTS\lib\</path>
         <kind>archive</kind>
         <file>rtsv7M4_T_le_v4SPD16_eabi.lib</file>
         <name>copy_decompress_lzss.c.obj</name>
      </input_file>
      <input_file id="fl-de">
         <path>C:\ti\ccs1010\ccs\tools\compiler\ti-cgt-arm_20.2.1.LTS\lib\</path>
         <kind>archive</kind>
         <file>rtsv7M4_T_le_v4SPD16_eabi.lib</file>
         <name>memory.c.obj</name>
      </input_file>
      <input_file id="fl-df">
         <path>C:\ti\ccs1010\ccs\tools\compiler\ti-cgt-arm_20.2.1.LTS\lib\</path>
         <kind>archive</kind>
         <file>rtsv7M4_T_le_v4SPD16_eabi.lib</file>
         <name>strcmp.c.obj</name>
      </input_file>
      <input_file id="fl-e0">
         <path>C:\ti\ccs1010\ccs\tools\compiler\ti-cgt-arm_20.2.1.LTS\lib\</path>
         <kind>archive</kind>
         <file>rtsv7M4_T_le_v4SPD16_eabi.lib</file>
         <name>strcpy.c.obj</name>
      </input_file>
      <input_file id="fl-e1">
         <path>C:\ti\ccs1010\ccs\tools\compiler\ti-cgt-arm_20.2.1.LTS\lib\</path>
         <kind>archive</kind>
         <file>rtsv7M4_T_le_v4SPD16_eabi.lib</file>
         <name>strlen.c.obj</name>
      </input_file>
      <input_file id="fl-e2">
         <path>C:\ti\ccs1010\ccs\tools\compiler\ti-cgt-arm_20.2.1.LTS\lib\</path>
         <kind>archive</kind>
         <file>rtsv7M4_T_le_v4SPD16_eabi.lib</file>
         <name>k_rem_pio2.c.obj</name>
      </input_file>
      <input_file id="fl-e3">
         <path>C:\ti\ccs1010\ccs\tools\compiler\ti-cgt-arm_20.2.1.LTS\lib\</path>
         <kind>archive</kind>
         <file>rtsv7M4_T_le_v4SPD16_eabi.lib</file>
         <name>errno.c.obj</name>
      </input_file>
      <input_file id="fl-e4">
         <path>C:\ti\ccs1010\ccs\tools\compiler\ti-cgt-arm_20.2.1.LTS\lib\</path>
         <kind>archive</kind>
         <file>rtsv7M4_T_le_v4SPD16_eabi.lib</file>
         <name>boot_cortex_m.c.obj</name>
      </input_file>
      <input_file id="fl-e5">
         <path>C:\ti\ccs1010\ccs\tools\compiler\ti-cgt-arm_20.2.1.LTS\lib\</path>
         <kind>archive</kind>
         <file>rtsv7M4_T_le_v4SPD16_eabi.lib</file>
         <name>s_copysign.c.obj</name>
      </input_file>
      <input_file id="fl-e6">
         <path>C:\ti\ccs1010\ccs\tools\compiler\ti-cgt-arm_20.2.1.LTS\lib\</path>
         <kind>archive</kind>
         <file>rtsv7M4_T_le_v4SPD16_eabi.lib</file>
         <name>k_cos.c.obj</name>
      </input_file>
      <input_file id="fl-e7">
         <path>C:\ti\ccs1010\ccs\tools\compiler\ti-cgt-arm_20.2.1.LTS\lib\</path>
         <kind>archive</kind>
         <file>rtsv7M4_T_le_v4SPD16_eabi.lib</file>
         <name>k_sin.c.obj</name>
      </input_file>
      <input_file id="fl-e8">
         <path>C:\ti\ccs1010\ccs\tools\compiler\ti-cgt-arm_20.2.1.LTS\lib\</path>
         <kind>archive</kind>
         <file>rtsv7M4_T_le_v4SPD16_eabi.lib</file>
         <name>s_floor.c.obj</name>
      </input_file>
      <input_file id="fl-e9">
         <path>C:\ti\ccs1010\ccs\tools\compiler\ti-cgt-arm_20.2.1.LTS\lib\</path>
         <kind>archive</kind>
         <file>rtsv7M4_T_le_v4SPD16_eabi.lib</file>
         <name>_printfi.c.obj</name>
      </input_file>
      <input_file id="fl-ea">
         <path>C:\ti\ccs1010\ccs\tools\compiler\ti-cgt-arm_20.2.1.LTS\lib\</path>
         <kind>archive</kind>
         <file>rtsv7M4_T_le_v4SPD16_eabi.lib</file>
         <name>memset_t2.asm.obj</name>
      </input_file>
      <input_file id="fl-eb">
         <path>C:\ti\ccs1010\ccs\tools\compiler\ti-cgt-arm_20.2.1.LTS\lib\</path>
         <kind>archive</kind>
         <file>rtsv7M4_T_le_v4SPD16_eabi.lib</file>
         <name>ull_div_t2.asm.obj</name>
      </input_file>
      <input_file id="fl-ec">
         <path>C:\ti\ccs1010\ccs\tools\compiler\ti-cgt-arm_20.2.1.LTS\lib\</path>
         <kind>archive</kind>
         <file>rtsv7M4_T_le_v4SPD16_eabi.lib</file>
         <name>autoinit.c.obj</name>
      </input_file>
      <input_file id="fl-ed">
         <path>C:\ti\ccs1010\ccs\tools\compiler\ti-cgt-arm_20.2.1.LTS\lib\</path>
         <kind>archive</kind>
         <file>rtsv7M4_T_le_v4SPD16_eabi.lib</file>
         <name>pre_init.c.obj</name>
      </input_file>
      <input_file id="fl-ee">
         <path>C:\ti\ccs1010\ccs\tools\compiler\ti-cgt-arm_20.2.1.LTS\lib\</path>
         <kind>archive</kind>
         <file>rtsv7M4_T_le_v4SPD16_eabi.lib</file>
         <name>cpy_tbl.c.obj</name>
      </input_file>
      <input_file id="fl-ef">
         <path>C:\ti\ccs1010\ccs\tools\compiler\ti-cgt-arm_20.2.1.LTS\lib\</path>
         <kind>archive</kind>
         <file>rtsv7M4_T_le_v4SPD16_eabi.lib</file>
         <name>exit.c.obj</name>
      </input_file>
      <input_file id="fl-f0">
         <path>C:\ti\ccs1010\ccs\tools\compiler\ti-cgt-arm_20.2.1.LTS\lib\</path>
         <kind>archive</kind>
         <file>rtsv7M4_T_le_v4SPD16_eabi.lib</file>
         <name>_lock.c.obj</name>
      </input_file>
      <input_file id="fl-f1">
         <path>C:\ti\ccs1010\ccs\tools\compiler\ti-cgt-arm_20.2.1.LTS\lib\</path>
         <kind>archive</kind>
         <file>rtsv7M4_T_le_v4SPD16_eabi.lib</file>
         <name>_ltoa.c.obj</name>
      </input_file>
      <input_file id="fl-f2">
         <path>C:\ti\ccs1010\ccs\tools\compiler\ti-cgt-arm_20.2.1.LTS\lib\</path>
         <kind>archive</kind>
         <file>rtsv7M4_T_le_v4SPD16_eabi.lib</file>
         <name>args_main.c.obj</name>
      </input_file>
      <input_file id="fl-f3">
         <path>C:\ti\ccs1010\ccs\tools\compiler\ti-cgt-arm_20.2.1.LTS\lib\</path>
         <kind>archive</kind>
         <file>rtsv7M4_T_le_v4SPD16_eabi.lib</file>
         <name>atoi.c.obj</name>
      </input_file>
      <input_file id="fl-f4">
         <path>C:\ti\ccs1010\ccs\tools\compiler\ti-cgt-arm_20.2.1.LTS\lib\</path>
         <kind>archive</kind>
         <file>rtsv7M4_T_le_v4SPD16_eabi.lib</file>
         <name>ctype.c.obj</name>
      </input_file>
      <input_file id="fl-f5">
         <path>C:\ti\ccs1010\ccs\tools\compiler\ti-cgt-arm_20.2.1.LTS\lib\</path>
         <kind>archive</kind>
         <file>rtsv7M4_T_le_v4SPD16_eabi.lib</file>
         <name>memccpy.c.obj</name>
      </input_file>
      <input_file id="fl-f6">
         <path>C:\ti\ccs1010\ccs\tools\compiler\ti-cgt-arm_20.2.1.LTS\lib\</path>
         <kind>archive</kind>
         <file>rtsv7M4_T_le_v4SPD16_eabi.lib</file>
         <name>strchr.c.obj</name>
      </input_file>
      <input_file id="fl-f7">
         <path>C:\ti\ccs1010\ccs\tools\compiler\ti-cgt-arm_20.2.1.LTS\lib\</path>
         <kind>archive</kind>
         <file>rtsv7M4_T_le_v4SPD16_eabi.lib</file>
         <name>s_frexp.c.obj</name>
      </input_file>
      <input_file id="fl-f8">
         <path>C:\ti\ccs1010\ccs\tools\compiler\ti-cgt-arm_20.2.1.LTS\lib\</path>
         <kind>archive</kind>
         <file>rtsv7M4_T_le_v4SPD16_eabi.lib</file>
         <name>wcslen.c.obj</name>
      </input_file>
      <input_file id="fl-f9">
         <path>C:\ti\ccs1010\ccs\tools\compiler\ti-cgt-arm_20.2.1.LTS\lib\</path>
         <kind>archive</kind>
         <file>rtsv7M4_T_le_v4SPD16_eabi.lib</file>
         <name>div0.asm.obj</name>
      </input_file>
      <input_file id="fl-fa">
         <path>C:\ti\TivaWare_C_Series-2.1.4.178\driverlib\ccs\Debug\</path>
         <kind>archive</kind>
         <file>driverlib.lib</file>
         <name>interrupt.obj</name>
      </input_file>
      <input_file id="fl-fb">
         <path>C:\ti\TivaWare_C_Series-2.1.4.178\driverlib\ccs\Debug\</path>
         <kind>archive</kind>
         <file>driverlib.lib</file>
         <name>cpu.obj</name>
      </input_file>
   </input_file_list>
   <object_component_list>
      <object_component id="oc-12">
         <name>.intvecs</name>
         <load_address>0x0</load_address>
         <run_address>0x0</run_address>
         <size>0x26c</size>
         <input_file_ref idref="fl-a"/>
      </object_component>
      <object_component id="oc-e2">
         <name>.text</name>
         <load_address>0x26c</load_address>
         <run_address>0x26c</run_address>
         <size>0xc20</size>
         <input_file_ref idref="fl-8"/>
      </object_component>
      <object_component id="oc-219">
         <name>.text:__TI_printfi</name>
         <load_address>0xe8c</load_address>
         <run_address>0xe8c</run_address>
         <size>0xa4e</size>
         <input_file_ref idref="fl-e9"/>
      </object_component>
      <object_component id="oc-325">
         <name>.text:_nop</name>
         <load_address>0x18da</load_address>
         <run_address>0x18da</run_address>
         <size>0x2</size>
         <input_file_ref idref="fl-f0"/>
      </object_component>
      <object_component id="oc-f3">
         <name>.text:pow</name>
         <load_address>0x18dc</load_address>
         <run_address>0x18dc</run_address>
         <size>0x9c0</size>
         <input_file_ref idref="fl-cc"/>
      </object_component>
      <object_component id="oc-206">
         <name>.text:__kernel_rem_pio2</name>
         <load_address>0x229c</load_address>
         <run_address>0x229c</run_address>
         <size>0x738</size>
         <input_file_ref idref="fl-e2"/>
      </object_component>
      <object_component id="oc-fe">
         <name>.text:cos</name>
         <load_address>0x29d4</load_address>
         <run_address>0x29d4</run_address>
         <size>0x5dc</size>
         <input_file_ref idref="fl-ce"/>
      </object_component>
      <object_component id="oc-a2">
         <name>.text</name>
         <load_address>0x2fb0</load_address>
         <run_address>0x2fb0</run_address>
         <size>0x388</size>
         <input_file_ref idref="fl-2"/>
      </object_component>
      <object_component id="oc-d6">
         <name>.text</name>
         <load_address>0x3338</load_address>
         <run_address>0x3338</run_address>
         <size>0x2a8</size>
         <input_file_ref idref="fl-16"/>
      </object_component>
      <object_component id="oc-2ff">
         <name>.text:_pconv_a</name>
         <load_address>0x35e0</load_address>
         <run_address>0x35e0</run_address>
         <size>0x270</size>
         <input_file_ref idref="fl-e9"/>
      </object_component>
      <object_component id="oc-196">
         <name>.text</name>
         <load_address>0x3850</load_address>
         <run_address>0x3850</run_address>
         <size>0x248</size>
         <input_file_ref idref="fl-3"/>
      </object_component>
      <object_component id="oc-2ed">
         <name>.text:_pconv_g</name>
         <load_address>0x3a98</load_address>
         <run_address>0x3a98</run_address>
         <size>0x1d0</size>
         <input_file_ref idref="fl-e9"/>
      </object_component>
      <object_component id="oc-18a">
         <name>.text</name>
         <load_address>0x3c68</load_address>
         <run_address>0x3c68</run_address>
         <size>0x1bc</size>
         <input_file_ref idref="fl-14"/>
      </object_component>
      <object_component id="oc-104">
         <name>.text</name>
         <load_address>0x3e24</load_address>
         <run_address>0x3e24</run_address>
         <size>0x1b6</size>
         <input_file_ref idref="fl-d2"/>
      </object_component>
      <object_component id="oc-3ee">
         <name>.text</name>
         <load_address>0x3fda</load_address>
         <run_address>0x3fda</run_address>
         <size>0x2</size>
         <input_file_ref idref="fl-f9"/>
      </object_component>
      <object_component id="oc-20c">
         <name>.text:__kernel_sin</name>
         <load_address>0x3fdc</load_address>
         <run_address>0x3fdc</run_address>
         <size>0x174</size>
         <input_file_ref idref="fl-e7"/>
      </object_component>
      <object_component id="oc-200">
         <name>.text:__kernel_cos</name>
         <load_address>0x4150</load_address>
         <run_address>0x4150</run_address>
         <size>0x16c</size>
         <input_file_ref idref="fl-e6"/>
      </object_component>
      <object_component id="oc-109">
         <name>.text:sqrt</name>
         <load_address>0x42bc</load_address>
         <run_address>0x42bc</run_address>
         <size>0x158</size>
         <input_file_ref idref="fl-cd"/>
      </object_component>
      <object_component id="oc-2f9">
         <name>.text:_pconv_e</name>
         <load_address>0x4414</load_address>
         <run_address>0x4414</run_address>
         <size>0x13c</size>
         <input_file_ref idref="fl-e9"/>
      </object_component>
      <object_component id="oc-1c6">
         <name>.text</name>
         <load_address>0x4550</load_address>
         <run_address>0x4550</run_address>
         <size>0x136</size>
         <input_file_ref idref="fl-d4"/>
      </object_component>
      <object_component id="oc-11f">
         <name>.text</name>
         <load_address>0x4688</load_address>
         <run_address>0x4688</run_address>
         <size>0x134</size>
         <input_file_ref idref="fl-7"/>
      </object_component>
      <object_component id="oc-39a">
         <name>.text:fcvt</name>
         <load_address>0x47bc</load_address>
         <run_address>0x47bc</run_address>
         <size>0x124</size>
         <input_file_ref idref="fl-e9"/>
      </object_component>
      <object_component id="oc-1f1">
         <name>.text:scalbn</name>
         <load_address>0x48e0</load_address>
         <run_address>0x48e0</run_address>
         <size>0x110</size>
         <input_file_ref idref="fl-cf"/>
      </object_component>
      <object_component id="oc-353">
         <name>.text:aligned_alloc</name>
         <load_address>0x49f0</load_address>
         <run_address>0x49f0</run_address>
         <size>0x108</size>
         <input_file_ref idref="fl-de"/>
      </object_component>
      <object_component id="oc-f9">
         <name>.text</name>
         <load_address>0x4af8</load_address>
         <run_address>0x4af8</run_address>
         <size>0xfc</size>
         <input_file_ref idref="fl-d5"/>
      </object_component>
      <object_component id="oc-2cf">
         <name>.text:floor</name>
         <load_address>0x4bf4</load_address>
         <run_address>0x4bf4</run_address>
         <size>0xf8</size>
         <input_file_ref idref="fl-e8"/>
      </object_component>
      <object_component id="oc-1a4">
         <name>.text:free</name>
         <load_address>0x4cec</load_address>
         <run_address>0x4cec</run_address>
         <size>0xe4</size>
         <input_file_ref idref="fl-de"/>
      </object_component>
      <object_component id="oc-184">
         <name>.text</name>
         <load_address>0x4dd0</load_address>
         <run_address>0x4dd0</run_address>
         <size>0xdc</size>
         <input_file_ref idref="fl-13"/>
      </object_component>
      <object_component id="oc-190">
         <name>.text</name>
         <load_address>0x4eac</load_address>
         <run_address>0x4eac</run_address>
         <size>0xc4</size>
         <input_file_ref idref="fl-15"/>
      </object_component>
      <object_component id="oc-2e7">
         <name>.text:_ltostr</name>
         <load_address>0x4f70</load_address>
         <run_address>0x4f70</run_address>
         <size>0xb1</size>
         <input_file_ref idref="fl-e9"/>
      </object_component>
      <object_component id="oc-3e">
         <name>.text</name>
         <load_address>0x5022</load_address>
         <run_address>0x5022</run_address>
         <size>0x9c</size>
         <input_file_ref idref="fl-da"/>
      </object_component>
      <object_component id="oc-381">
         <name>.text</name>
         <load_address>0x50be</load_address>
         <run_address>0x50be</run_address>
         <size>0x96</size>
         <input_file_ref idref="fl-eb"/>
      </object_component>
      <object_component id="oc-1e7">
         <name>.text:__aeabi_cdcmple</name>
         <load_address>0x5154</load_address>
         <run_address>0x5154</run_address>
         <size>0x86</size>
         <input_file_ref idref="fl-d3"/>
      </object_component>
      <object_component id="oc-1ec">
         <name>.text:__aeabi_cdrcmple</name>
         <load_address>0x51da</load_address>
         <run_address>0x51da</run_address>
         <size>0x86</size>
         <input_file_ref idref="fl-d3"/>
      </object_component>
      <object_component id="oc-96">
         <name>.text</name>
         <load_address>0x5260</load_address>
         <run_address>0x5260</run_address>
         <size>0x7a</size>
         <input_file_ref idref="fl-ea"/>
      </object_component>
      <object_component id="oc-3de">
         <name>.text:split</name>
         <load_address>0x52dc</load_address>
         <run_address>0x52dc</run_address>
         <size>0x70</size>
         <input_file_ref idref="fl-de"/>
      </object_component>
      <object_component id="oc-393">
         <name>.text:_mcpy</name>
         <load_address>0x534c</load_address>
         <run_address>0x534c</run_address>
         <size>0x6e</size>
         <input_file_ref idref="fl-e9"/>
      </object_component>
      <object_component id="oc-1ce">
         <name>.text</name>
         <load_address>0x53ba</load_address>
         <run_address>0x53ba</run_address>
         <size>0x6e</size>
         <input_file_ref idref="fl-d7"/>
      </object_component>
      <object_component id="oc-15">
         <name>.text:decompress:lzss:__TI_decompress_lzss</name>
         <load_address>0x5428</load_address>
         <run_address>0x5428</run_address>
         <size>0x68</size>
         <input_file_ref idref="fl-dd"/>
      </object_component>
      <object_component id="oc-3a8">
         <name>.text:frexp</name>
         <load_address>0x5490</load_address>
         <run_address>0x5490</run_address>
         <size>0x64</size>
         <input_file_ref idref="fl-f7"/>
      </object_component>
      <object_component id="oc-2f3">
         <name>.text:_pconv_f</name>
         <load_address>0x54f4</load_address>
         <run_address>0x54f4</run_address>
         <size>0x56</size>
         <input_file_ref idref="fl-e9"/>
      </object_component>
      <object_component id="oc-387">
         <name>.text:__TI_ltoa</name>
         <load_address>0x554a</load_address>
         <run_address>0x554a</run_address>
         <size>0x54</size>
         <input_file_ref idref="fl-f1"/>
      </object_component>
      <object_component id="oc-38d">
         <name>.text:_ecpy</name>
         <load_address>0x559e</load_address>
         <run_address>0x559e</run_address>
         <size>0x52</size>
         <input_file_ref idref="fl-e9"/>
      </object_component>
      <object_component id="oc-2e1">
         <name>.text:atoi</name>
         <load_address>0x55f0</load_address>
         <run_address>0x55f0</run_address>
         <size>0x4c</size>
         <input_file_ref idref="fl-f3"/>
      </object_component>
      <object_component id="oc-dc">
         <name>.text</name>
         <load_address>0x563c</load_address>
         <run_address>0x563c</run_address>
         <size>0x48</size>
         <input_file_ref idref="fl-12"/>
      </object_component>
      <object_component id="oc-10f">
         <name>.text</name>
         <load_address>0x5684</load_address>
         <run_address>0x5684</run_address>
         <size>0x48</size>
         <input_file_ref idref="fl-d6"/>
      </object_component>
      <object_component id="oc-13a">
         <name>.text:__TI_auto_init_nobinit_nopinit:__TI_auto_init_nobinit_nopinit</name>
         <load_address>0x56cc</load_address>
         <run_address>0x56cc</run_address>
         <size>0x44</size>
         <input_file_ref idref="fl-ec"/>
      </object_component>
      <object_component id="oc-119">
         <name>.text:sprintf</name>
         <load_address>0x5710</load_address>
         <run_address>0x5710</run_address>
         <size>0x40</size>
         <input_file_ref idref="fl-d0"/>
      </object_component>
      <object_component id="oc-3a0">
         <name>.text:_fcpy</name>
         <load_address>0x5750</load_address>
         <run_address>0x5750</run_address>
         <size>0x3e</size>
         <input_file_ref idref="fl-e9"/>
      </object_component>
      <object_component id="oc-19e">
         <name>.text:calloc</name>
         <load_address>0x5790</load_address>
         <run_address>0x5790</run_address>
         <size>0x38</size>
         <input_file_ref idref="fl-de"/>
      </object_component>
      <object_component id="oc-114">
         <name>.text</name>
         <load_address>0x57c8</load_address>
         <run_address>0x57c8</run_address>
         <size>0x38</size>
         <input_file_ref idref="fl-d8"/>
      </object_component>
      <object_component id="oc-1b7">
         <name>.text:IntRegister</name>
         <load_address>0x5800</load_address>
         <run_address>0x5800</run_address>
         <size>0x34</size>
         <input_file_ref idref="fl-fa"/>
      </object_component>
      <object_component id="oc-5c">
         <name>.text:_c_int00_noargs:_c_int00_noargs</name>
         <load_address>0x5834</load_address>
         <run_address>0x5834</run_address>
         <size>0x34</size>
         <input_file_ref idref="fl-e4"/>
      </object_component>
      <object_component id="oc-ee">
         <name>.text</name>
         <load_address>0x5868</load_address>
         <run_address>0x5868</run_address>
         <size>0x2e</size>
         <input_file_ref idref="fl-d9"/>
      </object_component>
      <object_component id="oc-28c">
         <name>.text:free_list_insert</name>
         <load_address>0x5898</load_address>
         <run_address>0x5898</run_address>
         <size>0x28</size>
         <input_file_ref idref="fl-de"/>
      </object_component>
      <object_component id="oc-4a">
         <name>.text:decompress:ZI:__TI_zero_init_nomemset:__TI_zero_init_nomemset</name>
         <load_address>0x58c0</load_address>
         <run_address>0x58c0</run_address>
         <size>0x1c</size>
         <input_file_ref idref="fl-db"/>
      </object_component>
      <object_component id="oc-286">
         <name>.text:free_list_remove</name>
         <load_address>0x58dc</load_address>
         <run_address>0x58dc</run_address>
         <size>0x1c</size>
         <input_file_ref idref="fl-de"/>
      </object_component>
      <object_component id="oc-305">
         <name>.text:memccpy</name>
         <load_address>0x58f8</load_address>
         <run_address>0x58f8</run_address>
         <size>0x1c</size>
         <input_file_ref idref="fl-f5"/>
      </object_component>
      <object_component id="oc-2b9">
         <name>.text:copysign</name>
         <load_address>0x5914</load_address>
         <run_address>0x5914</run_address>
         <size>0x1a</size>
         <input_file_ref idref="fl-e5"/>
      </object_component>
      <object_component id="oc-21f">
         <name>.text:_outs</name>
         <load_address>0x592e</load_address>
         <run_address>0x592e</run_address>
         <size>0x18</size>
         <input_file_ref idref="fl-d0"/>
      </object_component>
      <object_component id="oc-1aa">
         <name>.text:oi_parseInt</name>
         <load_address>0x5946</load_address>
         <run_address>0x5946</run_address>
         <size>0x18</size>
         <input_file_ref idref="fl-8"/>
      </object_component>
      <object_component id="oc-1b1">
         <name>.text:strcmp</name>
         <load_address>0x595e</load_address>
         <run_address>0x595e</run_address>
         <size>0x18</size>
         <input_file_ref idref="fl-df"/>
      </object_component>
      <object_component id="oc-3ae">
         <name>.text:strchr</name>
         <load_address>0x5976</load_address>
         <run_address>0x5976</run_address>
         <size>0x16</size>
         <input_file_ref idref="fl-f6"/>
      </object_component>
      <object_component id="oc-e8">
         <name>.text:strlen</name>
         <load_address>0x598c</load_address>
         <run_address>0x598c</run_address>
         <size>0x14</size>
         <input_file_ref idref="fl-e1"/>
      </object_component>
      <object_component id="oc-30b">
         <name>.text:wcslen</name>
         <load_address>0x59a0</load_address>
         <run_address>0x59a0</run_address>
         <size>0x12</size>
         <input_file_ref idref="fl-f8"/>
      </object_component>
      <object_component id="oc-1bd">
         <name>.text:IntMasterEnable</name>
         <load_address>0x59b2</load_address>
         <run_address>0x59b2</run_address>
         <size>0x10</size>
         <input_file_ref idref="fl-fa"/>
      </object_component>
      <object_component id="oc-1b">
         <name>.text:decompress:none:__TI_decompress_none</name>
         <load_address>0x59c2</load_address>
         <run_address>0x59c2</run_address>
         <size>0xe</size>
         <input_file_ref idref="fl-dc"/>
      </object_component>
      <object_component id="oc-29f">
         <name>.text:CPUcpsie</name>
         <load_address>0x59d0</load_address>
         <run_address>0x59d0</run_address>
         <size>0xc</size>
         <input_file_ref idref="fl-fb"/>
      </object_component>
      <object_component id="oc-2a">
         <name>.text</name>
         <load_address>0x59dc</load_address>
         <run_address>0x59dc</run_address>
         <size>0xc</size>
         <input_file_ref idref="fl-a"/>
      </object_component>
      <object_component id="oc-225">
         <name>.text:_outc</name>
         <load_address>0x59e8</load_address>
         <run_address>0x59e8</run_address>
         <size>0xa</size>
         <input_file_ref idref="fl-d0"/>
      </object_component>
      <object_component id="oc-1de">
         <name>.text:__aeabi_errno_addr</name>
         <load_address>0x59f4</load_address>
         <run_address>0x59f4</run_address>
         <size>0x8</size>
         <input_file_ref idref="fl-e3"/>
      </object_component>
      <object_component id="oc-27f">
         <name>.text:malloc</name>
         <load_address>0x59fc</load_address>
         <run_address>0x59fc</run_address>
         <size>0x8</size>
         <input_file_ref idref="fl-de"/>
      </object_component>
      <object_component id="oc-9c">
         <name>.text:_system_pre_init</name>
         <load_address>0x5a04</load_address>
         <run_address>0x5a04</run_address>
         <size>0x4</size>
         <input_file_ref idref="fl-ed"/>
      </object_component>
      <object_component id="oc-12e">
         <name>.text:abort:abort</name>
         <load_address>0x5a08</load_address>
         <run_address>0x5a08</run_address>
         <size>0x4</size>
         <input_file_ref idref="fl-ef"/>
      </object_component>
      <object_component id="oc-2d5">
         <name>.const:$O1$$</name>
         <load_address>0x5a10</load_address>
         <run_address>0x5a10</run_address>
         <size>0x158</size>
         <input_file_ref idref="fl-e2"/>
      </object_component>
      <object_component id="oc-37c">
         <name>.const:.string:_ctypes_</name>
         <load_address>0x5b68</load_address>
         <run_address>0x5b68</run_address>
         <size>0x101</size>
         <input_file_ref idref="fl-f4"/>
      </object_component>
      <object_component id="oc-125">
         <name>.const:.string:$P$T0$1</name>
         <load_address>0x5c69</load_address>
         <run_address>0x5c69</run_address>
         <size>0x38</size>
         <input_file_ref idref="fl-2"/>
      </object_component>
      <object_component id="oc-1e4">
         <name>.const:$O1$$</name>
         <load_address>0x5ca8</load_address>
         <run_address>0x5ca8</run_address>
         <size>0x30</size>
         <input_file_ref idref="fl-cc"/>
      </object_component>
      <object_component id="oc-1cb">
         <name>.const:.string:$P$T0$3</name>
         <load_address>0x5cd8</load_address>
         <run_address>0x5cd8</run_address>
         <size>0xf</size>
         <input_file_ref idref="fl-8"/>
      </object_component>
      <object_component id="oc-442">
         <name>.cinit..data.load</name>
         <load_address>0x5ce8</load_address>
         <run_address>0x5ce8</run_address>
         <size>0x18</size>
      </object_component>
      <object_component id="oc-43f">
         <name>__TI_handler_table</name>
         <load_address>0x5d00</load_address>
         <run_address>0x5d00</run_address>
         <size>0xc</size>
      </object_component>
      <object_component id="oc-443">
         <name>.cinit..bss.load</name>
         <load_address>0x5d10</load_address>
         <run_address>0x5d10</run_address>
         <size>0x8</size>
      </object_component>
      <object_component id="oc-441">
         <name>.cinit..vtable.load</name>
         <load_address>0x5d18</load_address>
         <run_address>0x5d18</run_address>
         <size>0x8</size>
      </object_component>
      <object_component id="oc-440">
         <name>__TI_cinit_table</name>
         <load_address>0x5d20</load_address>
         <run_address>0x5d20</run_address>
         <size>0x18</size>
      </object_component>
      <object_component id="oc-295">
         <name>.vtable</name>
         <uninitialized>true</uninitialized>
         <run_address>0x20000000</run_address>
         <size>0x26c</size>
         <input_file_ref idref="fl-fa"/>
      </object_component>
      <object_component id="oc-271">
         <name>.data</name>
         <load_address>0x2000230c</load_address>
         <run_address>0x2000230c</run_address>
         <size>0x1</size>
         <input_file_ref idref="fl-3"/>
      </object_component>
      <object_component id="oc-1c3">
         <name>.data</name>
         <load_address>0x200022d4</load_address>
         <run_address>0x200022d4</run_address>
         <size>0x20</size>
         <input_file_ref idref="fl-8"/>
      </object_component>
      <object_component id="oc-180">
         <name>.data</name>
         <load_address>0x20002304</load_address>
         <run_address>0x20002304</run_address>
         <size>0x4</size>
         <input_file_ref idref="fl-16"/>
      </object_component>
      <object_component id="oc-35a">
         <name>.data:$O1$$</name>
         <load_address>0x200022fc</load_address>
         <run_address>0x200022fc</run_address>
         <size>0x8</size>
         <input_file_ref idref="fl-de"/>
      </object_component>
      <object_component id="oc-2b0">
         <name>.data</name>
         <load_address>0x20002308</load_address>
         <run_address>0x20002308</run_address>
         <size>0x4</size>
         <input_file_ref idref="fl-e3"/>
      </object_component>
      <object_component id="oc-23a">
         <name>.data:$O1$$</name>
         <load_address>0x200022f4</load_address>
         <run_address>0x200022f4</run_address>
         <size>0x8</size>
         <input_file_ref idref="fl-f0"/>
      </object_component>
      <object_component id="oc-1d3">
         <name>.bss:firmware$2</name>
         <uninitialized>true</uninitialized>
         <run_address>0x200022a4</run_address>
         <size>0x18</size>
         <input_file_ref idref="fl-8"/>
      </object_component>
      <object_component id="oc-274">
         <name>.common:_timeout_ticks</name>
         <uninitialized>true</uninitialized>
         <run_address>0x200022bc</run_address>
         <size>0x4</size>
      </object_component>
      <object_component id="oc-264">
         <name>.common:isr_int_value</name>
         <uninitialized>true</uninitialized>
         <run_address>0x200022c4</run_address>
         <size>0x4</size>
      </object_component>
      <object_component id="oc-26c">
         <name>.common:risingEdge</name>
         <uninitialized>true</uninitialized>
         <run_address>0x200022cc</run_address>
         <size>0x4</size>
      </object_component>
      <object_component id="oc-26b">
         <name>.common:fallingEdge</name>
         <uninitialized>true</uninitialized>
         <run_address>0x200022c0</run_address>
         <size>0x4</size>
      </object_component>
      <object_component id="oc-26d">
         <name>.common:pulseLength</name>
         <uninitialized>true</uninitialized>
         <run_address>0x200022c8</run_address>
         <size>0x4</size>
      </object_component>
      <object_component id="oc-268">
         <name>.common:isRisingEdge</name>
         <uninitialized>true</uninitialized>
         <run_address>0x200022d0</run_address>
         <size>0x1</size>
      </object_component>
      <object_component id="oc-17d">
         <name>.common:isr_char_buffer</name>
         <uninitialized>true</uninitialized>
         <run_address>0x20002270</run_address>
         <size>0x34</size>
      </object_component>
      <object_component id="oc-24">
         <name>.sysmem</name>
         <uninitialized>true</uninitialized>
         <run_address>0x20001270</run_address>
         <size>0x10</size>
         <input_file_ref idref="fl-de"/>
      </object_component>
      <object_component id="oc-446">
         <name>.sysmem</name>
         <uninitialized>true</uninitialized>
         <run_address>0x20001270</run_address>
         <size>0x0</size>
      </object_component>
      <object_component id="oc-27">
         <name>.stack</name>
         <uninitialized>true</uninitialized>
         <run_address>0x20000270</run_address>
         <size>0x4</size>
         <input_file_ref idref="fl-e4"/>
      </object_component>
      <object_component id="oc-445">
         <name>.stack</name>
         <uninitialized>true</uninitialized>
         <run_address>0x20000270</run_address>
         <size>0x0</size>
      </object_component>
      <object_component id="oc-c5">
         <name>.debug_info</name>
         <load_address>0x0</load_address>
         <run_address>0x0</run_address>
         <size>0x53a</size>
         <input_file_ref idref="fl-2"/>
      </object_component>
      <object_component id="oc-126">
         <name>.debug_info</name>
         <load_address>0x53a</load_address>
         <run_address>0x53a</run_address>
         <size>0xb9</size>
         <input_file_ref idref="fl-2"/>
      </object_component>
      <object_component id="oc-a4">
         <name>.debug_info</name>
         <load_address>0x5f3</load_address>
         <run_address>0x5f3</run_address>
         <size>0x57e</size>
         <input_file_ref idref="fl-2"/>
      </object_component>
      <object_component id="oc-129">
         <name>.debug_info</name>
         <load_address>0xb71</load_address>
         <run_address>0xb71</run_address>
         <size>0x5e</size>
         <input_file_ref idref="fl-2"/>
      </object_component>
      <object_component id="oc-16e">
         <name>.debug_info</name>
         <load_address>0xbcf</load_address>
         <run_address>0xbcf</run_address>
         <size>0x5aa</size>
         <input_file_ref idref="fl-2"/>
      </object_component>
      <object_component id="oc-77">
         <name>.debug_info</name>
         <load_address>0x1179</load_address>
         <run_address>0x1179</run_address>
         <size>0x26b</size>
         <input_file_ref idref="fl-2"/>
      </object_component>
      <object_component id="oc-39">
         <name>.debug_info</name>
         <load_address>0x13e4</load_address>
         <run_address>0x13e4</run_address>
         <size>0x84</size>
         <input_file_ref idref="fl-2"/>
      </object_component>
      <object_component id="oc-c0">
         <name>.debug_info</name>
         <load_address>0x1468</load_address>
         <run_address>0x1468</run_address>
         <size>0x2a4</size>
         <input_file_ref idref="fl-2"/>
      </object_component>
      <object_component id="oc-7c">
         <name>.debug_info</name>
         <load_address>0x170c</load_address>
         <run_address>0x170c</run_address>
         <size>0xbb</size>
         <input_file_ref idref="fl-2"/>
      </object_component>
      <object_component id="oc-178">
         <name>.debug_info</name>
         <load_address>0x17c7</load_address>
         <run_address>0x17c7</run_address>
         <size>0xcc</size>
         <input_file_ref idref="fl-2"/>
      </object_component>
      <object_component id="oc-22d">
         <name>.debug_info</name>
         <load_address>0x1893</load_address>
         <run_address>0x1893</run_address>
         <size>0x2c</size>
         <input_file_ref idref="fl-2"/>
      </object_component>
      <object_component id="oc-173">
         <name>.debug_info</name>
         <load_address>0x18bf</load_address>
         <run_address>0x18bf</run_address>
         <size>0x7d</size>
         <input_file_ref idref="fl-2"/>
      </object_component>
      <object_component id="oc-275">
         <name>.debug_info</name>
         <load_address>0x193c</load_address>
         <run_address>0x193c</run_address>
         <size>0x2af</size>
         <input_file_ref idref="fl-3"/>
      </object_component>
      <object_component id="oc-272">
         <name>.debug_info</name>
         <load_address>0x1beb</load_address>
         <run_address>0x1beb</run_address>
         <size>0xbd</size>
         <input_file_ref idref="fl-3"/>
      </object_component>
      <object_component id="oc-197">
         <name>.debug_info</name>
         <load_address>0x1ca8</load_address>
         <run_address>0x1ca8</run_address>
         <size>0x505</size>
         <input_file_ref idref="fl-3"/>
      </object_component>
      <object_component id="oc-233">
         <name>.debug_info</name>
         <load_address>0x21ad</load_address>
         <run_address>0x21ad</run_address>
         <size>0x2d8</size>
         <input_file_ref idref="fl-7"/>
      </object_component>
      <object_component id="oc-123">
         <name>.debug_info</name>
         <load_address>0x2485</load_address>
         <run_address>0x2485</run_address>
         <size>0x56b</size>
         <input_file_ref idref="fl-7"/>
      </object_component>
      <object_component id="oc-1d5">
         <name>.debug_info</name>
         <load_address>0x29f0</load_address>
         <run_address>0x29f0</run_address>
         <size>0x3f4</size>
         <input_file_ref idref="fl-8"/>
      </object_component>
      <object_component id="oc-1c4">
         <name>.debug_info</name>
         <load_address>0x2de4</load_address>
         <run_address>0x2de4</run_address>
         <size>0x10f</size>
         <input_file_ref idref="fl-8"/>
      </object_component>
      <object_component id="oc-1cc">
         <name>.debug_info</name>
         <load_address>0x2ef3</load_address>
         <run_address>0x2ef3</run_address>
         <size>0xc4</size>
         <input_file_ref idref="fl-8"/>
      </object_component>
      <object_component id="oc-1ab">
         <name>.debug_info</name>
         <load_address>0x2fb7</load_address>
         <run_address>0x2fb7</run_address>
         <size>0x13c</size>
         <input_file_ref idref="fl-8"/>
      </object_component>
      <object_component id="oc-e3">
         <name>.debug_info</name>
         <load_address>0x30f3</load_address>
         <run_address>0x30f3</run_address>
         <size>0x1986</size>
         <input_file_ref idref="fl-8"/>
      </object_component>
      <object_component id="oc-1d6">
         <name>.debug_info</name>
         <load_address>0x4a79</load_address>
         <run_address>0x4a79</run_address>
         <size>0x8b</size>
         <input_file_ref idref="fl-8"/>
      </object_component>
      <object_component id="oc-32">
         <name>.debug_info</name>
         <load_address>0x4b04</load_address>
         <run_address>0x4b04</run_address>
         <size>0x299</size>
         <input_file_ref idref="fl-a"/>
      </object_component>
      <object_component id="oc-13">
         <name>.debug_info</name>
         <load_address>0x4d9d</load_address>
         <run_address>0x4d9d</run_address>
         <size>0xd8</size>
         <input_file_ref idref="fl-a"/>
      </object_component>
      <object_component id="oc-2c">
         <name>.debug_info</name>
         <load_address>0x4e75</load_address>
         <run_address>0x4e75</run_address>
         <size>0x254</size>
         <input_file_ref idref="fl-a"/>
      </object_component>
      <object_component id="oc-19d">
         <name>.debug_info</name>
         <load_address>0x50c9</load_address>
         <run_address>0x50c9</run_address>
         <size>0x39a</size>
         <input_file_ref idref="fl-12"/>
      </object_component>
      <object_component id="oc-de">
         <name>.debug_info</name>
         <load_address>0x5463</load_address>
         <run_address>0x5463</run_address>
         <size>0x281</size>
         <input_file_ref idref="fl-12"/>
      </object_component>
      <object_component id="oc-27a">
         <name>.debug_info</name>
         <load_address>0x56e4</load_address>
         <run_address>0x56e4</run_address>
         <size>0x5e</size>
         <input_file_ref idref="fl-12"/>
      </object_component>
      <object_component id="oc-25d">
         <name>.debug_info</name>
         <load_address>0x5742</load_address>
         <run_address>0x5742</run_address>
         <size>0x26b</size>
         <input_file_ref idref="fl-12"/>
      </object_component>
      <object_component id="oc-344">
         <name>.debug_info</name>
         <load_address>0x59ad</load_address>
         <run_address>0x59ad</run_address>
         <size>0x297</size>
         <input_file_ref idref="fl-12"/>
      </object_component>
      <object_component id="oc-258">
         <name>.debug_info</name>
         <load_address>0x5c44</load_address>
         <run_address>0x5c44</run_address>
         <size>0xbb</size>
         <input_file_ref idref="fl-12"/>
      </object_component>
      <object_component id="oc-265">
         <name>.debug_info</name>
         <load_address>0x5cff</load_address>
         <run_address>0x5cff</run_address>
         <size>0x2f1</size>
         <input_file_ref idref="fl-13"/>
      </object_component>
      <object_component id="oc-188">
         <name>.debug_info</name>
         <load_address>0x5ff0</load_address>
         <run_address>0x5ff0</run_address>
         <size>0x27b</size>
         <input_file_ref idref="fl-13"/>
      </object_component>
      <object_component id="oc-269">
         <name>.debug_info</name>
         <load_address>0x626b</load_address>
         <run_address>0x626b</run_address>
         <size>0x3a8</size>
         <input_file_ref idref="fl-14"/>
      </object_component>
      <object_component id="oc-18d">
         <name>.debug_info</name>
         <load_address>0x6613</load_address>
         <run_address>0x6613</run_address>
         <size>0x263</size>
         <input_file_ref idref="fl-14"/>
      </object_component>
      <object_component id="oc-270">
         <name>.debug_info</name>
         <load_address>0x6876</load_address>
         <run_address>0x6876</run_address>
         <size>0x277</size>
         <input_file_ref idref="fl-15"/>
      </object_component>
      <object_component id="oc-193">
         <name>.debug_info</name>
         <load_address>0x6aed</load_address>
         <run_address>0x6aed</run_address>
         <size>0x269</size>
         <input_file_ref idref="fl-15"/>
      </object_component>
      <object_component id="oc-17e">
         <name>.debug_info</name>
         <load_address>0x6d56</load_address>
         <run_address>0x6d56</run_address>
         <size>0x32b</size>
         <input_file_ref idref="fl-16"/>
      </object_component>
      <object_component id="oc-181">
         <name>.debug_info</name>
         <load_address>0x7081</load_address>
         <run_address>0x7081</run_address>
         <size>0xee</size>
         <input_file_ref idref="fl-16"/>
      </object_component>
      <object_component id="oc-d7">
         <name>.debug_info</name>
         <load_address>0x716f</load_address>
         <run_address>0x716f</run_address>
         <size>0x608</size>
         <input_file_ref idref="fl-16"/>
      </object_component>
      <object_component id="oc-1fd">
         <name>.debug_info</name>
         <load_address>0x7777</load_address>
         <run_address>0x7777</run_address>
         <size>0x363</size>
         <input_file_ref idref="fl-cc"/>
      </object_component>
      <object_component id="oc-1e5">
         <name>.debug_info</name>
         <load_address>0x7ada</load_address>
         <run_address>0x7ada</run_address>
         <size>0x128</size>
         <input_file_ref idref="fl-cc"/>
      </object_component>
      <object_component id="oc-f5">
         <name>.debug_info</name>
         <load_address>0x7c02</load_address>
         <run_address>0x7c02</run_address>
         <size>0xbdf</size>
         <input_file_ref idref="fl-cc"/>
      </object_component>
      <object_component id="oc-2c6">
         <name>.debug_info</name>
         <load_address>0x87e1</load_address>
         <run_address>0x87e1</run_address>
         <size>0x46</size>
         <input_file_ref idref="fl-cc"/>
      </object_component>
      <object_component id="oc-1f8">
         <name>.debug_info</name>
         <load_address>0x8827</load_address>
         <run_address>0x8827</run_address>
         <size>0x39</size>
         <input_file_ref idref="fl-cc"/>
      </object_component>
      <object_component id="oc-216">
         <name>.debug_info</name>
         <load_address>0x8860</load_address>
         <run_address>0x8860</run_address>
         <size>0x2ca</size>
         <input_file_ref idref="fl-cd"/>
      </object_component>
      <object_component id="oc-10c">
         <name>.debug_info</name>
         <load_address>0x8b2a</load_address>
         <run_address>0x8b2a</run_address>
         <size>0x24e</size>
         <input_file_ref idref="fl-cd"/>
      </object_component>
      <object_component id="oc-213">
         <name>.debug_info</name>
         <load_address>0x8d78</load_address>
         <run_address>0x8d78</run_address>
         <size>0x366</size>
         <input_file_ref idref="fl-ce"/>
      </object_component>
      <object_component id="oc-ff">
         <name>.debug_info</name>
         <load_address>0x90de</load_address>
         <run_address>0x90de</run_address>
         <size>0x79b</size>
         <input_file_ref idref="fl-ce"/>
      </object_component>
      <object_component id="oc-2c0">
         <name>.debug_info</name>
         <load_address>0x9879</load_address>
         <run_address>0x9879</run_address>
         <size>0x2fd</size>
         <input_file_ref idref="fl-cf"/>
      </object_component>
      <object_component id="oc-1f4">
         <name>.debug_info</name>
         <load_address>0x9b76</load_address>
         <run_address>0x9b76</run_address>
         <size>0x225</size>
         <input_file_ref idref="fl-cf"/>
      </object_component>
      <object_component id="oc-36d">
         <name>.debug_info</name>
         <load_address>0x9d9b</load_address>
         <run_address>0x9d9b</run_address>
         <size>0x39</size>
         <input_file_ref idref="fl-cf"/>
      </object_component>
      <object_component id="oc-2c1">
         <name>.debug_info</name>
         <load_address>0x9dd4</load_address>
         <run_address>0x9dd4</run_address>
         <size>0x2c</size>
         <input_file_ref idref="fl-cf"/>
      </object_component>
      <object_component id="oc-22c">
         <name>.debug_info</name>
         <load_address>0x9e00</load_address>
         <run_address>0x9e00</run_address>
         <size>0x333</size>
         <input_file_ref idref="fl-d0"/>
      </object_component>
      <object_component id="oc-11a">
         <name>.debug_info</name>
         <load_address>0xa133</load_address>
         <run_address>0xa133</run_address>
         <size>0x1d1</size>
         <input_file_ref idref="fl-d0"/>
      </object_component>
      <object_component id="oc-221">
         <name>.debug_info</name>
         <load_address>0xa304</load_address>
         <run_address>0xa304</run_address>
         <size>0x18d</size>
         <input_file_ref idref="fl-d0"/>
      </object_component>
      <object_component id="oc-227">
         <name>.debug_info</name>
         <load_address>0xa491</load_address>
         <run_address>0xa491</run_address>
         <size>0x16d</size>
         <input_file_ref idref="fl-d0"/>
      </object_component>
      <object_component id="oc-3c0">
         <name>.debug_info</name>
         <load_address>0xa5fe</load_address>
         <run_address>0xa5fe</run_address>
         <size>0x2c</size>
         <input_file_ref idref="fl-d0"/>
      </object_component>
      <object_component id="oc-105">
         <name>.debug_info</name>
         <load_address>0xa62a</load_address>
         <run_address>0xa62a</run_address>
         <size>0x14c</size>
         <input_file_ref idref="fl-d2"/>
      </object_component>
      <object_component id="oc-1e8">
         <name>.debug_info</name>
         <load_address>0xa776</load_address>
         <run_address>0xa776</run_address>
         <size>0x128</size>
         <input_file_ref idref="fl-d3"/>
      </object_component>
      <object_component id="oc-1ef">
         <name>.debug_info</name>
         <load_address>0xa89e</load_address>
         <run_address>0xa89e</run_address>
         <size>0x12a</size>
         <input_file_ref idref="fl-d3"/>
      </object_component>
      <object_component id="oc-1c7">
         <name>.debug_info</name>
         <load_address>0xa9c8</load_address>
         <run_address>0xa9c8</run_address>
         <size>0x13a</size>
         <input_file_ref idref="fl-d4"/>
      </object_component>
      <object_component id="oc-fc">
         <name>.debug_info</name>
         <load_address>0xab02</load_address>
         <run_address>0xab02</run_address>
         <size>0x13a</size>
         <input_file_ref idref="fl-d5"/>
      </object_component>
      <object_component id="oc-110">
         <name>.debug_info</name>
         <load_address>0xac3c</load_address>
         <run_address>0xac3c</run_address>
         <size>0x12e</size>
         <input_file_ref idref="fl-d6"/>
      </object_component>
      <object_component id="oc-1d0">
         <name>.debug_info</name>
         <load_address>0xad6a</load_address>
         <run_address>0xad6a</run_address>
         <size>0x13e</size>
         <input_file_ref idref="fl-d7"/>
      </object_component>
      <object_component id="oc-115">
         <name>.debug_info</name>
         <load_address>0xaea8</load_address>
         <run_address>0xaea8</run_address>
         <size>0x12c</size>
         <input_file_ref idref="fl-d8"/>
      </object_component>
      <object_component id="oc-f0">
         <name>.debug_info</name>
         <load_address>0xafd4</load_address>
         <run_address>0xafd4</run_address>
         <size>0x12c</size>
         <input_file_ref idref="fl-d9"/>
      </object_component>
      <object_component id="oc-3f">
         <name>.debug_info</name>
         <load_address>0xb100</load_address>
         <run_address>0xb100</run_address>
         <size>0x119</size>
         <input_file_ref idref="fl-da"/>
      </object_component>
      <object_component id="oc-95">
         <name>.debug_info</name>
         <load_address>0xb219</load_address>
         <run_address>0xb219</run_address>
         <size>0x2d4</size>
         <input_file_ref idref="fl-db"/>
      </object_component>
      <object_component id="oc-4b">
         <name>.debug_info</name>
         <load_address>0xb4ed</load_address>
         <run_address>0xb4ed</run_address>
         <size>0x1d2</size>
         <input_file_ref idref="fl-db"/>
      </object_component>
      <object_component id="oc-90">
         <name>.debug_info</name>
         <load_address>0xb6bf</load_address>
         <run_address>0xb6bf</run_address>
         <size>0x46</size>
         <input_file_ref idref="fl-db"/>
      </object_component>
      <object_component id="oc-cd">
         <name>.debug_info</name>
         <load_address>0xb705</load_address>
         <run_address>0xb705</run_address>
         <size>0x2c</size>
         <input_file_ref idref="fl-db"/>
      </object_component>
      <object_component id="oc-49">
         <name>.debug_info</name>
         <load_address>0xb731</load_address>
         <run_address>0xb731</run_address>
         <size>0x2a8</size>
         <input_file_ref idref="fl-dc"/>
      </object_component>
      <object_component id="oc-1d">
         <name>.debug_info</name>
         <load_address>0xb9d9</load_address>
         <run_address>0xb9d9</run_address>
         <size>0x1ea</size>
         <input_file_ref idref="fl-dc"/>
      </object_component>
      <object_component id="oc-44">
         <name>.debug_info</name>
         <load_address>0xbbc3</load_address>
         <run_address>0xbbc3</run_address>
         <size>0x46</size>
         <input_file_ref idref="fl-dc"/>
      </object_component>
      <object_component id="oc-88">
         <name>.debug_info</name>
         <load_address>0xbc09</load_address>
         <run_address>0xbc09</run_address>
         <size>0x2c</size>
         <input_file_ref idref="fl-dc"/>
      </object_component>
      <object_component id="oc-86">
         <name>.debug_info</name>
         <load_address>0xbc35</load_address>
         <run_address>0xbc35</run_address>
         <size>0x29e</size>
         <input_file_ref idref="fl-dd"/>
      </object_component>
      <object_component id="oc-16">
         <name>.debug_info</name>
         <load_address>0xbed3</load_address>
         <run_address>0xbed3</run_address>
         <size>0x250</size>
         <input_file_ref idref="fl-dd"/>
      </object_component>
      <object_component id="oc-34">
         <name>.debug_info</name>
         <load_address>0xc123</load_address>
         <run_address>0xc123</run_address>
         <size>0x60</size>
         <input_file_ref idref="fl-dd"/>
      </object_component>
      <object_component id="oc-c6">
         <name>.debug_info</name>
         <load_address>0xc183</load_address>
         <run_address>0xc183</run_address>
         <size>0x46</size>
         <input_file_ref idref="fl-dd"/>
      </object_component>
      <object_component id="oc-81">
         <name>.debug_info</name>
         <load_address>0xc1c9</load_address>
         <run_address>0xc1c9</run_address>
         <size>0x39</size>
         <input_file_ref idref="fl-dd"/>
      </object_component>
      <object_component id="oc-70">
         <name>.debug_info</name>
         <load_address>0xc202</load_address>
         <run_address>0xc202</run_address>
         <size>0x3b2</size>
         <input_file_ref idref="fl-de"/>
      </object_component>
      <object_component id="oc-25">
         <name>.debug_info</name>
         <load_address>0xc5b4</load_address>
         <run_address>0xc5b4</run_address>
         <size>0x10c</size>
         <input_file_ref idref="fl-de"/>
      </object_component>
      <object_component id="oc-35b">
         <name>.debug_info</name>
         <load_address>0xc6c0</load_address>
         <run_address>0xc6c0</run_address>
         <size>0x13f</size>
         <input_file_ref idref="fl-de"/>
      </object_component>
      <object_component id="oc-280">
         <name>.debug_info</name>
         <load_address>0xc7ff</load_address>
         <run_address>0xc7ff</run_address>
         <size>0x168</size>
         <input_file_ref idref="fl-de"/>
      </object_component>
      <object_component id="oc-288">
         <name>.debug_info</name>
         <load_address>0xc967</load_address>
         <run_address>0xc967</run_address>
         <size>0x18e</size>
         <input_file_ref idref="fl-de"/>
      </object_component>
      <object_component id="oc-28e">
         <name>.debug_info</name>
         <load_address>0xcaf5</load_address>
         <run_address>0xcaf5</run_address>
         <size>0x19f</size>
         <input_file_ref idref="fl-de"/>
      </object_component>
      <object_component id="oc-1a6">
         <name>.debug_info</name>
         <load_address>0xcc94</load_address>
         <run_address>0xcc94</run_address>
         <size>0x203</size>
         <input_file_ref idref="fl-de"/>
      </object_component>
      <object_component id="oc-3e0">
         <name>.debug_info</name>
         <load_address>0xce97</load_address>
         <run_address>0xce97</run_address>
         <size>0x1db</size>
         <input_file_ref idref="fl-de"/>
      </object_component>
      <object_component id="oc-19f">
         <name>.debug_info</name>
         <load_address>0xd072</load_address>
         <run_address>0xd072</run_address>
         <size>0x1a5</size>
         <input_file_ref idref="fl-de"/>
      </object_component>
      <object_component id="oc-354">
         <name>.debug_info</name>
         <load_address>0xd217</load_address>
         <run_address>0xd217</run_address>
         <size>0x299</size>
         <input_file_ref idref="fl-de"/>
      </object_component>
      <object_component id="oc-bb">
         <name>.debug_info</name>
         <load_address>0xd4b0</load_address>
         <run_address>0xd4b0</run_address>
         <size>0xb2</size>
         <input_file_ref idref="fl-de"/>
      </object_component>
      <object_component id="oc-b6">
         <name>.debug_info</name>
         <load_address>0xd562</load_address>
         <run_address>0xd562</run_address>
         <size>0x2c</size>
         <input_file_ref idref="fl-de"/>
      </object_component>
      <object_component id="oc-294">
         <name>.debug_info</name>
         <load_address>0xd58e</load_address>
         <run_address>0xd58e</run_address>
         <size>0x28a</size>
         <input_file_ref idref="fl-df"/>
      </object_component>
      <object_component id="oc-1b2">
         <name>.debug_info</name>
         <load_address>0xd818</load_address>
         <run_address>0xd818</run_address>
         <size>0x273</size>
         <input_file_ref idref="fl-df"/>
      </object_component>
      <object_component id="oc-1dc">
         <name>.debug_info</name>
         <load_address>0xda8b</load_address>
         <run_address>0xda8b</run_address>
         <size>0x28f</size>
         <input_file_ref idref="fl-e1"/>
      </object_component>
      <object_component id="oc-e9">
         <name>.debug_info</name>
         <load_address>0xdd1a</load_address>
         <run_address>0xdd1a</run_address>
         <size>0x245</size>
         <input_file_ref idref="fl-e1"/>
      </object_component>
      <object_component id="oc-2d9">
         <name>.debug_info</name>
         <load_address>0xdf5f</load_address>
         <run_address>0xdf5f</run_address>
         <size>0x3aa</size>
         <input_file_ref idref="fl-e2"/>
      </object_component>
      <object_component id="oc-2d6">
         <name>.debug_info</name>
         <load_address>0xe309</load_address>
         <run_address>0xe309</run_address>
         <size>0x13a</size>
         <input_file_ref idref="fl-e2"/>
      </object_component>
      <object_component id="oc-207">
         <name>.debug_info</name>
         <load_address>0xe443</load_address>
         <run_address>0xe443</run_address>
         <size>0x72f</size>
         <input_file_ref idref="fl-e2"/>
      </object_component>
      <object_component id="oc-2b4">
         <name>.debug_info</name>
         <load_address>0xeb72</load_address>
         <run_address>0xeb72</run_address>
         <size>0x289</size>
         <input_file_ref idref="fl-e3"/>
      </object_component>
      <object_component id="oc-2b1">
         <name>.debug_info</name>
         <load_address>0xedfb</load_address>
         <run_address>0xedfb</run_address>
         <size>0x10e</size>
         <input_file_ref idref="fl-e3"/>
      </object_component>
      <object_component id="oc-1e2">
         <name>.debug_info</name>
         <load_address>0xef09</load_address>
         <run_address>0xef09</run_address>
         <size>0x14e</size>
         <input_file_ref idref="fl-e3"/>
      </object_component>
      <object_component id="oc-28">
         <name>.debug_info</name>
         <load_address>0xf057</load_address>
         <run_address>0xf057</run_address>
         <size>0x10b</size>
         <input_file_ref idref="fl-e4"/>
      </object_component>
      <object_component id="oc-5d">
         <name>.debug_info</name>
         <load_address>0xf162</load_address>
         <run_address>0xf162</run_address>
         <size>0x1a9</size>
         <input_file_ref idref="fl-e4"/>
      </object_component>
      <object_component id="oc-2ba">
         <name>.debug_info</name>
         <load_address>0xf30b</load_address>
         <run_address>0xf30b</run_address>
         <size>0x161</size>
         <input_file_ref idref="fl-e5"/>
      </object_component>
      <object_component id="oc-2ce">
         <name>.debug_info</name>
         <load_address>0xf46c</load_address>
         <run_address>0xf46c</run_address>
         <size>0x28d</size>
         <input_file_ref idref="fl-e6"/>
      </object_component>
      <object_component id="oc-201">
         <name>.debug_info</name>
         <load_address>0xf6f9</load_address>
         <run_address>0xf6f9</run_address>
         <size>0x327</size>
         <input_file_ref idref="fl-e6"/>
      </object_component>
      <object_component id="oc-2dc">
         <name>.debug_info</name>
         <load_address>0xfa20</load_address>
         <run_address>0xfa20</run_address>
         <size>0x292</size>
         <input_file_ref idref="fl-e7"/>
      </object_component>
      <object_component id="oc-20e">
         <name>.debug_info</name>
         <load_address>0xfcb2</load_address>
         <run_address>0xfcb2</run_address>
         <size>0x380</size>
         <input_file_ref idref="fl-e7"/>
      </object_component>
      <object_component id="oc-375">
         <name>.debug_info</name>
         <load_address>0x10032</load_address>
         <run_address>0x10032</run_address>
         <size>0x28f</size>
         <input_file_ref idref="fl-e8"/>
      </object_component>
      <object_component id="oc-2d1">
         <name>.debug_info</name>
         <load_address>0x102c1</load_address>
         <run_address>0x102c1</run_address>
         <size>0x22a</size>
         <input_file_ref idref="fl-e8"/>
      </object_component>
      <object_component id="oc-312">
         <name>.debug_info</name>
         <load_address>0x104eb</load_address>
         <run_address>0x104eb</run_address>
         <size>0x590</size>
         <input_file_ref idref="fl-e9"/>
      </object_component>
      <object_component id="oc-2e9">
         <name>.debug_info</name>
         <load_address>0x10a7b</load_address>
         <run_address>0x10a7b</run_address>
         <size>0x21e</size>
         <input_file_ref idref="fl-e9"/>
      </object_component>
      <object_component id="oc-38f">
         <name>.debug_info</name>
         <load_address>0x10c99</load_address>
         <run_address>0x10c99</run_address>
         <size>0x1b3</size>
         <input_file_ref idref="fl-e9"/>
      </object_component>
      <object_component id="oc-395">
         <name>.debug_info</name>
         <load_address>0x10e4c</load_address>
         <run_address>0x10e4c</run_address>
         <size>0x21b</size>
         <input_file_ref idref="fl-e9"/>
      </object_component>
      <object_component id="oc-2ef">
         <name>.debug_info</name>
         <load_address>0x11067</load_address>
         <run_address>0x11067</run_address>
         <size>0x3c0</size>
         <input_file_ref idref="fl-e9"/>
      </object_component>
      <object_component id="oc-39c">
         <name>.debug_info</name>
         <load_address>0x11427</load_address>
         <run_address>0x11427</run_address>
         <size>0x30a</size>
         <input_file_ref idref="fl-e9"/>
      </object_component>
      <object_component id="oc-3a2">
         <name>.debug_info</name>
         <load_address>0x11731</load_address>
         <run_address>0x11731</run_address>
         <size>0x215</size>
         <input_file_ref idref="fl-e9"/>
      </object_component>
      <object_component id="oc-2f5">
         <name>.debug_info</name>
         <load_address>0x11946</load_address>
         <run_address>0x11946</run_address>
         <size>0x215</size>
         <input_file_ref idref="fl-e9"/>
      </object_component>
      <object_component id="oc-2fb">
         <name>.debug_info</name>
         <load_address>0x11b5b</load_address>
         <run_address>0x11b5b</run_address>
         <size>0x304</size>
         <input_file_ref idref="fl-e9"/>
      </object_component>
      <object_component id="oc-301">
         <name>.debug_info</name>
         <load_address>0x11e5f</load_address>
         <run_address>0x11e5f</run_address>
         <size>0x4b5</size>
         <input_file_ref idref="fl-e9"/>
      </object_component>
      <object_component id="oc-21b">
         <name>.debug_info</name>
         <load_address>0x12314</load_address>
         <run_address>0x12314</run_address>
         <size>0x5f4</size>
         <input_file_ref idref="fl-e9"/>
      </object_component>
      <object_component id="oc-313">
         <name>.debug_info</name>
         <load_address>0x12908</load_address>
         <run_address>0x12908</run_address>
         <size>0x86</size>
         <input_file_ref idref="fl-e9"/>
      </object_component>
      <object_component id="oc-3c5">
         <name>.debug_info</name>
         <load_address>0x1298e</load_address>
         <run_address>0x1298e</run_address>
         <size>0x39</size>
         <input_file_ref idref="fl-e9"/>
      </object_component>
      <object_component id="oc-407">
         <name>.debug_info</name>
         <load_address>0x129c7</load_address>
         <run_address>0x129c7</run_address>
         <size>0xb6</size>
         <input_file_ref idref="fl-e9"/>
      </object_component>
      <object_component id="oc-3ca">
         <name>.debug_info</name>
         <load_address>0x12a7d</load_address>
         <run_address>0x12a7d</run_address>
         <size>0x46</size>
         <input_file_ref idref="fl-e9"/>
      </object_component>
      <object_component id="oc-318">
         <name>.debug_info</name>
         <load_address>0x12ac3</load_address>
         <run_address>0x12ac3</run_address>
         <size>0x46</size>
         <input_file_ref idref="fl-e9"/>
      </object_component>
      <object_component id="oc-98">
         <name>.debug_info</name>
         <load_address>0x12b09</load_address>
         <run_address>0x12b09</run_address>
         <size>0x147</size>
         <input_file_ref idref="fl-ea"/>
      </object_component>
      <object_component id="oc-383">
         <name>.debug_info</name>
         <load_address>0x12c50</load_address>
         <run_address>0x12c50</run_address>
         <size>0x134</size>
         <input_file_ref idref="fl-eb"/>
      </object_component>
      <object_component id="oc-241">
         <name>.debug_info</name>
         <load_address>0x12d84</load_address>
         <run_address>0x12d84</run_address>
         <size>0x4b3</size>
         <input_file_ref idref="fl-ec"/>
      </object_component>
      <object_component id="oc-13c">
         <name>.debug_info</name>
         <load_address>0x13237</load_address>
         <run_address>0x13237</run_address>
         <size>0x1a6</size>
         <input_file_ref idref="fl-ec"/>
      </object_component>
      <object_component id="oc-333">
         <name>.debug_info</name>
         <load_address>0x133dd</load_address>
         <run_address>0x133dd</run_address>
         <size>0x39</size>
         <input_file_ref idref="fl-ec"/>
      </object_component>
      <object_component id="oc-3d2">
         <name>.debug_info</name>
         <load_address>0x13416</load_address>
         <run_address>0x13416</run_address>
         <size>0x39</size>
         <input_file_ref idref="fl-ec"/>
      </object_component>
      <object_component id="oc-338">
         <name>.debug_info</name>
         <load_address>0x1344f</load_address>
         <run_address>0x1344f</run_address>
         <size>0x39</size>
         <input_file_ref idref="fl-ec"/>
      </object_component>
      <object_component id="oc-33d">
         <name>.debug_info</name>
         <load_address>0x13488</load_address>
         <run_address>0x13488</run_address>
         <size>0xcd</size>
         <input_file_ref idref="fl-ec"/>
      </object_component>
      <object_component id="oc-9d">
         <name>.debug_info</name>
         <load_address>0x13555</load_address>
         <run_address>0x13555</run_address>
         <size>0x153</size>
         <input_file_ref idref="fl-ed"/>
      </object_component>
      <object_component id="oc-12f">
         <name>.debug_info</name>
         <load_address>0x136a8</load_address>
         <run_address>0x136a8</run_address>
         <size>0x122</size>
         <input_file_ref idref="fl-ef"/>
      </object_component>
      <object_component id="oc-32d">
         <name>.debug_info</name>
         <load_address>0x137ca</load_address>
         <run_address>0x137ca</run_address>
         <size>0x2c9</size>
         <input_file_ref idref="fl-f0"/>
      </object_component>
      <object_component id="oc-23b">
         <name>.debug_info</name>
         <load_address>0x13a93</load_address>
         <run_address>0x13a93</run_address>
         <size>0x11e</size>
         <input_file_ref idref="fl-f0"/>
      </object_component>
      <object_component id="oc-327">
         <name>.debug_info</name>
         <load_address>0x13bb1</load_address>
         <run_address>0x13bb1</run_address>
         <size>0x12e</size>
         <input_file_ref idref="fl-f0"/>
      </object_component>
      <object_component id="oc-3f5">
         <name>.debug_info</name>
         <load_address>0x13cdf</load_address>
         <run_address>0x13cdf</run_address>
         <size>0x29c</size>
         <input_file_ref idref="fl-f1"/>
      </object_component>
      <object_component id="oc-388">
         <name>.debug_info</name>
         <load_address>0x13f7b</load_address>
         <run_address>0x13f7b</run_address>
         <size>0x1da</size>
         <input_file_ref idref="fl-f1"/>
      </object_component>
      <object_component id="oc-380">
         <name>.debug_info</name>
         <load_address>0x14155</load_address>
         <run_address>0x14155</run_address>
         <size>0x2b9</size>
         <input_file_ref idref="fl-f3"/>
      </object_component>
      <object_component id="oc-2e2">
         <name>.debug_info</name>
         <load_address>0x1440e</load_address>
         <run_address>0x1440e</run_address>
         <size>0x17c</size>
         <input_file_ref idref="fl-f3"/>
      </object_component>
      <object_component id="oc-3eb">
         <name>.debug_info</name>
         <load_address>0x1458a</load_address>
         <run_address>0x1458a</run_address>
         <size>0xf9</size>
         <input_file_ref idref="fl-f4"/>
      </object_component>
      <object_component id="oc-37d">
         <name>.debug_info</name>
         <load_address>0x14683</load_address>
         <run_address>0x14683</run_address>
         <size>0x105</size>
         <input_file_ref idref="fl-f4"/>
      </object_component>
      <object_component id="oc-3b6">
         <name>.debug_info</name>
         <load_address>0x14788</load_address>
         <run_address>0x14788</run_address>
         <size>0x2a7</size>
         <input_file_ref idref="fl-f5"/>
      </object_component>
      <object_component id="oc-307">
         <name>.debug_info</name>
         <load_address>0x14a2f</load_address>
         <run_address>0x14a2f</run_address>
         <size>0x1b8</size>
         <input_file_ref idref="fl-f5"/>
      </object_component>
      <object_component id="oc-3fd">
         <name>.debug_info</name>
         <load_address>0x14be7</load_address>
         <run_address>0x14be7</run_address>
         <size>0x29a</size>
         <input_file_ref idref="fl-f6"/>
      </object_component>
      <object_component id="oc-3af">
         <name>.debug_info</name>
         <load_address>0x14e81</load_address>
         <run_address>0x14e81</run_address>
         <size>0x262</size>
         <input_file_ref idref="fl-f6"/>
      </object_component>
      <object_component id="oc-3fb">
         <name>.debug_info</name>
         <load_address>0x150e3</load_address>
         <run_address>0x150e3</run_address>
         <size>0x29a</size>
         <input_file_ref idref="fl-f7"/>
      </object_component>
      <object_component id="oc-3aa">
         <name>.debug_info</name>
         <load_address>0x1537d</load_address>
         <run_address>0x1537d</run_address>
[...]
      <symbol id="sm-1c2">
         <name>oi_close</name>
         <value>0x2c7</value>
         <object_component_ref idref="oc-e2"/>
      </symbol>
      <symbol id="sm-1c3">
         <name>oi_uartSendBuff</name>
         <value>0xa77</value>
         <object_component_ref idref="oc-e2"/>
      </symbol>
      <symbol id="sm-1c4">
         <name>oi_checkFirmware</name>
         <value>0xaa9</value>
         <object_component_ref idref="oc-e2"/>
      </symbol>
      <symbol id="sm-1c5">
         <name>oi_init_noupdate</name>
         <value>0x289</value>
         <object_component_ref idref="oc-e2"/>
      </symbol>
      <symbol id="sm-1c6">
         <name>oi_uartSendChar</name>
         <value>0xa15</value>
         <object_component_ref idref="oc-e2"/>
      </symbol>
      <symbol id="sm-1c7">
         <name>oi_alloc</name>
         <value>0x26d</value>
         <object_component_ref idref="oc-e2"/>
      </symbol>
      <symbol id="sm-1c8">
         <name>oi_getMotorCalibrationLeft</name>
         <value>0xded</value>
         <object_component_ref idref="oc-e2"/>
      </symbol>
      <symbol id="sm-1c9">
         <name>oi_loadSong</name>
         <value>0x915</value>
         <object_component_ref idref="oc-e2"/>
      </symbol>
      <symbol id="sm-1ca">
         <name>oi_play_song</name>
         <value>0x96b</value>
         <object_component_ref idref="oc-e2"/>
      </symbol>
      <symbol id="sm-1cb">
         <name>oi_parsePacket</name>
         <value>0x32b</value>
         <object_component_ref idref="oc-e2"/>
      </symbol>
      <symbol id="sm-1cc">
         <name>oi_setLeds</name>
         <value>0x84b</value>
         <object_component_ref idref="oc-e2"/>
      </symbol>
      <symbol id="sm-1cd">
         <name>oi_init</name>
         <value>0x2b1</value>
         <object_component_ref idref="oc-e2"/>
      </symbol>
      <symbol id="sm-1ce">
         <name>oi_update</name>
         <value>0x2d9</value>
         <object_component_ref idref="oc-e2"/>
      </symbol>
      <symbol id="sm-1cf">
         <name>oi_uartInit</name>
         <value>0x98d</value>
         <object_component_ref idref="oc-e2"/>
      </symbol>
      <symbol id="sm-1ec">
         <name>ResetISR</name>
         <value>0x59dd</value>
         <object_component_ref idref="oc-2a"/>
      </symbol>
      <symbol id="sm-1ed">
         <name>g_pfnVectors</name>
         <value>0x0</value>
         <object_component_ref idref="oc-12"/>
      </symbol>
      <symbol id="sm-211">
         <name>cyBOT_Scan</name>
         <value>0x564d</value>
         <object_component_ref idref="oc-dc"/>
      </symbol>
      <symbol id="sm-212">
         <name>cyBOT_init_Scan</name>
         <value>0x563d</value>
         <object_component_ref idref="oc-dc"/>
      </symbol>
      <symbol id="sm-22e">
         <name>isr_int_value</name>
         <value>0x200022c4</value>
      </symbol>
      <symbol id="sm-22f">
         <name>ir_enableInterrupt</name>
         <value>0x4e4d</value>
         <object_component_ref idref="oc-184"/>
      </symbol>
      <symbol id="sm-230">
         <name>ir_getDistance</name>
         <value>0x4e45</value>
         <object_component_ref idref="oc-184"/>
      </symbol>
      <symbol id="sm-231">
         <name>ir_init</name>
         <value>0x4dd1</value>
         <object_component_ref idref="oc-184"/>
      </symbol>
      <symbol id="sm-232">
         <name>ADC0SS0_Handler</name>
         <value>0x4e7d</value>
         <object_component_ref idref="oc-184"/>
      </symbol>
      <symbol id="sm-233">
         <name>ir_getValue</name>
         <value>0x4e31</value>
         <object_component_ref idref="oc-184"/>
      </symbol>
      <symbol id="sm-255">
         <name>risingEdge</name>
         <value>0x200022cc</value>
      </symbol>
      <symbol id="sm-256">
         <name>fallingEdge</name>
         <value>0x200022c0</value>
      </symbol>
      <symbol id="sm-257">
         <name>pulseLength</name>
         <value>0x200022c8</value>
      </symbol>
      <symbol id="sm-258">
         <name>isRisingEdge</name>
         <value>0x200022d0</value>
      </symbol>
      <symbol id="sm-259">
         <name>TIMER3B_Handler</name>
         <value>0x3da5</value>
         <object_component_ref idref="oc-18a"/>
      </symbol>
      <symbol id="sm-25a">
         <name>ping_init</name>
         <value>0x3ccd</value>
         <object_component_ref idref="oc-18a"/>
      </symbol>
      <symbol id="sm-25b">
         <name>ping_getDistance</name>
         <value>0x3d6f</value>
         <object_component_ref idref="oc-18a"/>
      </symbol>
      <symbol id="sm-25c">
         <name>ping_trigger</name>
         <value>0x3c69</value>
         <object_component_ref idref="oc-18a"/>
      </symbol>
      <symbol id="sm-274">
         <name>servo_move</name>
         <value>0x4ecb</value>
         <object_component_ref idref="oc-190"/>
      </symbol>
      <symbol id="sm-275">
         <name>servo_init</name>
         <value>0x4eeb</value>
         <object_component_ref idref="oc-190"/>
      </symbol>
      <symbol id="sm-276">
         <name>servo_stop</name>
         <value>0x4ead</value>
         <object_component_ref idref="oc-190"/>
      </symbol>
      <symbol id="sm-277">
         <name>servo_setPWM</name>
         <value>0x4eb9</value>
         <object_component_ref idref="oc-190"/>
      </symbol>
      <symbol id="sm-2ac">
         <name>isr_char_buffer</name>
         <value>0x20002270</value>
      </symbol>
      <symbol id="sm-2ad">
         <name>cyBot_uart_init_clean</name>
         <value>0x33ef</value>
         <object_component_ref idref="oc-d6"/>
      </symbol>
      <symbol id="sm-2ae">
         <name>cyBot_sendByte</name>
         <value>0x3339</value>
         <object_component_ref idref="oc-d6"/>
      </symbol>
      <symbol id="sm-2af">
         <name>cyBot_uart_sendStr</name>
         <value>0x3345</value>
         <object_component_ref idref="oc-d6"/>
      </symbol>
      <symbol id="sm-2b0">
         <name>cyBot_getByte_blocking</name>
         <value>0x3577</value>
         <object_component_ref idref="oc-d6"/>
      </symbol>
      <symbol id="sm-2b1">
         <name>cyBot_getByte_nonblocking</name>
         <value>0x3557</value>
         <object_component_ref idref="oc-d6"/>
      </symbol>
      <symbol id="sm-2b2">
         <name>isr_counter</name>
         <value>0x20002304</value>
         <object_component_ref idref="oc-180"/>
      </symbol>
      <symbol id="sm-2b3">
         <name>cyBot_uart_sendBuffer</name>
         <value>0x335f</value>
         <object_component_ref idref="oc-d6"/>
      </symbol>
      <symbol id="sm-2b4">
         <name>cyBot_uart_init_PHJ_first_half</name>
         <value>0x3447</value>
         <object_component_ref idref="oc-d6"/>
      </symbol>
      <symbol id="sm-2b5">
         <name>cyBot_uart_init_last_half</name>
         <value>0x3377</value>
         <object_component_ref idref="oc-d6"/>
      </symbol>
      <symbol id="sm-2b6">
         <name>cyBot_uart_flush</name>
         <value>0x353d</value>
         <object_component_ref idref="oc-d6"/>
      </symbol>
      <symbol id="sm-2b7">
         <name>cyBot_UART1_Handler</name>
         <value>0x3585</value>
         <object_component_ref idref="oc-d6"/>
      </symbol>
      <symbol id="sm-2b8">
         <name>cyBot_uart_init</name>
         <value>0x34a7</value>
         <object_component_ref idref="oc-d6"/>
      </symbol>
      <symbol id="sm-34f">
         <name>pow</name>
         <value>0x18dd</value>
         <object_component_ref idref="oc-f3"/>
      </symbol>
      <symbol id="sm-350">
         <name>powl</name>
         <value>0x18dd</value>
         <object_component_ref idref="oc-f3"/>
      </symbol>
      <symbol id="sm-372">
         <name>sqrtl</name>
         <value>0x42bd</value>
         <object_component_ref idref="oc-109"/>
      </symbol>
      <symbol id="sm-373">
         <name>sqrt</name>
         <value>0x42bd</value>
         <object_component_ref idref="oc-109"/>
      </symbol>
      <symbol id="sm-3c4">
         <name>cosl</name>
         <value>0x29d5</value>
         <object_component_ref idref="oc-fe"/>
      </symbol>
      <symbol id="sm-3c5">
         <name>cos</name>
         <value>0x29d5</value>
         <object_component_ref idref="oc-fe"/>
      </symbol>
      <symbol id="sm-3ec">
         <name>scalbn</name>
         <value>0x48e1</value>
         <object_component_ref idref="oc-1f1"/>
      </symbol>
      <symbol id="sm-3ed">
         <name>scalbnl</name>
         <value>0x48e1</value>
         <object_component_ref idref="oc-1f1"/>
      </symbol>
      <symbol id="sm-3ee">
         <name>ldexpl</name>
         <value>0x48e1</value>
         <object_component_ref idref="oc-1f1"/>
      </symbol>
      <symbol id="sm-3ef">
         <name>ldexp</name>
         <value>0x48e1</value>
         <object_component_ref idref="oc-1f1"/>
      </symbol>
      <symbol id="sm-416">
         <name>sprintf</name>
         <value>0x5711</value>
         <object_component_ref idref="oc-119"/>
      </symbol>
      <symbol id="sm-42e">
         <name>__aeabi_dsub</name>
         <value>0x3e25</value>
         <object_component_ref idref="oc-104"/>
      </symbol>
      <symbol id="sm-42f">
         <name>__aeabi_dadd</name>
         <value>0x3e2f</value>
         <object_component_ref idref="oc-104"/>
      </symbol>
      <symbol id="sm-451">
         <name>__aeabi_cdcmpeq</name>
         <value>0x5155</value>
         <object_component_ref idref="oc-1e7"/>
      </symbol>
      <symbol id="sm-452">
         <name>__aeabi_cdcmple</name>
         <value>0x5155</value>
         <object_component_ref idref="oc-1e7"/>
      </symbol>
      <symbol id="sm-453">
         <name>__aeabi_cdrcmple</name>
         <value>0x51db</value>
         <object_component_ref idref="oc-1ec"/>
      </symbol>
      <symbol id="sm-467">
         <name>__aeabi_ddiv</name>
         <value>0x4551</value>
         <object_component_ref idref="oc-1c6"/>
      </symbol>
      <symbol id="sm-472">
         <name>__aeabi_dmul</name>
         <value>0x4af9</value>
         <object_component_ref idref="oc-f9"/>
      </symbol>
      <symbol id="sm-47c">
         <name>__aeabi_d2iz</name>
         <value>0x5685</value>
         <object_component_ref idref="oc-10f"/>
      </symbol>
      <symbol id="sm-488">
         <name>__aeabi_d2f</name>
         <value>0x53bb</value>
         <object_component_ref idref="oc-1ce"/>
      </symbol>
      <symbol id="sm-493">
         <name>__aeabi_f2d</name>
         <value>0x57c9</value>
         <object_component_ref idref="oc-114"/>
      </symbol>
      <symbol id="sm-49d">
         <name>__aeabi_i2d</name>
         <value>0x5869</value>
         <object_component_ref idref="oc-ee"/>
      </symbol>
      <symbol id="sm-4b8">
         <name>memcpy</name>
         <value>0x5023</value>
         <object_component_ref idref="oc-3e"/>
      </symbol>
      <symbol id="sm-4b9">
         <name>__aeabi_memcpy</name>
         <value>0x5023</value>
         <object_component_ref idref="oc-3e"/>
      </symbol>
      <symbol id="sm-4ba">
         <name>__aeabi_memcpy8</name>
         <value>0x5023</value>
         <object_component_ref idref="oc-3e"/>
      </symbol>
      <symbol id="sm-4bb">
         <name>__aeabi_memcpy4</name>
         <value>0x5023</value>
         <object_component_ref idref="oc-3e"/>
      </symbol>
      <symbol id="sm-4d4">
         <name>__TI_zero_init_nomemset</name>
         <value>0x58c1</value>
         <object_component_ref idref="oc-4a"/>
      </symbol>
      <symbol id="sm-4eb">
         <name>__TI_decompress_none</name>
         <value>0x59c3</value>
         <object_component_ref idref="oc-1b"/>
      </symbol>
      <symbol id="sm-50e">
         <name>__TI_decompress_lzss</name>
         <value>0x5429</value>
         <object_component_ref idref="oc-15"/>
      </symbol>
      <symbol id="sm-5a3">
         <name>_sys_memory</name>
         <value>0x20001270</value>
         <object_component_ref idref="oc-24"/>
      </symbol>
      <symbol id="sm-5a4">
         <name>free</name>
         <value>0x4ced</value>
         <object_component_ref idref="oc-1a4"/>
      </symbol>
      <symbol id="sm-5a5">
         <name>memalign</name>
         <value>0x49f1</value>
         <object_component_ref idref="oc-353"/>
      </symbol>
      <symbol id="sm-5a6">
         <name>calloc</name>
         <value>0x5791</value>
         <object_component_ref idref="oc-19e"/>
      </symbol>
      <symbol id="sm-5a7">
         <name>malloc</name>
         <value>0x59fd</value>
         <object_component_ref idref="oc-27f"/>
      </symbol>
      <symbol id="sm-5a8">
         <name>aligned_alloc</name>
         <value>0x49f1</value>
         <object_component_ref idref="oc-353"/>
      </symbol>
      <symbol id="sm-5b7">
         <name>strcmp</name>
         <value>0x595f</value>
         <object_component_ref idref="oc-1b1"/>
      </symbol>
      <symbol id="sm-5c6">
         <name>strlen</name>
         <value>0x598d</value>
         <object_component_ref idref="oc-e8"/>
      </symbol>
      <symbol id="sm-62c">
         <name>__kernel_rem_pio2</name>
         <value>0x229d</value>
         <object_component_ref idref="oc-206"/>
      </symbol>
      <symbol id="sm-642">
         <name>__aeabi_errno_addr</name>
         <value>0x59f5</value>
         <object_component_ref idref="oc-1de"/>
      </symbol>
      <symbol id="sm-643">
         <name>errno</name>
         <value>0x20002308</value>
         <object_component_ref idref="oc-2b0"/>
      </symbol>
      <symbol id="sm-656">
         <name>__stack</name>
         <value>0x20000270</value>
         <object_component_ref idref="oc-27"/>
      </symbol>
      <symbol id="sm-657">
         <name>_c_int00_noargs</name>
         <value>0x5835</value>
         <object_component_ref idref="oc-5c"/>
      </symbol>
      <symbol id="sm-661">
         <name>copysign</name>
         <value>0x5915</value>
         <object_component_ref idref="oc-2b9"/>
      </symbol>
      <symbol id="sm-662">
         <name>copysignl</name>
         <value>0x5915</value>
         <object_component_ref idref="oc-2b9"/>
      </symbol>
      <symbol id="sm-678">
         <name>__kernel_cos</name>
         <value>0x4151</value>
         <object_component_ref idref="oc-200"/>
      </symbol>
      <symbol id="sm-68f">
         <name>__kernel_sin</name>
         <value>0x3fdd</value>
         <object_component_ref idref="oc-20c"/>
      </symbol>
      <symbol id="sm-6ac">
         <name>floorl</name>
         <value>0x4bf5</value>
         <object_component_ref idref="oc-2cf"/>
      </symbol>
      <symbol id="sm-6ad">
         <name>floor</name>
         <value>0x4bf5</value>
         <object_component_ref idref="oc-2cf"/>
      </symbol>
      <symbol id="sm-812">
         <name>__TI_printfi</name>
         <value>0xe8d</value>
         <object_component_ref idref="oc-219"/>
      </symbol>
      <symbol id="sm-821">
         <name>__aeabi_memset</name>
         <value>0x5263</value>
         <object_component_ref idref="oc-96"/>
      </symbol>
      <symbol id="sm-822">
         <name>memset</name>
         <value>0x5269</value>
         <object_component_ref idref="oc-96"/>
      </symbol>
      <symbol id="sm-823">
         <name>__aeabi_memset8</name>
         <value>0x5263</value>
         <object_component_ref idref="oc-96"/>
      </symbol>
      <symbol id="sm-824">
         <name>__aeabi_memset4</name>
         <value>0x5263</value>
         <object_component_ref idref="oc-96"/>
      </symbol>
      <symbol id="sm-825">
         <name>__aeabi_memclr8</name>
         <value>0x5261</value>
         <object_component_ref idref="oc-96"/>
      </symbol>
      <symbol id="sm-826">
         <name>__aeabi_memclr4</name>
         <value>0x5261</value>
         <object_component_ref idref="oc-96"/>
      </symbol>
      <symbol id="sm-827">
         <name>__aeabi_memclr</name>
         <value>0x5261</value>
         <object_component_ref idref="oc-96"/>
      </symbol>
      <symbol id="sm-834">
         <name>__aeabi_uldivmod</name>
         <value>0x50bf</value>
         <object_component_ref idref="oc-381"/>
      </symbol>
      <symbol id="sm-85c">
         <name>__TI_auto_init_nobinit_nopinit</name>
         <value>0x56cd</value>
         <object_component_ref idref="oc-13a"/>
      </symbol>
      <symbol id="sm-866">
         <name>_system_pre_init</name>
         <value>0x5a05</value>
         <object_component_ref idref="oc-9c"/>
      </symbol>
      <symbol id="sm-872">
         <name>C$$EXIT</name>
         <value>0x5a09</value>
         <object_component_ref idref="oc-12e"/>
      </symbol>
      <symbol id="sm-873">
         <name>abort</name>
         <value>0x5a09</value>
         <object_component_ref idref="oc-12e"/>
      </symbol>
      <symbol id="sm-888">
         <name>_nop</name>
         <value>0x18db</value>
         <object_component_ref idref="oc-325"/>
      </symbol>
      <symbol id="sm-889">
         <name>_lock</name>
         <value>0x200022f4</value>
         <object_component_ref idref="oc-23a"/>
      </symbol>
      <symbol id="sm-88a">
         <name>_unlock</name>
         <value>0x200022f8</value>
         <object_component_ref idref="oc-23a"/>
      </symbol>
      <symbol id="sm-899">
         <name>__TI_ltoa</name>
         <value>0x554b</value>
         <object_component_ref idref="oc-387"/>
      </symbol>
      <symbol id="sm-8b0">
         <name>atoi</name>
         <value>0x55f1</value>
         <object_component_ref idref="oc-2e1"/>
      </symbol>
      <symbol id="sm-8bb">
         <name>_ctypes_</name>
         <value>0x5b68</value>
         <object_component_ref idref="oc-37c"/>
      </symbol>
      <symbol id="sm-8cb">
         <name>memccpy</name>
         <value>0x58f9</value>
         <object_component_ref idref="oc-305"/>
      </symbol>
      <symbol id="sm-8db">
         <name>strchr</name>
         <value>0x5977</value>
         <object_component_ref idref="oc-3ae"/>
      </symbol>
      <symbol id="sm-8f1">
         <name>frexpl</name>
         <value>0x5491</value>
         <object_component_ref idref="oc-3a8"/>
      </symbol>
      <symbol id="sm-8f2">
         <name>frexp</name>
         <value>0x5491</value>
         <object_component_ref idref="oc-3a8"/>
      </symbol>
      <symbol id="sm-90b">
         <name>wcslen</name>
         <value>0x59a1</value>
         <object_component_ref idref="oc-30b"/>
      </symbol>
      <symbol id="sm-915">
         <name>__aeabi_idiv0</name>
         <value>0x3fdb</value>
         <object_component_ref idref="oc-3ee"/>
      </symbol>
      <symbol id="sm-916">
         <name>__aeabi_ldiv0</name>
         <value>0x3fdb</value>
         <object_component_ref idref="oc-3ee"/>
      </symbol>
      <symbol id="sm-93b">
         <name>IntRegister</name>
         <value>0x5801</value>
         <object_component_ref idref="oc-1b7"/>
      </symbol>
      <symbol id="sm-93c">
         <name>g_pfnRAMVectors</name>
         <value>0x20000000</value>
         <object_component_ref idref="oc-295"/>
      </symbol>
      <symbol id="sm-93d">
         <name>IntMasterEnable</name>
         <value>0x59b3</value>
         <object_component_ref idref="oc-1bd"/>
      </symbol>
      <symbol id="sm-947">
         <name>CPUcpsie</name>
         <value>0x59d1</value>
         <object_component_ref idref="oc-29f"/>
      </symbol>
      <symbol id="sm-948">
         <name>__TI_static_base__</name>
         <value>0x0</value>
      </symbol>
      <symbol id="sm-94b">
         <name>__mpu_init</name>
         <value>0x0</value>
      </symbol>
      <symbol id="sm-94c">
         <name>_system_post_cinit</name>
         <value>0x0</value>
      </symbol>
   </symbol_table>
   <title>Link successful</title>
</link_info>
