******************************************************************************
                  TI ARM Linker PC v20.2.1                     
******************************************************************************
>> Linked Thu Nov 19 15:36:06 2020

OUTPUT FILE NAME:   <Lab_2.out>
ENTRY POINT SYMBOL: "_c_int00_noargs"  address: 000063b1


MEMORY CONFIGURATION

         name            origin    length      used     unused   attr    fill
----------------------  --------  ---------  --------  --------  ----  --------
  FLASH                 00000000   00040000  00006a44  000395bc  R  X
  SRAM                  20000000   00008000  00002327  00005cd9  RW X


SEGMENT ALLOCATION MAP

run origin  load origin   length   init length attrs members
----------  ----------- ---------- ----------- ----- -------
00000000    00000000    00006a48   00006a48    r-x
  00000000    00000000    0000026c   0000026c    r-- .intvecs
  0000026c    0000026c    000063a8   000063a8    r-x .text
  00006618    00006618    000003d8   000003d8    r-- .const
  000069f0    000069f0    00000058   00000058    r-- .cinit
20000000    20000000    0000232c   00000000    rw-
  20000000    20000000    0000026c   00000000    rw- .vtable
  20000270    20000270    00001000   00000000    rw- .stack
  20001270    20001270    00001000   00000000    rw- .sysmem
  20002270    20002270    00000077   00000000    rw- .bss
  200022e8    200022e8    00000044   00000000    rw- .data


SECTION ALLOCATION MAP

 output                                  attributes/
section   page    origin      length       input sections
--------  ----  ----------  ----------   ----------------
.intvecs   0    00000000    0000026c     
                  00000000    0000026c     tm4c123gh6pm_startup_ccs.obj (.intvecs)

.text      0    0000026c    000063a8     
                  0000026c    00000c20     open_interface.obj (.text)
                  00000e8c    00000a4e     rtsv7M4_T_le_v4SPD16_eabi.lib : _printfi.c.obj (.text:__TI_printfi)
                  000018da    00000002                                   : _lock.c.obj (.text:_nop)
                  000018dc    000009c0                                   : e_pow.c.obj (.text:pow)
                  0000229c    00000738                                   : k_rem_pio2.c.obj (.text:__kernel_rem_pio2)
                  000029d4    000005dc                                   : s_cos.c.obj (.text:cos)
                  00002fb0    00000498     autoScan.obj (.text)
                  00003448    00000434     l9_main.obj (.text)
                  0000387c    000003b0     movement.obj (.text)
                  00003c2c    000002f0     lcd.obj (.text)
                  00003f1c    00000288     ping (1).obj (.text)
                  000041a4    00000270     rtsv7M4_T_le_v4SPD16_eabi.lib : _printfi.c.obj (.text:_pconv_a)
                  00004414    00000244     timer.obj (.text)
                  00004658    000001d0     rtsv7M4_T_le_v4SPD16_eabi.lib : _printfi.c.obj (.text:_pconv_g)
                  00004828    000001b6                                   : fd_add_t2.asm.obj (.text)
                  000049de    00000002                                   : div0.asm.obj (.text)
                  000049e0    00000178     uart_extra_help.obj (.text)
                  00004b58    00000174     rtsv7M4_T_le_v4SPD16_eabi.lib : k_sin.c.obj (.text:__kernel_sin)
                  00004ccc    0000016c                                   : k_cos.c.obj (.text:__kernel_cos)
                  00004e38    00000158                                   : e_sqrt.c.obj (.text:sqrt)
                  00004f90    0000013c                                   : _printfi.c.obj (.text:_pconv_e)
                  000050cc    00000136                                   : fd_div_t2.asm.obj (.text)
                  00005202    00000002     --HOLE-- [fill = 0]
                  00005204    00000128     adc.obj (.text)
                  0000532c    00000128     servo.obj (.text)
                  00005454    00000124     rtsv7M4_T_le_v4SPD16_eabi.lib : _printfi.c.obj (.text:fcvt)
                  00005578    00000110                                   : s_scalbn.c.obj (.text:scalbn)
                  00005688    00000108                                   : memory.c.obj (.text:aligned_alloc)
                  00005790    000000fc                                   : fd_mul_t2.asm.obj (.text)
                  0000588c    000000f8                                   : s_floor.c.obj (.text:floor)
                  00005984    000000e4                                   : memory.c.obj (.text:free)
                  00005a68    000000b1                                   : _printfi.c.obj (.text:_ltostr)
                  00005b19    00000001     --HOLE-- [fill = 0]
                  00005b1a    0000009c                                   : memcpy_t2.asm.obj (.text)
                  00005bb6    00000096                                   : ull_div_t2.asm.obj (.text)
                  00005c4c    00000086                                   : fd_cmp_t2.asm.obj (.text:__aeabi_cdcmple)
                  00005cd2    00000086                                   : fd_cmp_t2.asm.obj (.text:__aeabi_cdrcmple)
                  00005d58    0000007a                                   : memset_t2.asm.obj (.text)
                  00005dd2    00000002     --HOLE-- [fill = 0]
                  00005dd4    00000070                                   : memory.c.obj (.text:split)
                  00005e44    0000006e                                   : _printfi.c.obj (.text:_mcpy)
                  00005eb2    0000006e                                   : fd_tos_t2.asm.obj (.text)
                  00005f20    00000068                                   : copy_decompress_lzss.c.obj (.text:decompress:lzss:__TI_decompress_lzss)
                  00005f88    00000064                                   : s_frexp.c.obj (.text:frexp)
                  00005fec    00000056                                   : _printfi.c.obj (.text:_pconv_f)
                  00006042    00000054                                   : _ltoa.c.obj (.text:__TI_ltoa)
                  00006096    00000052                                   : _printfi.c.obj (.text:_ecpy)
                  000060e8    0000004c                                   : atoi.c.obj (.text:atoi)
                  00006134    00000048                                   : fd_toi_t2.asm.obj (.text)
                  0000617c    00000048     s3_b_Scan.obj (.text)
                  000061c4    00000044     rtsv7M4_T_le_v4SPD16_eabi.lib : autoinit.c.obj (.text:__TI_auto_init_nobinit_nopinit:__TI_auto_init_nobinit_nopinit)
                  00006208    00000044                                   : fd_tou_t2.asm.obj (.text)
                  0000624c    00000040                                   : sprintf.c.obj (.text:sprintf)
                  0000628c    00000040                                   : vsnprintf.c.obj (.text:vsnprintf)
                  000062cc    0000003e                                   : _printfi.c.obj (.text:_fcpy)
                  0000630a    00000002     --HOLE-- [fill = 0]
                  0000630c    00000038                                   : memory.c.obj (.text:calloc)
                  00006344    00000038                                   : fs_tod_t2.asm.obj (.text)
                  0000637c    00000034     driverlib.lib : interrupt.obj (.text:IntRegister)
                  000063b0    00000034     rtsv7M4_T_le_v4SPD16_eabi.lib : boot_cortex_m.c.obj (.text:_c_int00_noargs:_c_int00_noargs)
                  000063e4    00000030                                   : vsnprintf.c.obj (.text:_outs)
                  00006414    0000002e                                   : i_tofd_t2.asm.obj (.text)
                  00006442    00000002     --HOLE-- [fill = 0]
                  00006444    00000028                                   : memory.c.obj (.text:free_list_insert)
                  0000646c    00000020                                   : u_tofd_t2.asm.obj (.text)
                  0000648c    0000001c                                   : copy_zero_init.c.obj (.text:decompress:ZI:__TI_zero_init_nomemset:__TI_zero_init_nomemset)
                  000064a8    0000001c                                   : memory.c.obj (.text:free_list_remove)
                  000064c4    0000001c                                   : memccpy.c.obj (.text:memccpy)
                  000064e0    0000001a                                   : s_copysign.c.obj (.text:copysign)
                  000064fa    00000018                                   : vsnprintf.c.obj (.text:_outc)
                  00006512    00000018                                   : sprintf.c.obj (.text:_outs)
                  0000652a    00000018     open_interface.obj (.text:oi_parseInt)
                  00006542    00000018     rtsv7M4_T_le_v4SPD16_eabi.lib : strcmp.c.obj (.text:strcmp)
                  0000655a    00000016                                   : strchr.c.obj (.text:strchr)
                  00006570    00000014                                   : strcpy.c.obj (.text:strcpy)
                  00006584    00000014                                   : strlen.c.obj (.text:strlen)
                  00006598    00000012                                   : wcslen.c.obj (.text:wcslen)
                  000065aa    00000010     driverlib.lib : interrupt.obj (.text:IntMasterEnable)
                  000065ba    00000010     lcd.obj (.text:lcd_clear)
                  000065ca    0000000e     rtsv7M4_T_le_v4SPD16_eabi.lib : copy_decompress_none.c.obj (.text:decompress:none:__TI_decompress_none)
                  000065d8    0000000c     driverlib.lib : cpu.obj (.text:CPUcpsie)
                  000065e4    0000000c     tm4c123gh6pm_startup_ccs.obj (.text)
                  000065f0    0000000a     rtsv7M4_T_le_v4SPD16_eabi.lib : sprintf.c.obj (.text:_outc)
                  000065fa    00000002     --HOLE-- [fill = 0]
                  000065fc    00000008                                   : errno.c.obj (.text:__aeabi_errno_addr)
                  00006604    00000008                                   : memory.c.obj (.text:malloc)
                  0000660c    00000004                                   : pre_init.c.obj (.text:_system_pre_init)
                  00006610    00000004                                   : exit.c.obj (.text:abort:abort)

.const     0    00006618    000003d8     
                  00006618    00000158     rtsv7M4_T_le_v4SPD16_eabi.lib : k_rem_pio2.c.obj (.const:$O1$$)
                  00006770    00000101                                   : ctype.c.obj (.const:.string:_ctypes_)
                  00006871    00000045     autoScan.obj (.const:.string:$P$T0$1)
                  000068b6    00000002     --HOLE-- [fill = 0]
                  000068b8    00000030     rtsv7M4_T_le_v4SPD16_eabi.lib : e_pow.c.obj (.const:$O1$$)
                  000068e8    0000002a     l9_main.obj (.const:.string:$P$T6$7)
                  00006912    00000029     l9_main.obj (.const:.string:$P$T7$8)
                  0000693b    00000023     l9_main.obj (.const:.string:$P$T4$5)
                  0000695e    00000022     l9_main.obj (.const:.string:$P$T5$6)
                  00006980    00000019     l9_main.obj (.const:.string:$P$T0$1)
                  00006999    00000016     l9_main.obj (.const:.string:$P$T2$3)
                  000069af    00000016     l9_main.obj (.const:.string:$P$T3$4)
                  000069c5    00000014     l9_main.obj (.const:.string:$P$T1$2)
                  000069d9    0000000f     open_interface.obj (.const:.string:$P$T0$3)
                  000069e8    00000004     lcd.obj (.const:.string:lineAddress$1)
                  000069ec    00000004     lcd.obj (.const:.string:lineAddresses$2)

.cinit     0    000069f0    00000058     
                  000069f0    00000021     (.cinit..data.load) [load image, compression = lzss]
                  00006a11    00000003     --HOLE-- [fill = 0]
                  00006a14    0000000c     (__TI_handler_table)
                  00006a20    00000008     (.cinit..bss.load) [load image, compression = zero_init]
                  00006a28    00000008     (.cinit..vtable.load) [load image, compression = zero_init]
                  00006a30    00000018     (__TI_cinit_table)

.init_array 
*          0    00000000    00000000     UNINITIALIZED

.vtable    0    20000000    0000026c     UNINITIALIZED
                  20000000    0000026c     driverlib.lib : interrupt.obj (.vtable)

.stack     0    20000270    00001000     UNINITIALIZED
                  20000270    00000004     rtsv7M4_T_le_v4SPD16_eabi.lib : boot_cortex_m.c.obj (.stack)
                  20000274    00000ffc     --HOLE--

.sysmem    0    20001270    00001000     UNINITIALIZED
                  20001270    00000010     rtsv7M4_T_le_v4SPD16_eabi.lib : memory.c.obj (.sysmem)
                  20001280    00000ff0     --HOLE--

.bss       0    20002270    00000077     UNINITIALIZED
                  20002270    00000054     lcd.obj (.bss:lastbuffer$3)
                  200022c4    00000018     open_interface.obj (.bss:firmware$2)
                  200022dc    00000004     (.common:_timeout_ticks)
                  200022e0    00000004     (.common:pulsewidth)
                  200022e4    00000001     (.common:flag)
                  200022e5    00000001     (.common:rising_edge)
                  200022e6    00000001     (.common:uart_data)

.data      0    200022e8    00000044     UNINITIALIZED
                  200022e8    00000020     open_interface.obj (.data)
                  20002308    00000008     rtsv7M4_T_le_v4SPD16_eabi.lib : _lock.c.obj (.data:$O1$$)
                  20002310    00000008                                   : memory.c.obj (.data:$O1$$)
                  20002318    00000008     ping (1).obj (.data)
                  20002320    00000005     l9_main.obj (.data)
                  20002325    00000001     servo.obj (.data)
                  20002326    00000001     timer.obj (.data)
                  20002327    00000001     --HOLE--
                  20002328    00000004     rtsv7M4_T_le_v4SPD16_eabi.lib : errno.c.obj (.data)

__llvm_prf_cnts 
*          0    20000000    00000000     UNINITIALIZED

MODULE SUMMARY

       Module                         code    ro data   rw data
       ------                         ----    -------   -------
    .\
       open_interface.obj             3128    15        56     
       l9_main.obj                    1076    241       5      
       autoScan.obj                   1176    69        0      
       movement.obj                   944     0         0      
       lcd.obj                        768     8         84     
       ping (1).obj                   648     0         13     
       tm4c123gh6pm_startup_ccs.obj   12      620       0      
       timer.obj                      580     0         5      
       uart_extra_help.obj            376     0         2      
       servo.obj                      296     0         1      
       adc.obj                        296     0         0      
       s3_b_Scan.obj                  72      0         0      
    +--+------------------------------+-------+---------+---------+
       Total:                         9372    953       166    
                                                               
    C:/ti/TivaWare_C_Series-2.1.4.178/driverlib/ccs/Debug/driverlib.lib
       interrupt.obj                  68      0         620    
       cpu.obj                        12      0         0      
    +--+------------------------------+-------+---------+---------+
       Total:                         80      0         620    
                                                               
    C:\ti\ccs1010\ccs\tools\compiler\ti-cgt-arm_20.2.1.LTS\lib\rtsv7M4_T_le_v4SPD16_eabi.lib
       _printfi.c.obj                 4851    0         0      
       e_pow.c.obj                    2496    48        0      
       k_rem_pio2.c.obj               1848    344       0      
       s_cos.c.obj                    1500    0         0      
       memory.c.obj                   736     0         8      
       fd_add_t2.asm.obj              438     0         0      
       k_sin.c.obj                    372     0         0      
       k_cos.c.obj                    364     0         0      
       e_sqrt.c.obj                   344     0         0      
       fd_div_t2.asm.obj              310     0         0      
       s_scalbn.c.obj                 272     0         0      
       fd_cmp_t2.asm.obj              268     0         0      
       ctype.c.obj                    0       257       0      
       fd_mul_t2.asm.obj              252     0         0      
       s_floor.c.obj                  248     0         0      
       memcpy_t2.asm.obj              156     0         0      
       ull_div_t2.asm.obj             150     0         0      
       vsnprintf.c.obj                136     0         0      
       memset_t2.asm.obj              122     0         0      
       fd_tos_t2.asm.obj              110     0         0      
       copy_decompress_lzss.c.obj     104     0         0      
       s_frexp.c.obj                  100     0         0      
       sprintf.c.obj                  98      0         0      
       _ltoa.c.obj                    84      0         0      
       atoi.c.obj                     76      0         0      
       fd_toi_t2.asm.obj              72      0         0      
       autoinit.c.obj                 68      0         0      
       fd_tou_t2.asm.obj              68      0         0      
       fs_tod_t2.asm.obj              56      0         0      
       boot_cortex_m.c.obj            52      0         0      
       i_tofd_t2.asm.obj              46      0         0      
       u_tofd_t2.asm.obj              32      0         0      
       copy_zero_init.c.obj           28      0         0      
       memccpy.c.obj                  28      0         0      
       s_copysign.c.obj               26      0         0      
       strcmp.c.obj                   24      0         0      
       strchr.c.obj                   22      0         0      
       strcpy.c.obj                   20      0         0      
       strlen.c.obj                   20      0         0      
       wcslen.c.obj                   18      0         0      
       copy_decompress_none.c.obj     14      0         0      
       errno.c.obj                    8       0         4      
       _lock.c.obj                    2       0         8      
       exit.c.obj                     4       0         0      
       pre_init.c.obj                 4       0         0      
       div0.asm.obj                   2       0         0      
    +--+------------------------------+-------+---------+---------+
       Total:                         16049   649       20     
                                                               
       Heap:                          0       0         4096   
       Stack:                         0       0         4096   
       Linker Generated:              0       85        0      
    +--+------------------------------+-------+---------+---------+
       Grand Total:                   25501   1687      8998   


LINKER GENERATED COPY TABLES

__TI_cinit_table @ 00006a30 records: 3, size/record: 8, table size: 24
	.data: load addr=000069f0, load size=00000021 bytes, run addr=200022e8, run size=00000044 bytes, compression=lzss
	.bss: load addr=00006a20, load size=00000008 bytes, run addr=20002270, run size=00000077 bytes, compression=zero_init
	.vtable: load addr=00006a28, load size=00000008 bytes, run addr=20000000, run size=0000026c bytes, compression=zero_init


LINKER GENERATED HANDLER TABLE

__TI_handler_table @ 00006a14 records: 3, size/record: 4, table size: 12
	index: 0, handler: __TI_zero_init
	index: 1, handler: __TI_decompress_lzss
	index: 2, handler: __TI_decompress_none


GLOBAL SYMBOLS: SORTED ALPHABETICALLY BY Name 

address   name                          
-------   ----                          
00006611  C$$EXIT                       
000065d9  CPUcpsie                      
00000bc3  GPIOF_Handler                 
000065ab  IntMasterEnable               
0000637d  IntRegister                   
000065e5  ResetISR                      
20001270  __STACK_END                   
00001000  __STACK_SIZE                  
20000470  __STACK_TOP                   
00001000  __SYSMEM_SIZE                 
00006a30  __TI_CINIT_Base               
00006a48  __TI_CINIT_Limit              
00006a14  __TI_Handler_Table_Base       
00006a20  __TI_Handler_Table_Limit      
000061c5  __TI_auto_init_nobinit_nopinit
00005f21  __TI_decompress_lzss          
000065cb  __TI_decompress_none          
00006043  __TI_ltoa                     
ffffffff  __TI_pprof_out_hndl           
00000e8d  __TI_printfi                  
ffffffff  __TI_prof_data_size           
ffffffff  __TI_prof_data_start          
00000000  __TI_static_base__            
0000648d  __TI_zero_init_nomemset       
00005c4d  __aeabi_cdcmpeq               
00005c4d  __aeabi_cdcmple               
00005cd3  __aeabi_cdrcmple              
00005eb3  __aeabi_d2f                   
00006135  __aeabi_d2iz                  
00006209  __aeabi_d2uiz                 
00004833  __aeabi_dadd                  
000050cd  __aeabi_ddiv                  
00005791  __aeabi_dmul                  
00004829  __aeabi_dsub                  
000065fd  __aeabi_errno_addr            
00006345  __aeabi_f2d                   
00006415  __aeabi_i2d                   
000049df  __aeabi_idiv0                 
000049df  __aeabi_ldiv0                 
00005d59  __aeabi_memclr                
00005d59  __aeabi_memclr4               
00005d59  __aeabi_memclr8               
00005b1b  __aeabi_memcpy                
00005b1b  __aeabi_memcpy4               
00005b1b  __aeabi_memcpy8               
00005d5b  __aeabi_memset                
00005d5b  __aeabi_memset4               
00005d5b  __aeabi_memset8               
0000646d  __aeabi_ui2d                  
00005bb7  __aeabi_uldivmod              
ffffffff  __binit__                     
ffffffff  __c_args__                    
00004ccd  __kernel_cos                  
0000229d  __kernel_rem_pio2             
00004b59  __kernel_sin                  
UNDEFED   __mpu_init                    
20000270  __stack                       
20000000  __start___llvm_prf_cnts       
20000000  __stop___llvm_prf_cnts        
000063b1  _c_int00_noargs               
00006770  _ctypes_                      
20002308  _lock                         
000018db  _nop                          
20002326  _running                      
20001270  _sys_memory                   
UNDEFED   _system_post_cinit            
0000660d  _system_pre_init              
200022dc  _timeout_ticks                
2000230c  _unlock                       
00006611  abort                         
00005205  adc_init                      
00005289  adc_read                      
00005689  aligned_alloc                 
000060e9  atoi                          
ffffffff  binit                         
0000630d  calloc                        
20002320  cliffVal                      
000064e1  copysign                      
000064e1  copysignl                     
000029d5  cos                           
000029d5  cosl                          
20002328  errno                         
200022e4  flag                          
0000588d  floor                         
0000588d  floorl                        
00005985  free                          
00005f89  frexp                         
00005f89  frexpl                        
20000000  g_pfnRAMVectors               
00000000  g_pfnVectors                  
0000097f  go_charge                     
20002324  input                         
000065bb  lcd_clear                     
00003dc9  lcd_gotoLine                  
00003c2d  lcd_init                      
00003e2f  lcd_printf                    
00003cf1  lcd_putc                      
00003d29  lcd_puts                      
00003d47  lcd_sendCommand               
00003d85  lcd_sendNibble                
00003df1  lcd_setCursorPos              
00005579  ldexp                         
00005579  ldexpl                        
00003449  main                          
00006605  malloc                        
00005689  memalign                      
000064c5  memccpy                       
00005b1b  memcpy                        
00005d61  memset                        
200022e8  motor_cal_factor_L            
200022ec  motor_cal_factor_R            
00003bdb  move_backward                 
0000387d  move_forward                  
00003a5f  move_forward_cliff            
00003963  move_forward_collision        
0000026d  oi_alloc                      
00000aa9  oi_checkFirmware              
000002c7  oi_close                      
00000279  oi_free                       
00000ded  oi_getMotorCalibrationLeft    
00000e01  oi_getMotorCalibrationRight   
000002b1  oi_init                       
00000289  oi_init_noupdate              
00000915  oi_loadSong                   
0000652b  oi_parseInt                   
0000032b  oi_parsePacket                
0000096b  oi_play_song                  
0000084b  oi_setLeds                    
00000db1  oi_setMotorCalibration        
0000088f  oi_setWheels                  
00000b51  oi_shutoff_init               
0000098d  oi_uartInit                   
00000a31  oi_uartReceive                
00000a77  oi_uartSendBuff               
00000a15  oi_uartSendChar               
00000a59  oi_uartSendStr                
000002d9  oi_update                     
000040c7  ping_captureHandler           
00003f1d  ping_init                     
00003fd9  ping_pulse                    
00004053  ping_read                     
000018dd  pow                           
000018dd  powl                          
200022e0  pulsewidth                    
200022e5  rising_edge                   
00006191  s3_b_Scan                     
0000617d  s3_b_init                     
00005579  scalbn                        
00005579  scalbnl                       
00002fc1  scan                          
00002fb1  scaninit                      
0000532d  servo_init                    
000053c9  servo_move                    
0000624d  sprintf                       
00004e39  sqrt                          
00004e39  sqrtl                         
0000655b  strchr                        
00006543  strcmp                        
00006571  strcpy                        
00006585  strlen                        
00004535  timer_getMicros               
000044db  timer_getMillis               
00004415  timer_init                    
000044b7  timer_pause                   
000044c9  timer_resume                  
0000448d  timer_stop                    
00004589  timer_waitMicros              
000045bb  timer_waitMillis              
00003913  turn_left                     
000038c9  turn_right                    
200022e6  uart_data                     
000049e1  uart_init                     
00004ad9  uart_interrupt_handler        
00004ab9  uart_interrupt_init           
00004a6d  uart_receive                  
00004a51  uart_sendChar                 
00004a93  uart_sendStr                  
0000628d  vsnprintf                     
00006599  wcslen                        


GLOBAL SYMBOLS: SORTED BY Symbol Address 

address   name                          
-------   ----                          
00000000  __TI_static_base__            
00000000  g_pfnVectors                  
0000026d  oi_alloc                      
00000279  oi_free                       
00000289  oi_init_noupdate              
000002b1  oi_init                       
000002c7  oi_close                      
000002d9  oi_update                     
0000032b  oi_parsePacket                
0000084b  oi_setLeds                    
0000088f  oi_setWheels                  
00000915  oi_loadSong                   
0000096b  oi_play_song                  
0000097f  go_charge                     
0000098d  oi_uartInit                   
00000a15  oi_uartSendChar               
00000a31  oi_uartReceive                
00000a59  oi_uartSendStr                
00000a77  oi_uartSendBuff               
00000aa9  oi_checkFirmware              
00000b51  oi_shutoff_init               
00000bc3  GPIOF_Handler                 
00000db1  oi_setMotorCalibration        
00000ded  oi_getMotorCalibrationLeft    
00000e01  oi_getMotorCalibrationRight   
00000e8d  __TI_printfi                  
00001000  __STACK_SIZE                  
00001000  __SYSMEM_SIZE                 
000018db  _nop                          
000018dd  pow                           
000018dd  powl                          
0000229d  __kernel_rem_pio2             
000029d5  cos                           
000029d5  cosl                          
00002fb1  scaninit                      
00002fc1  scan                          
00003449  main                          
0000387d  move_forward                  
000038c9  turn_right                    
00003913  turn_left                     
00003963  move_forward_collision        
00003a5f  move_forward_cliff            
00003bdb  move_backward                 
00003c2d  lcd_init                      
00003cf1  lcd_putc                      
00003d29  lcd_puts                      
00003d47  lcd_sendCommand               
00003d85  lcd_sendNibble                
00003dc9  lcd_gotoLine                  
00003df1  lcd_setCursorPos              
00003e2f  lcd_printf                    
00003f1d  ping_init                     
00003fd9  ping_pulse                    
00004053  ping_read                     
000040c7  ping_captureHandler           
00004415  timer_init                    
0000448d  timer_stop                    
000044b7  timer_pause                   
000044c9  timer_resume                  
000044db  timer_getMillis               
00004535  timer_getMicros               
00004589  timer_waitMicros              
000045bb  timer_waitMillis              
00004829  __aeabi_dsub                  
00004833  __aeabi_dadd                  
000049df  __aeabi_idiv0                 
000049df  __aeabi_ldiv0                 
000049e1  uart_init                     
00004a51  uart_sendChar                 
00004a6d  uart_receive                  
00004a93  uart_sendStr                  
00004ab9  uart_interrupt_init           
00004ad9  uart_interrupt_handler        
00004b59  __kernel_sin                  
00004ccd  __kernel_cos                  
00004e39  sqrt                          
00004e39  sqrtl                         
000050cd  __aeabi_ddiv                  
00005205  adc_init                      
00005289  adc_read                      
0000532d  servo_init                    
000053c9  servo_move                    
00005579  ldexp                         
00005579  ldexpl                        
00005579  scalbn                        
00005579  scalbnl                       
00005689  aligned_alloc                 
00005689  memalign                      
00005791  __aeabi_dmul                  
0000588d  floor                         
0000588d  floorl                        
00005985  free                          
00005b1b  __aeabi_memcpy                
00005b1b  __aeabi_memcpy4               
00005b1b  __aeabi_memcpy8               
00005b1b  memcpy                        
00005bb7  __aeabi_uldivmod              
00005c4d  __aeabi_cdcmpeq               
00005c4d  __aeabi_cdcmple               
00005cd3  __aeabi_cdrcmple              
00005d59  __aeabi_memclr                
00005d59  __aeabi_memclr4               
00005d59  __aeabi_memclr8               
00005d5b  __aeabi_memset                
00005d5b  __aeabi_memset4               
00005d5b  __aeabi_memset8               
00005d61  memset                        
00005eb3  __aeabi_d2f                   
00005f21  __TI_decompress_lzss          
00005f89  frexp                         
00005f89  frexpl                        
00006043  __TI_ltoa                     
000060e9  atoi                          
00006135  __aeabi_d2iz                  
0000617d  s3_b_init                     
00006191  s3_b_Scan                     
000061c5  __TI_auto_init_nobinit_nopinit
00006209  __aeabi_d2uiz                 
0000624d  sprintf                       
0000628d  vsnprintf                     
0000630d  calloc                        
00006345  __aeabi_f2d                   
0000637d  IntRegister                   
000063b1  _c_int00_noargs               
00006415  __aeabi_i2d                   
0000646d  __aeabi_ui2d                  
0000648d  __TI_zero_init_nomemset       
000064c5  memccpy                       
000064e1  copysign                      
000064e1  copysignl                     
0000652b  oi_parseInt                   
00006543  strcmp                        
0000655b  strchr                        
00006571  strcpy                        
00006585  strlen                        
00006599  wcslen                        
000065ab  IntMasterEnable               
000065bb  lcd_clear                     
000065cb  __TI_decompress_none          
000065d9  CPUcpsie                      
000065e5  ResetISR                      
000065fd  __aeabi_errno_addr            
00006605  malloc                        
0000660d  _system_pre_init              
00006611  C$$EXIT                       
00006611  abort                         
00006770  _ctypes_                      
00006a14  __TI_Handler_Table_Base       
00006a20  __TI_Handler_Table_Limit      
00006a30  __TI_CINIT_Base               
00006a48  __TI_CINIT_Limit              
20000000  __start___llvm_prf_cnts       
20000000  __stop___llvm_prf_cnts        
20000000  g_pfnRAMVectors               
20000270  __stack                       
20000470  __STACK_TOP                   
20001270  __STACK_END                   
20001270  _sys_memory                   
200022dc  _timeout_ticks                
200022e0  pulsewidth                    
200022e4  flag                          
200022e5  rising_edge                   
200022e6  uart_data                     
200022e8  motor_cal_factor_L            
200022ec  motor_cal_factor_R            
20002308  _lock                         
2000230c  _unlock                       
20002320  cliffVal                      
20002324  input                         
20002326  _running                      
20002328  errno                         
ffffffff  __TI_pprof_out_hndl           
ffffffff  __TI_prof_data_size           
ffffffff  __TI_prof_data_start          
ffffffff  __binit__                     
ffffffff  __c_args__                    
ffffffff  binit                         
UNDEFED   __mpu_init                    
UNDEFED   _system_post_cinit            

[179 symbols]
