******************************************************************************
                  TI ARM Linker PC v20.2.1                     
******************************************************************************
>> Linked Sat Oct  3 12:38:36 2020

OUTPUT FILE NAME:   <Lab_2.out>
ENTRY POINT SYMBOL: "_c_int00_noargs"  address: 00001c81


MEMORY CONFIGURATION

         name            origin    length      used     unused   attr    fill
----------------------  --------  ---------  --------  --------  ----  --------
  FLASH                 00000000   00040000  00001e19  0003e1e7  R  X
  SRAM                  20000000   00008000  000022b9  00005d47  RW X


SEGMENT ALLOCATION MAP

run origin  load origin   length   init length attrs members
----------  ----------- ---------- ----------- ----- -------
00000000    00000000    00001e20   00001e20    r-x
  00000000    00000000    0000026c   0000026c    r-- .intvecs
  0000026c    0000026c    00001b4e   00001b4e    r-x .text
  00001dba    00001dba    0000000f   0000000f    r-- .const
  00001dd0    00001dd0    00000050   00000050    r-- .cinit
20000000    20000000    000022c0   00000000    rw-
  20000000    20000000    0000026c   00000000    rw- .vtable
  20000270    20000270    00001000   00000000    rw- .stack
  20001270    20001270    00001000   00000000    rw- .sysmem
  20002270    20002270    00000031   00000000    rw- .data
  200022a4    200022a4    0000001c   00000000    rw- .bss


SECTION ALLOCATION MAP

 output                                  attributes/
section   page    origin      length       input sections
--------  ----  ----------  ----------   ----------------
.intvecs   0    00000000    0000026c     
                  00000000    0000026c     tm4c123gh6pm_startup_ccs.obj (.intvecs)

.text      0    0000026c    00001b4e     
                  0000026c    00000c20     open_interface.obj (.text)
                  00000e8c    00000248     Timer.obj (.text)
                  000010d4    000001b6     rtsv7M4_T_le_v4SPD16_eabi.lib : fd_add_t2.asm.obj (.text)
                  0000128a    00000136                                   : fd_div_t2.asm.obj (.text)
                  000013c0    00000134     movement.obj (.text)
                  000014f4    00000114     main.obj (.text)
                  00001608    00000108     rtsv7M4_T_le_v4SPD16_eabi.lib : memory.c.obj (.text:aligned_alloc)
                  00001710    000000fc                                   : fd_mul_t2.asm.obj (.text)
                  0000180c    000000e4                                   : memory.c.obj (.text:free)
                  000018f0    0000009c                                   : memcpy_t2.asm.obj (.text)
                  0000198c    0000007a                                   : memset_t2.asm.obj (.text)
                  00001a06    00000002                                   : _lock.c.obj (.text:_nop)
                  00001a08    00000070                                   : memory.c.obj (.text:split)
                  00001a78    0000006e                                   : fd_tos_t2.asm.obj (.text)
                  00001ae6    00000068                                   : copy_decompress_lzss.c.obj (.text:decompress:lzss:__TI_decompress_lzss)
                  00001b4e    00000048                                   : fd_toi_t2.asm.obj (.text)
                  00001b96    00000002     --HOLE-- [fill = 0]
                  00001b98    00000044                                   : autoinit.c.obj (.text:__TI_auto_init_nobinit_nopinit:__TI_auto_init_nobinit_nopinit)
                  00001bdc    00000038                                   : memory.c.obj (.text:calloc)
                  00001c14    00000038                                   : fs_tod_t2.asm.obj (.text)
                  00001c4c    00000034     driverlib.lib : interrupt.obj (.text:IntRegister)
                  00001c80    00000034     rtsv7M4_T_le_v4SPD16_eabi.lib : boot_cortex_m.c.obj (.text:_c_int00_noargs:_c_int00_noargs)
                  00001cb4    0000002e                                   : i_tofd_t2.asm.obj (.text)
                  00001ce2    00000002     --HOLE-- [fill = 0]
                  00001ce4    00000028                                   : memory.c.obj (.text:free_list_insert)
                  00001d0c    0000001c                                   : copy_zero_init.c.obj (.text:decompress:ZI:__TI_zero_init_nomemset:__TI_zero_init_nomemset)
                  00001d28    0000001c                                   : memory.c.obj (.text:free_list_remove)
                  00001d44    00000018     open_interface.obj (.text:oi_parseInt)
                  00001d5c    00000018     rtsv7M4_T_le_v4SPD16_eabi.lib : strcmp.c.obj (.text:strcmp)
                  00001d74    00000010     driverlib.lib : interrupt.obj (.text:IntMasterEnable)
                  00001d84    0000000e     rtsv7M4_T_le_v4SPD16_eabi.lib : copy_decompress_none.c.obj (.text:decompress:none:__TI_decompress_none)
                  00001d92    0000000c     driverlib.lib : cpu.obj (.text:CPUcpsie)
                  00001d9e    0000000c     tm4c123gh6pm_startup_ccs.obj (.text)
                  00001daa    00000008     rtsv7M4_T_le_v4SPD16_eabi.lib : memory.c.obj (.text:malloc)
                  00001db2    00000004                                   : pre_init.c.obj (.text:_system_pre_init)
                  00001db6    00000004                                   : exit.c.obj (.text:abort:abort)

.const     0    00001dba    0000000f     
                  00001dba    0000000f     open_interface.obj (.const:.string:$P$T0$3)

.cinit     0    00001dd0    00000050     
                  00001dd0    00000018     (.cinit..data.load) [load image, compression = lzss]
                  00001de8    0000000c     (__TI_handler_table)
                  00001df4    00000004     --HOLE-- [fill = 0]
                  00001df8    00000008     (.cinit..bss.load) [load image, compression = zero_init]
                  00001e00    00000008     (.cinit..vtable.load) [load image, compression = zero_init]
                  00001e08    00000018     (__TI_cinit_table)

.init_array 
*          0    00000000    00000000     UNINITIALIZED

.vtable    0    20000000    0000026c     UNINITIALIZED
                  20000000    0000026c     driverlib.lib : interrupt.obj (.vtable)

.stack     0    20000270    00001000     UNINITIALIZED
                  20000270    00000004     rtsv7M4_T_le_v4SPD16_eabi.lib : boot_cortex_m.c.obj (.stack)
                  20000274    00000ffc     --HOLE--

.sysmem    0    20001270    00001000     UNINITIALIZED
                  20001270    00000010     rtsv7M4_T_le_v4SPD16_eabi.lib : memory.c.obj (.sysmem)
                  20001280    00000ff0     --HOLE--

.data      0    20002270    00000031     UNINITIALIZED
                  20002270    00000020     open_interface.obj (.data)
                  20002290    00000008     rtsv7M4_T_le_v4SPD16_eabi.lib : _lock.c.obj (.data:$O1$$)
                  20002298    00000008                                   : memory.c.obj (.data:$O1$$)
                  200022a0    00000001     Timer.obj (.data)

.bss       0    200022a4    0000001c     UNINITIALIZED
                  200022a4    00000018     open_interface.obj (.bss:firmware$2)
                  200022bc    00000004     (.common:_timeout_ticks)

__llvm_prf_cnts 
*          0    20000000    00000000     UNINITIALIZED

MODULE SUMMARY

       Module                         code   ro data   rw data
       ------                         ----   -------   -------
    .\
       open_interface.obj             3128   15        56     
       tm4c123gh6pm_startup_ccs.obj   12     620       0      
       Timer.obj                      584    0         5      
       movement.obj                   308    0         0      
       main.obj                       276    0         0      
    +--+------------------------------+------+---------+---------+
       Total:                         4308   635       61     
                                                              
    C:/ti/TivaWare_C_Series-2.1.4.178/driverlib/ccs/Debug/driverlib.lib
       interrupt.obj                  68     0         620    
       cpu.obj                        12     0         0      
    +--+------------------------------+------+---------+---------+
       Total:                         80     0         620    
                                                              
    C:\ti\ccs1010\ccs\tools\compiler\ti-cgt-arm_20.2.1.LTS\lib\rtsv7M4_T_le_v4SPD16_eabi.lib
       memory.c.obj                   736    0         8      
       fd_add_t2.asm.obj              438    0         0      
       fd_div_t2.asm.obj              310    0         0      
       fd_mul_t2.asm.obj              252    0         0      
       memcpy_t2.asm.obj              156    0         0      
       memset_t2.asm.obj              122    0         0      
       fd_tos_t2.asm.obj              110    0         0      
       copy_decompress_lzss.c.obj     104    0         0      
       fd_toi_t2.asm.obj              72     0         0      
       autoinit.c.obj                 68     0         0      
       fs_tod_t2.asm.obj              56     0         0      
       boot_cortex_m.c.obj            52     0         0      
       i_tofd_t2.asm.obj              46     0         0      
       copy_zero_init.c.obj           28     0         0      
       strcmp.c.obj                   24     0         0      
       copy_decompress_none.c.obj     14     0         0      
       _lock.c.obj                    2      0         8      
       exit.c.obj                     4      0         0      
       pre_init.c.obj                 4      0         0      
    +--+------------------------------+------+---------+---------+
       Total:                         2598   0         16     
                                                              
       Heap:                          0      0         4096   
       Stack:                         0      0         4096   
       Linker Generated:              0      76        0      
    +--+------------------------------+------+---------+---------+
       Grand Total:                   6986   711       8889   


LINKER GENERATED COPY TABLES

__TI_cinit_table @ 00001e08 records: 3, size/record: 8, table size: 24
	.data: load addr=00001dd0, load size=00000018 bytes, run addr=20002270, run size=00000031 bytes, compression=lzss
	.bss: load addr=00001df8, load size=00000008 bytes, run addr=200022a4, run size=0000001c bytes, compression=zero_init
	.vtable: load addr=00001e00, load size=00000008 bytes, run addr=20000000, run size=0000026c bytes, compression=zero_init


LINKER GENERATED HANDLER TABLE

__TI_handler_table @ 00001de8 records: 3, size/record: 4, table size: 12
	index: 0, handler: __TI_zero_init
	index: 1, handler: __TI_decompress_lzss
	index: 2, handler: __TI_decompress_none


GLOBAL SYMBOLS: SORTED ALPHABETICALLY BY Name 

address   name                          
-------   ----                          
00001db7  C$$EXIT                       
00001d93  CPUcpsie                      
00000bc3  GPIOF_Handler                 
00001d75  IntMasterEnable               
00001c4d  IntRegister                   
00001d9f  ResetISR                      
20001270  __STACK_END                   
00001000  __STACK_SIZE                  
20000470  __STACK_TOP                   
00001000  __SYSMEM_SIZE                 
00001e08  __TI_CINIT_Base               
00001e20  __TI_CINIT_Limit              
00001de8  __TI_Handler_Table_Base       
00001df4  __TI_Handler_Table_Limit      
00001b99  __TI_auto_init_nobinit_nopinit
00001ae7  __TI_decompress_lzss          
00001d85  __TI_decompress_none          
ffffffff  __TI_pprof_out_hndl           
ffffffff  __TI_prof_data_size           
ffffffff  __TI_prof_data_start          
00000000  __TI_static_base__            
00001d0d  __TI_zero_init_nomemset       
00001a79  __aeabi_d2f                   
00001b4f  __aeabi_d2iz                  
000010df  __aeabi_dadd                  
0000128b  __aeabi_ddiv                  
00001711  __aeabi_dmul                  
000010d5  __aeabi_dsub                  
00001c15  __aeabi_f2d                   
00001cb5  __aeabi_i2d                   
0000198d  __aeabi_memclr                
0000198d  __aeabi_memclr4               
0000198d  __aeabi_memclr8               
000018f1  __aeabi_memcpy                
000018f1  __aeabi_memcpy4               
000018f1  __aeabi_memcpy8               
0000198f  __aeabi_memset                
0000198f  __aeabi_memset4               
0000198f  __aeabi_memset8               
ffffffff  __binit__                     
ffffffff  __c_args__                    
UNDEFED   __mpu_init                    
20000270  __stack                       
20000000  __start___llvm_prf_cnts       
20000000  __stop___llvm_prf_cnts        
00001c81  _c_int00_noargs               
20002290  _lock                         
00001a07  _nop                          
200022a0  _running                      
20001270  _sys_memory                   
UNDEFED   _system_post_cinit            
00001db3  _system_pre_init              
200022bc  _timeout_ticks                
20002294  _unlock                       
00001db7  abort                         
00001609  aligned_alloc                 
ffffffff  binit                         
00001bdd  calloc                        
0000180d  free                          
20000000  g_pfnRAMVectors               
00000000  g_pfnVectors                  
0000097f  go_charge                     
000014f5  main                          
00001dab  malloc                        
00001609  memalign                      
000018f1  memcpy                        
00001995  memset                        
20002270  motor_cal_factor_L            
20002274  motor_cal_factor_R            
0000140d  move_backward                 
000013c1  move_forward                  
0000026d  oi_alloc                      
00000aa9  oi_checkFirmware              
000002c7  oi_close                      
00000279  oi_free                       
00000ded  oi_getMotorCalibrationLeft    
00000e01  oi_getMotorCalibrationRight   
000002b1  oi_init                       
00000289  oi_init_noupdate              
00000915  oi_loadSong                   
00001d45  oi_parseInt                   
0000032b  oi_parsePacket                
0000096b  oi_play_song                  
0000084b  oi_setLeds                    
00000db1  oi_setMotorCalibration        
0000088f  oi_setWheels                  
00000b51  oi_shutoff_init               
0000098d  oi_uartInit                   
00000a31  oi_uartReceive                
00000a77  oi_uartSendBuff               
00000a15  oi_uartSendChar               
00000a59  oi_uartSendStr                
000002d9  oi_update                     
00001d5d  strcmp                        
00000fab  timer_getMicros               
00000f53  timer_getMillis               
00000e8d  timer_init                    
00000f2f  timer_pause                   
00000f41  timer_resume                  
00000f05  timer_stop                    
00001005  timer_waitMicros              
00001037  timer_waitMillis              
00001457  turn_left                     
000014a7  turn_right                    


GLOBAL SYMBOLS: SORTED BY Symbol Address 

address   name                          
-------   ----                          
00000000  __TI_static_base__            
00000000  g_pfnVectors                  
0000026d  oi_alloc                      
00000279  oi_free                       
00000289  oi_init_noupdate              
000002b1  oi_init                       
000002c7  oi_close                      
000002d9  oi_update                     
0000032b  oi_parsePacket                
0000084b  oi_setLeds                    
0000088f  oi_setWheels                  
00000915  oi_loadSong                   
0000096b  oi_play_song                  
0000097f  go_charge                     
0000098d  oi_uartInit                   
00000a15  oi_uartSendChar               
00000a31  oi_uartReceive                
00000a59  oi_uartSendStr                
00000a77  oi_uartSendBuff               
00000aa9  oi_checkFirmware              
00000b51  oi_shutoff_init               
00000bc3  GPIOF_Handler                 
00000db1  oi_setMotorCalibration        
00000ded  oi_getMotorCalibrationLeft    
00000e01  oi_getMotorCalibrationRight   
00000e8d  timer_init                    
00000f05  timer_stop                    
00000f2f  timer_pause                   
00000f41  timer_resume                  
00000f53  timer_getMillis               
00000fab  timer_getMicros               
00001000  __STACK_SIZE                  
00001000  __SYSMEM_SIZE                 
00001005  timer_waitMicros              
00001037  timer_waitMillis              
000010d5  __aeabi_dsub                  
000010df  __aeabi_dadd                  
0000128b  __aeabi_ddiv                  
000013c1  move_forward                  
0000140d  move_backward                 
00001457  turn_left                     
000014a7  turn_right                    
000014f5  main                          
00001609  aligned_alloc                 
00001609  memalign                      
00001711  __aeabi_dmul                  
0000180d  free                          
000018f1  __aeabi_memcpy                
000018f1  __aeabi_memcpy4               
000018f1  __aeabi_memcpy8               
000018f1  memcpy                        
0000198d  __aeabi_memclr                
0000198d  __aeabi_memclr4               
0000198d  __aeabi_memclr8               
0000198f  __aeabi_memset                
0000198f  __aeabi_memset4               
0000198f  __aeabi_memset8               
00001995  memset                        
00001a07  _nop                          
00001a79  __aeabi_d2f                   
00001ae7  __TI_decompress_lzss          
00001b4f  __aeabi_d2iz                  
00001b99  __TI_auto_init_nobinit_nopinit
00001bdd  calloc                        
00001c15  __aeabi_f2d                   
00001c4d  IntRegister                   
00001c81  _c_int00_noargs               
00001cb5  __aeabi_i2d                   
00001d0d  __TI_zero_init_nomemset       
00001d45  oi_parseInt                   
00001d5d  strcmp                        
00001d75  IntMasterEnable               
00001d85  __TI_decompress_none          
00001d93  CPUcpsie                      
00001d9f  ResetISR                      
00001dab  malloc                        
00001db3  _system_pre_init              
00001db7  C$$EXIT                       
00001db7  abort                         
00001de8  __TI_Handler_Table_Base       
00001df4  __TI_Handler_Table_Limit      
00001e08  __TI_CINIT_Base               
00001e20  __TI_CINIT_Limit              
20000000  __start___llvm_prf_cnts       
20000000  __stop___llvm_prf_cnts        
20000000  g_pfnRAMVectors               
20000270  __stack                       
20000470  __STACK_TOP                   
20001270  __STACK_END                   
20001270  _sys_memory                   
20002270  motor_cal_factor_L            
20002274  motor_cal_factor_R            
20002290  _lock                         
20002294  _unlock                       
200022a0  _running                      
200022bc  _timeout_ticks                
ffffffff  __TI_pprof_out_hndl           
ffffffff  __TI_prof_data_size           
ffffffff  __TI_prof_data_start          
ffffffff  __binit__                     
ffffffff  __c_args__                    
ffffffff  binit                         
UNDEFED   __mpu_init                    
UNDEFED   _system_post_cinit            

[104 symbols]
